Archive member included to satisfy reference by file (symbol)

c:/program files (x86)/atmel/studio/7.0/toolchain/arm/arm-gnu-toolchain/bin/../lib/gcc/arm-none-eabi/6.3.1/../../../../arm-none-eabi/lib/thumb/v7e-m\libc_nano.a(lib_a-exit.o)
                              c:/program files (x86)/atmel/studio/7.0/toolchain/arm/arm-gnu-toolchain/bin/../lib/gcc/arm-none-eabi/6.3.1/../../../../arm-none-eabi/lib/thumb/v7e-m/crt0.o (exit)
c:/program files (x86)/atmel/studio/7.0/toolchain/arm/arm-gnu-toolchain/bin/../lib/gcc/arm-none-eabi/6.3.1/../../../../arm-none-eabi/lib/thumb/v7e-m\libc_nano.a(lib_a-impure.o)
                              c:/program files (x86)/atmel/studio/7.0/toolchain/arm/arm-gnu-toolchain/bin/../lib/gcc/arm-none-eabi/6.3.1/../../../../arm-none-eabi/lib/thumb/v7e-m\libc_nano.a(lib_a-exit.o) (_global_impure_ptr)
c:/program files (x86)/atmel/studio/7.0/toolchain/arm/arm-gnu-toolchain/bin/../lib/gcc/arm-none-eabi/6.3.1/../../../../arm-none-eabi/lib/thumb/v7e-m\libc_nano.a(lib_a-init.o)
                              c:/program files (x86)/atmel/studio/7.0/toolchain/arm/arm-gnu-toolchain/bin/../lib/gcc/arm-none-eabi/6.3.1/../../../../arm-none-eabi/lib/thumb/v7e-m/crt0.o (__libc_init_array)
c:/program files (x86)/atmel/studio/7.0/toolchain/arm/arm-gnu-toolchain/bin/../lib/gcc/arm-none-eabi/6.3.1/../../../../arm-none-eabi/lib/thumb/v7e-m\libc_nano.a(lib_a-memcpy-stub.o)
                              thirdparty/RTOS/freertos/FreeRTOSV10.0.0/Source/queue.o (memcpy)
c:/program files (x86)/atmel/studio/7.0/toolchain/arm/arm-gnu-toolchain/bin/../lib/gcc/arm-none-eabi/6.3.1/../../../../arm-none-eabi/lib/thumb/v7e-m\libc_nano.a(lib_a-memset.o)
                              c:/program files (x86)/atmel/studio/7.0/toolchain/arm/arm-gnu-toolchain/bin/../lib/gcc/arm-none-eabi/6.3.1/../../../../arm-none-eabi/lib/thumb/v7e-m/crt0.o (memset)
c:/program files (x86)/atmel/studio/7.0/toolchain/arm/arm-gnu-toolchain/bin/../lib/gcc/arm-none-eabi/6.3.1/../../../../arm-none-eabi/lib/thumb/v7e-m\libc_nano.a(lib_a-printf.o)
                              hal/utils/src/utils_syscalls.o (printf)
c:/program files (x86)/atmel/studio/7.0/toolchain/arm/arm-gnu-toolchain/bin/../lib/gcc/arm-none-eabi/6.3.1/../../../../arm-none-eabi/lib/thumb/v7e-m\libc_nano.a(lib_a-sprintf.o)
                              main.o (sprintf)
c:/program files (x86)/atmel/studio/7.0/toolchain/arm/arm-gnu-toolchain/bin/../lib/gcc/arm-none-eabi/6.3.1/../../../../arm-none-eabi/lib/thumb/v7e-m\libc_nano.a(lib_a-strcpy.o)
                              thirdparty/RTOS/freertos/FreeRTOSV10.0.0/Source/tasks.o (strcpy)
c:/program files (x86)/atmel/studio/7.0/toolchain/arm/arm-gnu-toolchain/bin/../lib/gcc/arm-none-eabi/6.3.1/../../../../arm-none-eabi/lib/thumb/v7e-m\libc_nano.a(lib_a-strlen.o)
                              main.o (strlen)
c:/program files (x86)/atmel/studio/7.0/toolchain/arm/arm-gnu-toolchain/bin/../lib/gcc/arm-none-eabi/6.3.1/../../../../arm-none-eabi/lib/thumb/v7e-m\libc_nano.a(lib_a-findfp.o)
                              c:/program files (x86)/atmel/studio/7.0/toolchain/arm/arm-gnu-toolchain/bin/../lib/gcc/arm-none-eabi/6.3.1/../../../../arm-none-eabi/lib/thumb/v7e-m\libc_nano.a(lib_a-printf.o) (__sinit)
c:/program files (x86)/atmel/studio/7.0/toolchain/arm/arm-gnu-toolchain/bin/../lib/gcc/arm-none-eabi/6.3.1/../../../../arm-none-eabi/lib/thumb/v7e-m\libc_nano.a(lib_a-fwalk.o)
                              c:/program files (x86)/atmel/studio/7.0/toolchain/arm/arm-gnu-toolchain/bin/../lib/gcc/arm-none-eabi/6.3.1/../../../../arm-none-eabi/lib/thumb/v7e-m\libc_nano.a(lib_a-findfp.o) (_fwalk)
c:/program files (x86)/atmel/studio/7.0/toolchain/arm/arm-gnu-toolchain/bin/../lib/gcc/arm-none-eabi/6.3.1/../../../../arm-none-eabi/lib/thumb/v7e-m\libc_nano.a(lib_a-nano-mallocr.o)
                              c:/program files (x86)/atmel/studio/7.0/toolchain/arm/arm-gnu-toolchain/bin/../lib/gcc/arm-none-eabi/6.3.1/../../../../arm-none-eabi/lib/thumb/v7e-m\libc_nano.a(lib_a-findfp.o) (_malloc_r)
c:/program files (x86)/atmel/studio/7.0/toolchain/arm/arm-gnu-toolchain/bin/../lib/gcc/arm-none-eabi/6.3.1/../../../../arm-none-eabi/lib/thumb/v7e-m\libc_nano.a(lib_a-nano-svfprintf.o)
                              c:/program files (x86)/atmel/studio/7.0/toolchain/arm/arm-gnu-toolchain/bin/../lib/gcc/arm-none-eabi/6.3.1/../../../../arm-none-eabi/lib/thumb/v7e-m\libc_nano.a(lib_a-sprintf.o) (_svfprintf_r)
c:/program files (x86)/atmel/studio/7.0/toolchain/arm/arm-gnu-toolchain/bin/../lib/gcc/arm-none-eabi/6.3.1/../../../../arm-none-eabi/lib/thumb/v7e-m\libc_nano.a(lib_a-nano-vfprintf.o)
                              c:/program files (x86)/atmel/studio/7.0/toolchain/arm/arm-gnu-toolchain/bin/../lib/gcc/arm-none-eabi/6.3.1/../../../../arm-none-eabi/lib/thumb/v7e-m\libc_nano.a(lib_a-printf.o) (_vfprintf_r)
[...]
Memory Configuration

Name             Origin             Length             Attributes
rom              0x00400000         0x00200000         xr
ram              0x20400000         0x00060000         xrw
*default*        0x00000000         0xffffffff

Linker script and memory map

LOAD c:/program files (x86)/atmel/studio/7.0/toolchain/arm/arm-gnu-toolchain/bin/../lib/gcc/arm-none-eabi/6.3.1/thumb/v7e-m/crti.o
LOAD c:/program files (x86)/atmel/studio/7.0/toolchain/arm/arm-gnu-toolchain/bin/../lib/gcc/arm-none-eabi/6.3.1/thumb/v7e-m/crtbegin.o
LOAD c:/program files (x86)/atmel/studio/7.0/toolchain/arm/arm-gnu-toolchain/bin/../lib/gcc/arm-none-eabi/6.3.1/../../../../arm-none-eabi/lib/thumb/v7e-m/crt0.o
LOAD atmel_start.o
LOAD Device_Startup/startup_samv71q21b.o
LOAD Device_Startup/system_samv71q21b.o
LOAD driver_init.o
LOAD examples/driver_examples.o
LOAD hal/src/hal_atomic.o
LOAD hal/src/hal_delay.o
LOAD hal/src/hal_gpio.o
LOAD hal/src/hal_init.o
LOAD hal/src/hal_io.o
LOAD hal/src/hal_rand_sync.o
LOAD hal/src/hal_sleep.o
LOAD hal/src/hal_usart_sync.o
LOAD hal/src/hal_wdt.o
LOAD hal/utils/src/utils_assert.o
LOAD hal/utils/src/utils_event.o
LOAD hal/utils/src/utils_list.o
LOAD hal/utils/src/utils_ringbuffer.o
LOAD hal/utils/src/utils_syscalls.o
LOAD hpl/core/hpl_core_m7_base.o
LOAD hpl/core/hpl_init.o
LOAD hpl/pmc/hpl_pmc.o
LOAD hpl/pmc/hpl_sleep.o
LOAD hpl/systick/hpl_systick_ARMv7_base.o
LOAD hpl/trng/hpl_trng.o
LOAD hpl/uart/hpl_uart.o
LOAD hpl/wdt/hpl_wdt.o
LOAD hpl/xdmac/hpl_xdmac.o
LOAD main.o
LOAD rtos_start.o
LOAD thirdparty/RTOS/freertos/FreeRTOSV10.0.0/rtos_port.o
LOAD thirdparty/RTOS/freertos/FreeRTOSV10.0.0/Source/croutine.o
LOAD thirdparty/RTOS/freertos/FreeRTOSV10.0.0/Source/event_groups.o
LOAD thirdparty/RTOS/freertos/FreeRTOSV10.0.0/Source/list.o
LOAD thirdparty/RTOS/freertos/FreeRTOSV10.0.0/Source/portable/GCC/ARM_CM7/port.o
LOAD thirdparty/RTOS/freertos/FreeRTOSV10.0.0/Source/portable/MemMang/heap_1.o
LOAD thirdparty/RTOS/freertos/FreeRTOSV10.0.0/Source/queue.o
LOAD thirdparty/RTOS/freertos/FreeRTOSV10.0.0/Source/stream_buffer.o
LOAD thirdparty/RTOS/freertos/FreeRTOSV10.0.0/Source/tasks.o
LOAD thirdparty/RTOS/freertos/FreeRTOSV10.0.0/Source/timers.o
START GROUP
LOAD c:/program files (x86)/atmel/studio/7.0/toolchain/arm/arm-gnu-toolchain/bin/../lib/gcc/arm-none-eabi/6.3.1/../../../../arm-none-eabi/lib/thumb/v7e-m\libm.a
END GROUP
START GROUP
LOAD c:/program files (x86)/atmel/studio/7.0/toolchain/arm/arm-gnu-toolchain/bin/../lib/gcc/arm-none-eabi/6.3.1/thumb/v7e-m\libgcc.a
LOAD c:/program files (x86)/atmel/studio/7.0/toolchain/arm/arm-gnu-toolchain/bin/../lib/gcc/arm-none-eabi/6.3.1/../../../../arm-none-eabi/lib/thumb/v7e-m\libc_nano.a
END GROUP
START GROUP
LOAD c:/program files (x86)/atmel/studio/7.0/toolchain/arm/arm-gnu-toolchain/bin/../lib/gcc/arm-none-eabi/6.3.1/thumb/v7e-m\libgcc.a
LOAD c:/program files (x86)/atmel/studio/7.0/toolchain/arm/arm-gnu-toolchain/bin/../lib/gcc/arm-none-eabi/6.3.1/../../../../arm-none-eabi/lib/thumb/v7e-m\libc_nano.a
END GROUP
LOAD c:/program files (x86)/atmel/studio/7.0/toolchain/arm/arm-gnu-toolchain/bin/../lib/gcc/arm-none-eabi/6.3.1/thumb/v7e-m/crtend.o
LOAD c:/program files (x86)/atmel/studio/7.0/toolchain/arm/arm-gnu-toolchain/bin/../lib/gcc/arm-none-eabi/6.3.1/thumb/v7e-m/crtn.o
                0x00000400                STACK_SIZE = DEFINED (STACK_SIZE)?STACK_SIZE:DEFINED (__stack_size__)?__stack_size__:0x400
                0x00000200                HEAP_SIZE = DEFINED (HEAP_SIZE)?HEAP_SIZE:DEFINED (__heap_size__)?__heap_size__:0x200

.text           0x00400000     0x3570
                0x00400000                . = ALIGN (0x4)
                0x00400000                _sfixed = .
 *(.vectors .vectors.*)
 .vectors       0x00400000      0x168 Device_Startup/startup_samv71q21b.o
                0x00400000                exception_table
 *(.text .text.* .gnu.linkonce.t.*)
 .text          0x00400168       0x6c c:/program files (x86)/atmel/studio/7.0/toolchain/arm/arm-gnu-toolchain/bin/../lib/gcc/arm-none-eabi/6.3.1/thumb/v7e-m/crtbegin.o
 .text.atmel_start_init
                0x004001d4        0xc atmel_start.o
                0x004001d4                atmel_start_init
 .text.Dummy_Handler
                0x004001e0        0x2 Device_Startup/startup_samv71q21b.o
                0x004001e0                DACC_Handler
                0x004001e0                UART3_Handler
                0x004001e0                UART2_Handler
                0x004001e0                TRNG_Handler
                0x004001e0                HardFault_Handler
                0x004001e0                TC2_Handler
                0x004001e0                AFEC1_Handler
                0x004001e0                TC7_Handler
                0x004001e0                QSPI_Handler
                0x004001e0                NonMaskableInt_Handler
                0x004001e0                ISI_Handler
                0x004001e0                MCAN0_INT0_Handler
                0x004001e0                TC9_Handler
                0x004001e0                RSWDT_Handler
                0x004001e0                USART0_Handler
                0x004001e0                RTT_Handler
                0x004001e0                USBHS_Handler
                0x004001e0                IXC_Handler
                0x004001e0                CCF_Handler
                0x004001e0                PIOB_Handler
                0x004001e0                RTC_Handler
                0x004001e0                UsageFault_Handler
                0x004001e0                TC6_Handler
                0x004001e0                WDT_Handler
                0x004001e0                MCAN1_INT1_Handler
                0x004001e0                TC4_Handler
                0x004001e0                TC1_Handler
                0x004001e0                HSMCI_Handler
                0x004001e0                UART1_Handler
                0x004001e0                TC3_Handler
                0x004001e0                Dummy_Handler
                0x004001e0                TWIHS1_Handler
                0x004001e0                XDMAC_Handler
                0x004001e0                UART4_Handler
                0x004001e0                PWM1_Handler
                0x004001e0                USART1_Handler
                0x004001e0                PWM0_Handler
                0x004001e0                PIOA_Handler
                0x004001e0                AFEC0_Handler
                0x004001e0                CCW_Handler
                0x004001e0                SSC_Handler
                0x004001e0                TC11_Handler
                0x004001e0                ACC_Handler
                0x004001e0                PMC_Handler
                0x004001e0                GMAC_Handler
                0x004001e0                MCAN0_INT1_Handler
                0x004001e0                GMAC_Q5_Handler
                0x004001e0                SUPC_Handler
                0x004001e0                TC8_Handler
                0x004001e0                MCAN1_INT0_Handler
                0x004001e0                EFC_Handler
                0x004001e0                GMAC_Q1_Handler
                0x004001e0                USART2_Handler
                0x004001e0                SDRAMC_Handler
                0x004001e0                GMAC_Q2_Handler
                0x004001e0                PIOE_Handler
                0x004001e0                SPI1_Handler
                0x004001e0                TC10_Handler
                0x004001e0                GMAC_Q3_Handler
                0x004001e0                PIOD_Handler
                0x004001e0                TWIHS2_Handler
                0x004001e0                MLB_Handler
                0x004001e0                I2SC0_Handler
                0x004001e0                UART0_Handler
                0x004001e0                I2SC1_Handler
                0x004001e0                PIOC_Handler
                0x004001e0                GMAC_Q4_Handler
                0x004001e0                FPU_Handler
                0x004001e0                BusFault_Handler
                0x004001e0                RSTC_Handler
                0x004001e0                TC0_Handler
                0x004001e0                MemoryManagement_Handler
                0x004001e0                DebugMonitor_Handler
                0x004001e0                TC5_Handler
                0x004001e0                ICM_Handler
                0x004001e0                AES_Handler
                0x004001e0                TWIHS0_Handler
                0x004001e0                SPI0_Handler
 *fill*         0x004001e2        0x2 
 .text.Reset_Handler
                0x004001e4       0x68 Device_Startup/startup_samv71q21b.o
                0x004001e4                Reset_Handler
 .text.RAND_0_CLOCK_init
                0x0040024c       0x1c driver_init.o
                0x0040024c                RAND_0_CLOCK_init
 .text.RAND_0_init
                0x00400268       0x20 driver_init.o
                0x00400268                RAND_0_init
 .text.delay_driver_init
                0x00400288       0x14 driver_init.o
                0x00400288                delay_driver_init
 .text.USART_0_CLOCK_init
                0x0040029c       0x18 driver_init.o
                0x0040029c                USART_0_CLOCK_init
 .text.USART_0_init
                0x004002b4       0x2c driver_init.o
                0x004002b4                USART_0_init
 .text.WDT_0_init
                0x004002e0       0x2c driver_init.o
                0x004002e0                WDT_0_init
 .text.system_init
                0x0040030c       0x2c driver_init.o
                0x0040030c                system_init
 .text.atomic_enter_critical
                0x00400338        0xe hal/src/hal_atomic.o
                0x00400338                atomic_enter_critical
 .text.atomic_leave_critical
                0x00400346        0xc hal/src/hal_atomic.o
                0x00400346                atomic_leave_critical
 *fill*         0x00400352        0x2 
 .text.delay_init
                0x00400354       0x14 hal/src/hal_delay.o
                0x00400354                delay_init
 .text.io_write
                0x00400368       0x30 hal/src/hal_io.o
                0x00400368                io_write
 .text.rand_sync_init
                0x00400398       0x2c hal/src/hal_rand_sync.o
                0x00400398                rand_sync_init
 .text.usart_sync_write
                0x004003c4       0x70 hal/src/hal_usart_sync.o
 .text.usart_sync_read
                0x00400434       0x60 hal/src/hal_usart_sync.o
 .text.usart_sync_init
                0x00400494       0x48 hal/src/hal_usart_sync.o
                0x00400494                usart_sync_init
 .text.usart_sync_enable
                0x004004dc       0x2c hal/src/hal_usart_sync.o
                0x004004dc                usart_sync_enable
 .text.usart_sync_get_io_descriptor
                0x00400508       0x28 hal/src/hal_usart_sync.o
                0x00400508                usart_sync_get_io_descriptor
 .text.assert   0x00400530        0x6 hal/utils/src/utils_assert.o
                0x00400530                assert
 *fill*         0x00400536        0x2 
 .text._sbrk    0x00400538       0x24 hal/utils/src/utils_syscalls.o
                0x00400538                _sbrk
 .text._init_chip
                0x0040055c       0x54 hpl/core/hpl_init.o
                0x0040055c                _init_chip
 .text._pmc_init_sources
                0x004005b0       0x50 hpl/pmc/hpl_pmc.o
 .text._pmc_init_master_clock
                0x00400600       0x4c hpl/pmc/hpl_pmc.o
 .text._pmc_init
                0x0040064c       0x14 hpl/pmc/hpl_pmc.o
                0x0040064c                _pmc_init
 .text._system_time_init
                0x00400660       0x14 hpl/systick/hpl_systick_ARMv7_base.o
                0x00400660                _system_time_init
 .text._delay_init
                0x00400674        0xc hpl/systick/hpl_systick_ARMv7_base.o
                0x00400674                _delay_init
 .text._rand_sync_init
                0x00400680       0x2c hpl/trng/hpl_trng.o
                0x00400680                _rand_sync_init
 .text._uart_get_hardware_index
                0x004006ac       0x60 hpl/uart/hpl_uart.o
 .text._get_uart_index
                0x0040070c       0x54 hpl/uart/hpl_uart.o
 .text._uart_init
                0x00400760       0x54 hpl/uart/hpl_uart.o
 .text._usart_sync_init
                0x004007b4       0x38 hpl/uart/hpl_uart.o
                0x004007b4                _usart_sync_init
 .text._usart_sync_enable
                0x004007ec       0x34 hpl/uart/hpl_uart.o
                0x004007ec                _usart_sync_enable
 .text._usart_sync_write_byte
                0x00400820       0x24 hpl/uart/hpl_uart.o
                0x00400820                _usart_sync_write_byte
 .text._usart_sync_read_byte
                0x00400844       0x24 hpl/uart/hpl_uart.o
                0x00400844                _usart_sync_read_byte
 .text._usart_sync_is_ready_to_send
                0x00400868       0x28 hpl/uart/hpl_uart.o
                0x00400868                _usart_sync_is_ready_to_send
 .text._usart_sync_is_transmit_done
                0x00400890       0x28 hpl/uart/hpl_uart.o
                0x00400890                _usart_sync_is_transmit_done
 .text._usart_sync_is_byte_received
                0x004008b8       0x28 hpl/uart/hpl_uart.o
                0x004008b8                _usart_sync_is_byte_received
 .text._uart_get_usart_sync
                0x004008e0        0x4 hpl/uart/hpl_uart.o
                0x004008e0                _uart_get_usart_sync
 .text._wdt_init
                0x004008e4       0x34 hpl/wdt/hpl_wdt.o
                0x004008e4                _wdt_init
 .text.USART_Init
                0x00400918       0x24 main.o
                0x00400918                USART_Init
 .text.controlTask
                0x0040093c       0x8c main.o
                0x0040093c                controlTask
 .text.main     0x004009c8       0x18 main.o
                0x004009c8                main
 .text.USART_Print
                0x004009e0       0x24 main.o
                0x004009e0                USART_Print
 .text.computationTask1
                0x00400a04       0x68 main.o
                0x00400a04                computationTask1
 .text.computationTask2
                0x00400a6c       0x68 main.o
                0x00400a6c                computationTask2
 .text.computationTask3
                0x00400ad4       0x68 main.o
                0x00400ad4                computationTask3
 .text.vListInitialise
                0x00400b3c       0x16 thirdparty/RTOS/freertos/FreeRTOSV10.0.0/Source/list.o
                0x00400b3c                vListInitialise
 .text.vListInitialiseItem
                0x00400b52        0x6 thirdparty/RTOS/freertos/FreeRTOSV10.0.0/Source/list.o
                0x00400b52                vListInitialiseItem
 .text.vListInsertEnd
                0x00400b58       0x18 thirdparty/RTOS/freertos/FreeRTOSV10.0.0/Source/list.o
                0x00400b58                vListInsertEnd
 .text.vListInsert
                0x00400b70       0x34 thirdparty/RTOS/freertos/FreeRTOSV10.0.0/Source/list.o
                0x00400b70                vListInsert
 .text.uxListRemove
                0x00400ba4       0x28 thirdparty/RTOS/freertos/FreeRTOSV10.0.0/Source/list.o
                0x00400ba4                uxListRemove
 .text.prvTaskExitError
                0x00400bcc       0x48 thirdparty/RTOS/freertos/FreeRTOSV10.0.0/Source/portable/GCC/ARM_CM7/port.o
 .text.prvPortStartFirstTask
                0x00400c14       0x28 thirdparty/RTOS/freertos/FreeRTOSV10.0.0/Source/portable/GCC/ARM_CM7/port.o
 .text.vPortEnableVFP
                0x00400c3c       0x14 thirdparty/RTOS/freertos/FreeRTOSV10.0.0/Source/portable/GCC/ARM_CM7/port.o
 .text.pxPortInitialiseStack
                0x00400c50       0x2c thirdparty/RTOS/freertos/FreeRTOSV10.0.0/Source/portable/GCC/ARM_CM7/port.o
                0x00400c50                pxPortInitialiseStack
 *fill*         0x00400c7c        0x4 
 .text.SVCall_Handler
                0x00400c80       0x24 thirdparty/RTOS/freertos/FreeRTOSV10.0.0/Source/portable/GCC/ARM_CM7/port.o
                0x00400c80                SVCall_Handler
 .text.vPortEnterCritical
                0x00400ca4       0x4c thirdparty/RTOS/freertos/FreeRTOSV10.0.0/Source/portable/GCC/ARM_CM7/port.o
                0x00400ca4                vPortEnterCritical
 .text.vPortExitCritical
                0x00400cf0       0x30 thirdparty/RTOS/freertos/FreeRTOSV10.0.0/Source/portable/GCC/ARM_CM7/port.o
                0x00400cf0                vPortExitCritical
 .text.PendSV_Handler
                0x00400d20       0x64 thirdparty/RTOS/freertos/FreeRTOSV10.0.0/Source/portable/GCC/ARM_CM7/port.o
                0x00400d20                PendSV_Handler
 .text.SysTick_Handler
                0x00400d84       0x34 thirdparty/RTOS/freertos/FreeRTOSV10.0.0/Source/portable/GCC/ARM_CM7/port.o
                0x00400d84                SysTick_Handler
 .text.vPortSetupTimerInterrupt
                0x00400db8       0x28 thirdparty/RTOS/freertos/FreeRTOSV10.0.0/Source/portable/GCC/ARM_CM7/port.o
                0x00400db8                vPortSetupTimerInterrupt
 .text.xPortStartScheduler
                0x00400de0       0xdc thirdparty/RTOS/freertos/FreeRTOSV10.0.0/Source/portable/GCC/ARM_CM7/port.o
                0x00400de0                xPortStartScheduler
 .text.vPortValidateInterruptPriority
                0x00400ebc       0x60 thirdparty/RTOS/freertos/FreeRTOSV10.0.0/Source/portable/GCC/ARM_CM7/port.o
                0x00400ebc                vPortValidateInterruptPriority
 .text.pvPortMalloc
                0x00400f1c       0x64 thirdparty/RTOS/freertos/FreeRTOSV10.0.0/Source/portable/MemMang/heap_1.o
                0x00400f1c                pvPortMalloc
 .text.vPortFree
                0x00400f80       0x1a thirdparty/RTOS/freertos/FreeRTOSV10.0.0/Source/portable/MemMang/heap_1.o
                0x00400f80                vPortFree
 .text.prvGetDisinheritPriorityAfterTimeout
                0x00400f9a       0x12 thirdparty/RTOS/freertos/FreeRTOSV10.0.0/Source/queue.o
 .text.prvIsQueueFull
                0x00400fac       0x28 thirdparty/RTOS/freertos/FreeRTOSV10.0.0/Source/queue.o
 .text.prvIsQueueEmpty
                0x00400fd4       0x24 thirdparty/RTOS/freertos/FreeRTOSV10.0.0/Source/queue.o
 .text.prvCopyDataToQueue
                0x00400ff8       0x80 thirdparty/RTOS/freertos/FreeRTOSV10.0.0/Source/queue.o
 .text.prvNotifyQueueSetContainer
                0x00401078       0x8c thirdparty/RTOS/freertos/FreeRTOSV10.0.0/Source/queue.o
 .text.prvCopyDataFromQueue
                0x00401104       0x28 thirdparty/RTOS/freertos/FreeRTOSV10.0.0/Source/queue.o
 .text.prvUnlockQueue
                0x0040112c       0x98 thirdparty/RTOS/freertos/FreeRTOSV10.0.0/Source/queue.o
 .text.xQueueGenericReset
                0x004011c4       0x94 thirdparty/RTOS/freertos/FreeRTOSV10.0.0/Source/queue.o
                0x004011c4                xQueueGenericReset
 .text.prvInitialiseNewQueue
                0x00401258       0x2c thirdparty/RTOS/freertos/FreeRTOSV10.0.0/Source/queue.o
 .text.xQueueGenericCreate
                0x00401284       0x54 thirdparty/RTOS/freertos/FreeRTOSV10.0.0/Source/queue.o
                0x00401284                xQueueGenericCreate
 .text.xQueueGenericSend
                0x004012d8      0x1f0 thirdparty/RTOS/freertos/FreeRTOSV10.0.0/Source/queue.o
                0x004012d8                xQueueGenericSend
 .text.prvInitialiseMutex
                0x004014c8       0x1c thirdparty/RTOS/freertos/FreeRTOSV10.0.0/Source/queue.o
 .text.xQueueCreateMutex
                0x004014e4       0x20 thirdparty/RTOS/freertos/FreeRTOSV10.0.0/Source/queue.o
                0x004014e4                xQueueCreateMutex
 .text.xQueueGenericSendFromISR
                0x00401504      0x124 thirdparty/RTOS/freertos/FreeRTOSV10.0.0/Source/queue.o
                0x00401504                xQueueGenericSendFromISR
 .text.xQueueReceive
                0x00401628      0x198 thirdparty/RTOS/freertos/FreeRTOSV10.0.0/Source/queue.o
                0x00401628                xQueueReceive
 .text.xQueueSemaphoreTake
                0x004017c0      0x1f0 thirdparty/RTOS/freertos/FreeRTOSV10.0.0/Source/queue.o
                0x004017c0                xQueueSemaphoreTake
 .text.vQueueWaitForMessageRestricted
                0x004019b0       0x64 thirdparty/RTOS/freertos/FreeRTOSV10.0.0/Source/queue.o
                0x004019b0                vQueueWaitForMessageRestricted
 .text.prvIdleTask
                0x00401a14       0x24 thirdparty/RTOS/freertos/FreeRTOSV10.0.0/Source/tasks.o
 .text.prvResetNextTaskUnblockTime
                0x00401a38       0x34 thirdparty/RTOS/freertos/FreeRTOSV10.0.0/Source/tasks.o
 .text.prvInitialiseNewTask
                0x00401a6c       0x9c thirdparty/RTOS/freertos/FreeRTOSV10.0.0/Source/tasks.o
 .text.prvInitialiseTaskLists
                0x00401b08       0x50 thirdparty/RTOS/freertos/FreeRTOSV10.0.0/Source/tasks.o
 .text.prvAddNewTaskToReadyList
                0x00401b58       0xc0 thirdparty/RTOS/freertos/FreeRTOSV10.0.0/Source/tasks.o
 .text.prvAddCurrentTaskToDelayedList
                0x00401c18       0x84 thirdparty/RTOS/freertos/FreeRTOSV10.0.0/Source/tasks.o
 .text.xTaskCreate
                0x00401c9c       0x74 thirdparty/RTOS/freertos/FreeRTOSV10.0.0/Source/tasks.o
                0x00401c9c                xTaskCreate
 .text.vTaskStartScheduler
                0x00401d10       0x90 thirdparty/RTOS/freertos/FreeRTOSV10.0.0/Source/tasks.o
                0x00401d10                vTaskStartScheduler
 .text.vTaskSuspendAll
                0x00401da0       0x14 thirdparty/RTOS/freertos/FreeRTOSV10.0.0/Source/tasks.o
                0x00401da0                vTaskSuspendAll
 .text.xTaskGetTickCount
                0x00401db4        0xc thirdparty/RTOS/freertos/FreeRTOSV10.0.0/Source/tasks.o
                0x00401db4                xTaskGetTickCount
 .text.xTaskIncrementTick
                0x00401dc0      0x138 thirdparty/RTOS/freertos/FreeRTOSV10.0.0/Source/tasks.o
                0x00401dc0                xTaskIncrementTick
 .text.xTaskResumeAll
                0x00401ef8      0x110 thirdparty/RTOS/freertos/FreeRTOSV10.0.0/Source/tasks.o
                0x00401ef8                xTaskResumeAll
 .text.vTaskDelay
                0x00402008       0x60 thirdparty/RTOS/freertos/FreeRTOSV10.0.0/Source/tasks.o
                0x00402008                vTaskDelay
 .text.vTaskSwitchContext
                0x00402068       0x94 thirdparty/RTOS/freertos/FreeRTOSV10.0.0/Source/tasks.o
                0x00402068                vTaskSwitchContext
 .text.vTaskPlaceOnEventList
                0x004020fc       0x40 thirdparty/RTOS/freertos/FreeRTOSV10.0.0/Source/tasks.o
                0x004020fc                vTaskPlaceOnEventList
 .text.vTaskPlaceOnEventListRestricted
                0x0040213c       0x48 thirdparty/RTOS/freertos/FreeRTOSV10.0.0/Source/tasks.o
                0x0040213c                vTaskPlaceOnEventListRestricted
 .text.xTaskRemoveFromEventList
                0x00402184       0x94 thirdparty/RTOS/freertos/FreeRTOSV10.0.0/Source/tasks.o
                0x00402184                xTaskRemoveFromEventList
 .text.vTaskInternalSetTimeOutState
                0x00402218       0x14 thirdparty/RTOS/freertos/FreeRTOSV10.0.0/Source/tasks.o
                0x00402218                vTaskInternalSetTimeOutState
 .text.xTaskCheckForTimeOut
                0x0040222c       0x94 thirdparty/RTOS/freertos/FreeRTOSV10.0.0/Source/tasks.o
                0x0040222c                xTaskCheckForTimeOut
 .text.vTaskMissedYield
                0x004022c0       0x10 thirdparty/RTOS/freertos/FreeRTOSV10.0.0/Source/tasks.o
                0x004022c0                vTaskMissedYield
 .text.xTaskGetSchedulerState
                0x004022d0       0x20 thirdparty/RTOS/freertos/FreeRTOSV10.0.0/Source/tasks.o
                0x004022d0                xTaskGetSchedulerState
 .text.xTaskPriorityInherit
                0x004022f0       0xb0 thirdparty/RTOS/freertos/FreeRTOSV10.0.0/Source/tasks.o
                0x004022f0                xTaskPriorityInherit
 .text.xTaskPriorityDisinherit
                0x004023a0       0xa4 thirdparty/RTOS/freertos/FreeRTOSV10.0.0/Source/tasks.o
                0x004023a0                xTaskPriorityDisinherit
 .text.vTaskPriorityDisinheritAfterTimeout
                0x00402444       0xbc thirdparty/RTOS/freertos/FreeRTOSV10.0.0/Source/tasks.o
                0x00402444                vTaskPriorityDisinheritAfterTimeout
 .text.pvTaskIncrementMutexHeldCount
                0x00402500       0x20 thirdparty/RTOS/freertos/FreeRTOSV10.0.0/Source/tasks.o
                0x00402500                pvTaskIncrementMutexHeldCount
 .text.prvGetNextExpireTime
                0x00402520       0x20 thirdparty/RTOS/freertos/FreeRTOSV10.0.0/Source/timers.o
 .text.prvInsertTimerInActiveList
                0x00402540       0x50 thirdparty/RTOS/freertos/FreeRTOSV10.0.0/Source/timers.o
 .text.prvCheckForValidListAndQueue
                0x00402590       0x4c thirdparty/RTOS/freertos/FreeRTOSV10.0.0/Source/timers.o
 .text.xTimerCreateTimerTask
                0x004025dc       0x5c thirdparty/RTOS/freertos/FreeRTOSV10.0.0/Source/timers.o
                0x004025dc                xTimerCreateTimerTask
 .text.xTimerGenericCommand
                0x00402638       0x7c thirdparty/RTOS/freertos/FreeRTOSV10.0.0/Source/timers.o
                0x00402638                xTimerGenericCommand
 .text.prvSwitchTimerLists
                0x004026b4       0x98 thirdparty/RTOS/freertos/FreeRTOSV10.0.0/Source/timers.o
 .text.prvSampleTimeNow
                0x0040274c       0x34 thirdparty/RTOS/freertos/FreeRTOSV10.0.0/Source/timers.o
 .text.prvProcessExpiredTimer
                0x00402780       0x70 thirdparty/RTOS/freertos/FreeRTOSV10.0.0/Source/timers.o
 .text.prvProcessTimerOrBlockTask
                0x004027f0       0x84 thirdparty/RTOS/freertos/FreeRTOSV10.0.0/Source/timers.o
 .text.prvProcessReceivedCommands
                0x00402874      0x100 thirdparty/RTOS/freertos/FreeRTOSV10.0.0/Source/timers.o
 .text.prvTimerTask
                0x00402974       0x24 thirdparty/RTOS/freertos/FreeRTOSV10.0.0/Source/timers.o
 .text.__libc_init_array
                0x00402998       0x48 c:/program files (x86)/atmel/studio/7.0/toolchain/arm/arm-gnu-toolchain/bin/../lib/gcc/arm-none-eabi/6.3.1/../../../../arm-none-eabi/lib/thumb/v7e-m\libc_nano.a(lib_a-init.o)
                0x00402998                __libc_init_array
 .text.memcpy   0x004029e0       0x16 c:/program files (x86)/atmel/studio/7.0/toolchain/arm/arm-gnu-toolchain/bin/../lib/gcc/arm-none-eabi/6.3.1/../../../../arm-none-eabi/lib/thumb/v7e-m\libc_nano.a(lib_a-memcpy-stub.o)
                0x004029e0                memcpy
 .text.memset   0x004029f6       0x10 c:/program files (x86)/atmel/studio/7.0/toolchain/arm/arm-gnu-toolchain/bin/../lib/gcc/arm-none-eabi/6.3.1/../../../../arm-none-eabi/lib/thumb/v7e-m\libc_nano.a(lib_a-memset.o)
                0x004029f6                memset
 *fill*         0x00402a06        0x2 
 .text.sprintf  0x00402a08       0x48 c:/program files (x86)/atmel/studio/7.0/toolchain/arm/arm-gnu-toolchain/bin/../lib/gcc/arm-none-eabi/6.3.1/../../../../arm-none-eabi/lib/thumb/v7e-m\libc_nano.a(lib_a-sprintf.o)
                0x00402a08                siprintf
                0x00402a08                sprintf
 .text          0x00402a50       0x10 c:/program files (x86)/atmel/studio/7.0/toolchain/arm/arm-gnu-toolchain/bin/../lib/gcc/arm-none-eabi/6.3.1/../../../../arm-none-eabi/lib/thumb/v7e-m\libc_nano.a(lib_a-strlen.o)
                0x00402a50                strlen
 .text._malloc_r
                0x00402a60       0xbc c:/program files (x86)/atmel/studio/7.0/toolchain/arm/arm-gnu-toolchain/bin/../lib/gcc/arm-none-eabi/6.3.1/../../../../arm-none-eabi/lib/thumb/v7e-m\libc_nano.a(lib_a-nano-mallocr.o)
                0x00402a60                _malloc_r
 .text.__ssputs_r
                0x00402b1c       0xb6 c:/program files (x86)/atmel/studio/7.0/toolchain/arm/arm-gnu-toolchain/bin/../lib/gcc/arm-none-eabi/6.3.1/../../../../arm-none-eabi/lib/thumb/v7e-m\libc_nano.a(lib_a-nano-svfprintf.o)
                0x00402b1c                __ssputs_r
 *fill*         0x00402bd2        0x2 
 .text._svfprintf_r
                0x00402bd4      0x1e8 c:/program files (x86)/atmel/studio/7.0/toolchain/arm/arm-gnu-toolchain/bin/../lib/gcc/arm-none-eabi/6.3.1/../../../../arm-none-eabi/lib/thumb/v7e-m\libc_nano.a(lib_a-nano-svfprintf.o)
                0x00402bd4                _svfiprintf_r
                0x00402bd4                _svfprintf_r
 .text._printf_common
                0x00402dbc       0xec c:/program files (x86)/atmel/studio/7.0/toolchain/arm/arm-gnu-toolchain/bin/../lib/gcc/arm-none-eabi/6.3.1/../../../../arm-none-eabi/lib/thumb/v7e-m\libc_nano.a(lib_a-nano-vfprintf_i.o)
                0x00402dbc                _printf_common
 .text._printf_i
                0x00402ea8      0x240 c:/program files (x86)/atmel/studio/7.0/toolchain/arm/arm-gnu-toolchain/bin/../lib/gcc/arm-none-eabi/6.3.1/../../../../arm-none-eabi/lib/thumb/v7e-m\libc_nano.a(lib_a-nano-vfprintf_i.o)
                0x00402ea8                _printf_i
 .text._sbrk_r  0x004030e8       0x20 c:/program files (x86)/atmel/studio/7.0/toolchain/arm/arm-gnu-toolchain/bin/../lib/gcc/arm-none-eabi/6.3.1/../../../../arm-none-eabi/lib/thumb/v7e-m\libc_nano.a(lib_a-sbrkr.o)
                0x004030e8                _sbrk_r
 *fill*         0x00403108        0x8 
 .text          0x00403110       0xa0 c:/program files (x86)/atmel/studio/7.0/toolchain/arm/arm-gnu-toolchain/bin/../lib/gcc/arm-none-eabi/6.3.1/../../../../arm-none-eabi/lib/thumb/v7e-m\libc_nano.a(lib_a-memchr.o)
                0x00403110                memchr
 .text.memmove  0x004031b0       0x34 c:/program files (x86)/atmel/studio/7.0/toolchain/arm/arm-gnu-toolchain/bin/../lib/gcc/arm-none-eabi/6.3.1/../../../../arm-none-eabi/lib/thumb/v7e-m\libc_nano.a(lib_a-memmove.o)
                0x004031b0                memmove
 .text.__malloc_lock
                0x004031e4        0x2 c:/program files (x86)/atmel/studio/7.0/toolchain/arm/arm-gnu-toolchain/bin/../lib/gcc/arm-none-eabi/6.3.1/../../../../arm-none-eabi/lib/thumb/v7e-m\libc_nano.a(lib_a-mlock.o)
                0x004031e4                __malloc_lock
 .text.__malloc_unlock
                0x004031e6        0x2 c:/program files (x86)/atmel/studio/7.0/toolchain/arm/arm-gnu-toolchain/bin/../lib/gcc/arm-none-eabi/6.3.1/../../../../arm-none-eabi/lib/thumb/v7e-m\libc_nano.a(lib_a-mlock.o)
                0x004031e6                __malloc_unlock
 .text._free_r  0x004031e8       0x9c c:/program files (x86)/atmel/studio/7.0/toolchain/arm/arm-gnu-toolchain/bin/../lib/gcc/arm-none-eabi/6.3.1/../../../../arm-none-eabi/lib/thumb/v7e-m\libc_nano.a(lib_a-nano-freer.o)
                0x004031e8                _free_r
 .text._realloc_r
                0x00403284       0x4c c:/program files (x86)/atmel/studio/7.0/toolchain/arm/arm-gnu-toolchain/bin/../lib/gcc/arm-none-eabi/6.3.1/../../../../arm-none-eabi/lib/thumb/v7e-m\libc_nano.a(lib_a-nano-reallocr.o)
                0x00403284                _realloc_r
 .text._malloc_usable_size_r
                0x004032d0       0x12 c:/program files (x86)/atmel/studio/7.0/toolchain/arm/arm-gnu-toolchain/bin/../lib/gcc/arm-none-eabi/6.3.1/../../../../arm-none-eabi/lib/thumb/v7e-m\libc_nano.a(lib_a-nano-msizer.o)
                0x004032d0                _malloc_usable_size_r
 *(.glue_7t)
 .glue_7t       0x004032e2        0x0 linker stubs
 *(.glue_7)
 .glue_7        0x004032e2        0x0 linker stubs
 *(.rodata .rodata* .gnu.linkonce.r.*)
 *fill*         0x004032e2        0x2 
 .rodata.str1.4
                0x004032e4       0x19 driver_init.o
 *fill*         0x004032fd        0x3 
 .rodata.str1.4
                0x00403300       0x14 hal/src/hal_io.o
 .rodata.str1.4
                0x00403314       0x1b hal/src/hal_rand_sync.o
 *fill*         0x0040332f        0x1 
 .rodata.str1.4
                0x00403330       0x1c hal/src/hal_usart_sync.o
 .rodata.str1.4
                0x0040334c       0x17 hpl/trng/hpl_trng.o
 *fill*         0x00403363        0x1 
 .rodata        0x00403364        0xc hpl/uart/hpl_uart.o
 .rodata.str1.4
                0x00403370       0x17 hpl/uart/hpl_uart.o
 *fill*         0x00403387        0x1 
 .rodata.str1.4
                0x00403388       0x15 hpl/wdt/hpl_wdt.o
 *fill*         0x0040339d        0x3 
 .rodata.str1.4
                0x004033a0       0xf9 main.o
 *fill*         0x00403499        0x3 
 .rodata.str1.4
                0x0040349c       0x17 thirdparty/RTOS/freertos/FreeRTOSV10.0.0/Source/tasks.o
 *fill*         0x004034b3        0x1 
 .rodata.str1.4
                0x004034b4        0x8 thirdparty/RTOS/freertos/FreeRTOSV10.0.0/Source/timers.o
 .rodata.__sf_fake_stderr
                0x004034bc       0x20 c:/program files (x86)/atmel/studio/7.0/toolchain/arm/arm-gnu-toolchain/bin/../lib/gcc/arm-none-eabi/6.3.1/../../../../arm-none-eabi/lib/thumb/v7e-m\libc_nano.a(lib_a-findfp.o)
                0x004034bc                __sf_fake_stderr
 .rodata.__sf_fake_stdin
                0x004034dc       0x20 c:/program files (x86)/atmel/studio/7.0/toolchain/arm/arm-gnu-toolchain/bin/../lib/gcc/arm-none-eabi/6.3.1/../../../../arm-none-eabi/lib/thumb/v7e-m\libc_nano.a(lib_a-findfp.o)
                0x004034dc                __sf_fake_stdin
 .rodata.__sf_fake_stdout
                0x004034fc       0x20 c:/program files (x86)/atmel/studio/7.0/toolchain/arm/arm-gnu-toolchain/bin/../lib/gcc/arm-none-eabi/6.3.1/../../../../arm-none-eabi/lib/thumb/v7e-m\libc_nano.a(lib_a-findfp.o)
                0x004034fc                __sf_fake_stdout
 .rodata._svfprintf_r.str1.1
                0x0040351c       0x11 c:/program files (x86)/atmel/studio/7.0/toolchain/arm/arm-gnu-toolchain/bin/../lib/gcc/arm-none-eabi/6.3.1/../../../../arm-none-eabi/lib/thumb/v7e-m\libc_nano.a(lib_a-nano-svfprintf.o)
 .rodata._printf_i.str1.1
                0x0040352d       0x22 c:/program files (x86)/atmel/studio/7.0/toolchain/arm/arm-gnu-toolchain/bin/../lib/gcc/arm-none-eabi/6.3.1/../../../../arm-none-eabi/lib/thumb/v7e-m\libc_nano.a(lib_a-nano-vfprintf_i.o)
 *(.ARM.extab* .gnu.linkonce.armextab.*)
                0x00403550                . = ALIGN (0x4)
 *fill*         0x0040354f        0x1 
 *(.init)
 .init          0x00403550        0x4 c:/program files (x86)/atmel/studio/7.0/toolchain/arm/arm-gnu-toolchain/bin/../lib/gcc/arm-none-eabi/6.3.1/thumb/v7e-m/crti.o
                0x00403550                _init
 .init          0x00403554        0x8 c:/program files (x86)/atmel/studio/7.0/toolchain/arm/arm-gnu-toolchain/bin/../lib/gcc/arm-none-eabi/6.3.1/thumb/v7e-m/crtn.o
                0x0040355c                . = ALIGN (0x4)
                0x0040355c                __preinit_array_start = .
 *(.preinit_array)
                0x0040355c                __preinit_array_end = .
                0x0040355c                . = ALIGN (0x4)
                0x0040355c                __init_array_start = .
 *(SORT(.init_array.*))
 *(.init_array)
 .init_array    0x0040355c        0x4 c:/program files (x86)/atmel/studio/7.0/toolchain/arm/arm-gnu-toolchain/bin/../lib/gcc/arm-none-eabi/6.3.1/thumb/v7e-m/crtbegin.o
                0x00403560                __init_array_end = .
                0x00403560                . = ALIGN (0x4)
 *crtbegin.o(.ctors)
 *(EXCLUDE_FILE(*crtend.o) .ctors)
 *(SORT(.ctors.*))
 *crtend.o(.ctors)
                0x00403560                . = ALIGN (0x4)
 *(.fini)
 .fini          0x00403560        0x4 c:/program files (x86)/atmel/studio/7.0/toolchain/arm/arm-gnu-toolchain/bin/../lib/gcc/arm-none-eabi/6.3.1/thumb/v7e-m/crti.o
                0x00403560                _fini
 .fini          0x00403564        0x8 c:/program files (x86)/atmel/studio/7.0/toolchain/arm/arm-gnu-toolchain/bin/../lib/gcc/arm-none-eabi/6.3.1/thumb/v7e-m/crtn.o
                0x0040356c                . = ALIGN (0x4)
                0x0040356c                __fini_array_start = .
 *(.fini_array)
 .fini_array    0x0040356c        0x4 c:/program files (x86)/atmel/studio/7.0/toolchain/arm/arm-gnu-toolchain/bin/../lib/gcc/arm-none-eabi/6.3.1/thumb/v7e-m/crtbegin.o
 *(SORT(.fini_array.*))
                0x00403570                __fini_array_end = .
 *crtbegin.o(.dtors)
 *(EXCLUDE_FILE(*crtend.o) .dtors)
 *(SORT(.dtors.*))
 *crtend.o(.dtors)
                0x00403570                . = ALIGN (0x4)
                0x00403570                _efixed = .
                [!provide]                PROVIDE (__exidx_start, .)

.vfp11_veneer   0x00403570        0x0
 .vfp11_veneer  0x00403570        0x0 linker stubs

.v4_bx          0x00403570        0x0
 .v4_bx         0x00403570        0x0 linker stubs

.iplt           0x00403570        0x0
 .iplt          0x00403570        0x0 c:/program files (x86)/atmel/studio/7.0/toolchain/arm/arm-gnu-toolchain/bin/../lib/gcc/arm-none-eabi/6.3.1/thumb/v7e-m/crtbegin.o

.eh_frame       0x00403570        0x0
 .eh_frame      0x00403570        0x0 c:/program files (x86)/atmel/studio/7.0/toolchain/arm/arm-gnu-toolchain/bin/../lib/gcc/arm-none-eabi/6.3.1/thumb/v7e-m/crtbegin.o

.rel.dyn        0x00403570        0x0
 .rel.iplt      0x00403570        0x0 c:/program files (x86)/atmel/studio/7.0/toolchain/arm/arm-gnu-toolchain/bin/../lib/gcc/arm-none-eabi/6.3.1/thumb/v7e-m/crtbegin.o

.jcr            0x00403570        0x0
 .jcr           0x00403570        0x0 c:/program files (x86)/atmel/studio/7.0/toolchain/arm/arm-gnu-toolchain/bin/../lib/gcc/arm-none-eabi/6.3.1/thumb/v7e-m/crtbegin.o

.igot.plt       0x00403570        0x0
 .igot.plt      0x00403570        0x0 c:/program files (x86)/atmel/studio/7.0/toolchain/arm/arm-gnu-toolchain/bin/../lib/gcc/arm-none-eabi/6.3.1/thumb/v7e-m/crtbegin.o

.ARM.exidx
 *(.ARM.exidx* .gnu.linkonce.armexidx.*)
                [!provide]                PROVIDE (__exidx_end, .)
                0x00403570                . = ALIGN (0x4)
                0x00403570                _etext = .

.relocate       0x20400000       0x68 load address 0x00403570
                0x20400000                . = ALIGN (0x4)
                0x20400000                _srelocate = .
 *(.ramfunc .ramfunc.*)
 *(.data .data.*)
 .data          0x20400000        0x4 thirdparty/RTOS/freertos/FreeRTOSV10.0.0/Source/portable/GCC/ARM_CM7/port.o
 .data._impure_ptr
                0x20400004        0x4 c:/program files (x86)/atmel/studio/7.0/toolchain/arm/arm-gnu-toolchain/bin/../lib/gcc/arm-none-eabi/6.3.1/../../../../arm-none-eabi/lib/thumb/v7e-m\libc_nano.a(lib_a-impure.o)
                0x20400004                _impure_ptr
 .data.impure_data
                0x20400008       0x60 c:/program files (x86)/atmel/studio/7.0/toolchain/arm/arm-gnu-toolchain/bin/../lib/gcc/arm-none-eabi/6.3.1/../../../../arm-none-eabi/lib/thumb/v7e-m\libc_nano.a(lib_a-impure.o)
                0x20400068                . = ALIGN (0x4)
                0x20400068                _erelocate = .

.bss            0x20400068      0xaf8 load address 0x004035d8
                0x20400068                . = ALIGN (0x4)
                0x20400068                _sbss = .
                0x20400068                _szero = .
 *(.bss .bss.*)
 .bss           0x20400068       0x1c c:/program files (x86)/atmel/studio/7.0/toolchain/arm/arm-gnu-toolchain/bin/../lib/gcc/arm-none-eabi/6.3.1/thumb/v7e-m/crtbegin.o
 .bss           0x20400084        0x4 hal/src/hal_delay.o
 .bss           0x20400088        0x4 hal/utils/src/utils_syscalls.o
 .bss           0x2040008c       0x15 main.o
 *fill*         0x204000a1        0x3 
 .bss           0x204000a4        0x8 thirdparty/RTOS/freertos/FreeRTOSV10.0.0/Source/portable/GCC/ARM_CM7/port.o
 .bss           0x204000ac      0x968 thirdparty/RTOS/freertos/FreeRTOSV10.0.0/Source/portable/MemMang/heap_1.o
 .bss           0x20400a14       0xec thirdparty/RTOS/freertos/FreeRTOSV10.0.0/Source/tasks.o
                0x20400ad8                pxCurrentTCB
 .bss           0x20400b00       0x3c thirdparty/RTOS/freertos/FreeRTOSV10.0.0/Source/timers.o
 .bss.__malloc_free_list
                0x20400b3c        0x4 c:/program files (x86)/atmel/studio/7.0/toolchain/arm/arm-gnu-toolchain/bin/../lib/gcc/arm-none-eabi/6.3.1/../../../../arm-none-eabi/lib/thumb/v7e-m\libc_nano.a(lib_a-nano-mallocr.o)
                0x20400b3c                __malloc_free_list
 .bss.__malloc_sbrk_start
                0x20400b40        0x4 c:/program files (x86)/atmel/studio/7.0/toolchain/arm/arm-gnu-toolchain/bin/../lib/gcc/arm-none-eabi/6.3.1/../../../../arm-none-eabi/lib/thumb/v7e-m\libc_nano.a(lib_a-nano-mallocr.o)
                0x20400b40                __malloc_sbrk_start
 *(COMMON)
 COMMON         0x20400b44       0x18 driver_init.o
                0x20400b44                RAND_0
                0x20400b4c                WDT_0
                0x20400b50                USART_0
 COMMON         0x20400b5c        0x4 c:/program files (x86)/atmel/studio/7.0/toolchain/arm/arm-gnu-toolchain/bin/../lib/gcc/arm-none-eabi/6.3.1/../../../../arm-none-eabi/lib/thumb/v7e-m\libc_nano.a(lib_a-reent.o)
                0x20400b5c                errno
                0x20400b60                . = ALIGN (0x4)
                0x20400b60                _ebss = .
                0x20400b60                _ezero = .

.heap           0x20400b60      0x200 load address 0x004040d0
                0x20400b60                . = ALIGN (0x8)
                0x20400b60                _sheap = .
                0x20400d60                . = (. + HEAP_SIZE)
 *fill*         0x20400b60      0x200 
                0x20400d60                . = ALIGN (0x8)
                0x20400d60                _eheap = .

.stack          0x20400d60      0x400 load address 0x004042d0
                0x20400d60                . = ALIGN (0x8)
                0x20400d60                _sstack = .
                0x20401160                . = (. + STACK_SIZE)
 *fill*         0x20400d60      0x400 
                0x20401160                . = ALIGN (0x8)
                0x20401160                _estack = .
                0x20401160                . = ALIGN (0x4)
                0x20401160                _end = .
                0x2045ffff                _ram_end_ = ((ORIGIN (ram) + LENGTH (ram)) - 0x1)
OUTPUT(RTOS_Priority.elf elf32-littlearm)

.ARM.attributes
                0x00000000       0x2e
 .ARM.attributes
                0x00000000       0x1e c:/program files (x86)/atmel/studio/7.0/toolchain/arm/arm-gnu-toolchain/bin/../lib/gcc/arm-none-eabi/6.3.1/thumb/v7e-m/crti.o
 .ARM.attributes
                0x0000001e       0x2e c:/program files (x86)/atmel/studio/7.0/toolchain/arm/arm-gnu-toolchain/bin/../lib/gcc/arm-none-eabi/6.3.1/thumb/v7e-m/crtbegin.o
 .ARM.attributes
                0x0000004c       0x37 atmel_start.o
 .ARM.attributes
                0x00000083       0x37 Device_Startup/startup_samv71q21b.o
 .ARM.attributes
                0x000000ba       0x37 driver_init.o
 .ARM.attributes
                0x000000f1       0x37 hal/src/hal_atomic.o
 .ARM.attributes
                0x00000128       0x37 hal/src/hal_delay.o
 .ARM.attributes
                0x0000015f       0x37 hal/src/hal_io.o
 .ARM.attributes
                0x00000196       0x37 hal/src/hal_rand_sync.o
 .ARM.attributes
                0x000001cd       0x37 hal/src/hal_usart_sync.o
 .ARM.attributes
                0x00000204       0x37 hal/utils/src/utils_assert.o
 .ARM.attributes
                0x0000023b       0x37 hal/utils/src/utils_syscalls.o
 .ARM.attributes
                0x00000272       0x37 hpl/core/hpl_init.o
 .ARM.attributes
                0x000002a9       0x37 hpl/pmc/hpl_pmc.o
 .ARM.attributes
                0x000002e0       0x37 hpl/systick/hpl_systick_ARMv7_base.o
 .ARM.attributes
                0x00000317       0x37 hpl/trng/hpl_trng.o
 .ARM.attributes
                0x0000034e       0x37 hpl/uart/hpl_uart.o
 .ARM.attributes
                0x00000385       0x37 hpl/wdt/hpl_wdt.o
 .ARM.attributes
                0x000003bc       0x37 main.o
 .ARM.attributes
                0x000003f3       0x37 thirdparty/RTOS/freertos/FreeRTOSV10.0.0/Source/list.o
 .ARM.attributes
                0x0000042a       0x37 thirdparty/RTOS/freertos/FreeRTOSV10.0.0/Source/portable/GCC/ARM_CM7/port.o
 .ARM.attributes
                0x00000461       0x37 thirdparty/RTOS/freertos/FreeRTOSV10.0.0/Source/portable/MemMang/heap_1.o
 .ARM.attributes
                0x00000498       0x37 thirdparty/RTOS/freertos/FreeRTOSV10.0.0/Source/queue.o
 .ARM.attributes
                0x000004cf       0x37 thirdparty/RTOS/freertos/FreeRTOSV10.0.0/Source/tasks.o
 .ARM.attributes
                0x00000506       0x37 thirdparty/RTOS/freertos/FreeRTOSV10.0.0/Source/timers.o
 .ARM.attributes
                0x0000053d       0x2e c:/program files (x86)/atmel/studio/7.0/toolchain/arm/arm-gnu-toolchain/bin/../lib/gcc/arm-none-eabi/6.3.1/../../../../arm-none-eabi/lib/thumb/v7e-m\libc_nano.a(lib_a-impure.o)
 .ARM.attributes
                0x0000056b       0x2e c:/program files (x86)/atmel/studio/7.0/toolchain/arm/arm-gnu-toolchain/bin/../lib/gcc/arm-none-eabi/6.3.1/../../../../arm-none-eabi/lib/thumb/v7e-m\libc_nano.a(lib_a-init.o)
 .ARM.attributes
                0x00000599       0x2e c:/program files (x86)/atmel/studio/7.0/toolchain/arm/arm-gnu-toolchain/bin/../lib/gcc/arm-none-eabi/6.3.1/../../../../arm-none-eabi/lib/thumb/v7e-m\libc_nano.a(lib_a-memcpy-stub.o)
 .ARM.attributes
                0x000005c7       0x2e c:/program files (x86)/atmel/studio/7.0/toolchain/arm/arm-gnu-toolchain/bin/../lib/gcc/arm-none-eabi/6.3.1/../../../../arm-none-eabi/lib/thumb/v7e-m\libc_nano.a(lib_a-memset.o)
 .ARM.attributes
                0x000005f5       0x2e c:/program files (x86)/atmel/studio/7.0/toolchain/arm/arm-gnu-toolchain/bin/../lib/gcc/arm-none-eabi/6.3.1/../../../../arm-none-eabi/lib/thumb/v7e-m\libc_nano.a(lib_a-sprintf.o)
 .ARM.attributes
                0x00000623       0x17 c:/program files (x86)/atmel/studio/7.0/toolchain/arm/arm-gnu-toolchain/bin/../lib/gcc/arm-none-eabi/6.3.1/../../../../arm-none-eabi/lib/thumb/v7e-m\libc_nano.a(lib_a-strlen.o)
 .ARM.attributes
                0x0000063a       0x2e c:/program files (x86)/atmel/studio/7.0/toolchain/arm/arm-gnu-toolchain/bin/../lib/gcc/arm-none-eabi/6.3.1/../../../../arm-none-eabi/lib/thumb/v7e-m\libc_nano.a(lib_a-findfp.o)
 .ARM.attributes
                0x00000668       0x2e c:/program files (x86)/atmel/studio/7.0/toolchain/arm/arm-gnu-toolchain/bin/../lib/gcc/arm-none-eabi/6.3.1/../../../../arm-none-eabi/lib/thumb/v7e-m\libc_nano.a(lib_a-nano-mallocr.o)
 .ARM.attributes
                0x00000696       0x2e c:/program files (x86)/atmel/studio/7.0/toolchain/arm/arm-gnu-toolchain/bin/../lib/gcc/arm-none-eabi/6.3.1/../../../../arm-none-eabi/lib/thumb/v7e-m\libc_nano.a(lib_a-nano-svfprintf.o)
 .ARM.attributes
                0x000006c4       0x2e c:/program files (x86)/atmel/studio/7.0/toolchain/arm/arm-gnu-toolchain/bin/../lib/gcc/arm-none-eabi/6.3.1/../../../../arm-none-eabi/lib/thumb/v7e-m\libc_nano.a(lib_a-nano-vfprintf_i.o)
 .ARM.attributes
                0x000006f2       0x2e c:/program files (x86)/atmel/studio/7.0/toolchain/arm/arm-gnu-toolchain/bin/../lib/gcc/arm-none-eabi/6.3.1/../../../../arm-none-eabi/lib/thumb/v7e-m\libc_nano.a(lib_a-sbrkr.o)
 .ARM.attributes
                0x00000720       0x1c c:/program files (x86)/atmel/studio/7.0/toolchain/arm/arm-gnu-toolchain/bin/../lib/gcc/arm-none-eabi/6.3.1/../../../../arm-none-eabi/lib/thumb/v7e-m\libc_nano.a(lib_a-memchr.o)
 .ARM.attributes
                0x0000073c       0x2e c:/program files (x86)/atmel/studio/7.0/toolchain/arm/arm-gnu-toolchain/bin/../lib/gcc/arm-none-eabi/6.3.1/../../../../arm-none-eabi/lib/thumb/v7e-m\libc_nano.a(lib_a-memmove.o)
 .ARM.attributes
                0x0000076a       0x2e c:/program files (x86)/atmel/studio/7.0/toolchain/arm/arm-gnu-toolchain/bin/../lib/gcc/arm-none-eabi/6.3.1/../../../../arm-none-eabi/lib/thumb/v7e-m\libc_nano.a(lib_a-mlock.o)
 .ARM.attributes
                0x00000798       0x2e c:/program files (x86)/atmel/studio/7.0/toolchain/arm/arm-gnu-toolchain/bin/../lib/gcc/arm-none-eabi/6.3.1/../../../../arm-none-eabi/lib/thumb/v7e-m\libc_nano.a(lib_a-nano-freer.o)
 .ARM.attributes
                0x000007c6       0x2e c:/program files (x86)/atmel/studio/7.0/toolchain/arm/arm-gnu-toolchain/bin/../lib/gcc/arm-none-eabi/6.3.1/../../../../arm-none-eabi/lib/thumb/v7e-m\libc_nano.a(lib_a-nano-reallocr.o)
 .ARM.attributes
                0x000007f4       0x2e c:/program files (x86)/atmel/studio/7.0/toolchain/arm/arm-gnu-toolchain/bin/../lib/gcc/arm-none-eabi/6.3.1/../../../../arm-none-eabi/lib/thumb/v7e-m\libc_nano.a(lib_a-reent.o)
 .ARM.attributes
                0x00000822       0x2e c:/program files (x86)/atmel/studio/7.0/toolchain/arm/arm-gnu-toolchain/bin/../lib/gcc/arm-none-eabi/6.3.1/../../../../arm-none-eabi/lib/thumb/v7e-m\libc_nano.a(lib_a-nano-msizer.o)
 .ARM.attributes
                0x00000850       0x1e c:/program files (x86)/atmel/studio/7.0/toolchain/arm/arm-gnu-toolchain/bin/../lib/gcc/arm-none-eabi/6.3.1/thumb/v7e-m/crtn.o

.comment        0x00000000       0x59
 .comment       0x00000000       0x59 atmel_start.o
                                 0x5a (size before relaxing)
 .comment       0x00000059       0x5a Device_Startup/startup_samv71q21b.o
 .comment       0x00000059       0x5a driver_init.o
 .comment       0x00000059       0x5a hal/src/hal_atomic.o
 .comment       0x00000059       0x5a hal/src/hal_delay.o
 .comment       0x00000059       0x5a hal/src/hal_io.o
 .comment       0x00000059       0x5a hal/src/hal_rand_sync.o
 .comment       0x00000059       0x5a hal/src/hal_usart_sync.o
 .comment       0x00000059       0x5a hal/utils/src/utils_assert.o
 .comment       0x00000059       0x5a hal/utils/src/utils_syscalls.o
 .comment       0x00000059       0x5a hpl/core/hpl_init.o
 .comment       0x00000059       0x5a hpl/pmc/hpl_pmc.o
 .comment       0x00000059       0x5a hpl/systick/hpl_systick_ARMv7_base.o
 .comment       0x00000059       0x5a hpl/trng/hpl_trng.o
 .comment       0x00000059       0x5a hpl/uart/hpl_uart.o
 .comment       0x00000059       0x5a hpl/wdt/hpl_wdt.o
 .comment       0x00000059       0x5a main.o
 .comment       0x00000059       0x5a thirdparty/RTOS/freertos/FreeRTOSV10.0.0/Source/list.o
 .comment       0x00000059       0x5a thirdparty/RTOS/freertos/FreeRTOSV10.0.0/Source/portable/GCC/ARM_CM7/port.o
 .comment       0x00000059       0x5a thirdparty/RTOS/freertos/FreeRTOSV10.0.0/Source/portable/MemMang/heap_1.o
 .comment       0x00000059       0x5a thirdparty/RTOS/freertos/FreeRTOSV10.0.0/Source/queue.o
 .comment       0x00000059       0x5a thirdparty/RTOS/freertos/FreeRTOSV10.0.0/Source/tasks.o
 .comment       0x00000059       0x5a thirdparty/RTOS/freertos/FreeRTOSV10.0.0/Source/timers.o

.debug_info     0x00000000    0x13047
 .debug_info    0x00000000      0x2b9 atmel_start.o
 .debug_info    0x000002b9      0xb34 Device_Startup/startup_samv71q21b.o
 .debug_info    0x00000ded      0xcb2 driver_init.o
 .debug_info    0x00001a9f      0x1fa hal/src/hal_atomic.o
 .debug_info    0x00001c99      0x205 hal/src/hal_delay.o
 .debug_info    0x00001e9e      0x311 hal/src/hal_io.o
 .debug_info    0x000021af      0x691 hal/src/hal_rand_sync.o
 .debug_info    0x00002840      0xd3b hal/src/hal_usart_sync.o
 .debug_info    0x0000357b      0x130 hal/utils/src/utils_assert.o
 .debug_info    0x000036ab      0xdca hal/utils/src/utils_syscalls.o
 .debug_info    0x00004475      0x6be hpl/core/hpl_init.o
 .debug_info    0x00004b33      0x894 hpl/pmc/hpl_pmc.o
 .debug_info    0x000053c7      0x289 hpl/systick/hpl_systick_ARMv7_base.o
 .debug_info    0x00005650      0x546 hpl/trng/hpl_trng.o
 .debug_info    0x00005b96     0x2d3a hpl/uart/hpl_uart.o
 .debug_info    0x000088d0      0x4c3 hpl/wdt/hpl_wdt.o
 .debug_info    0x00008d93     0x10f4 main.o
 .debug_info    0x00009e87      0xbd8 thirdparty/RTOS/freertos/FreeRTOSV10.0.0/Source/list.o
 .debug_info    0x0000aa5f      0x55b thirdparty/RTOS/freertos/FreeRTOSV10.0.0/Source/portable/GCC/ARM_CM7/port.o
 .debug_info    0x0000afba      0xb02 thirdparty/RTOS/freertos/FreeRTOSV10.0.0/Source/portable/MemMang/heap_1.o
 .debug_info    0x0000babc     0x2ba1 thirdparty/RTOS/freertos/FreeRTOSV10.0.0/Source/queue.o
 .debug_info    0x0000e65d     0x2fb1 thirdparty/RTOS/freertos/FreeRTOSV10.0.0/Source/tasks.o
 .debug_info    0x0001160e     0x1a39 thirdparty/RTOS/freertos/FreeRTOSV10.0.0/Source/timers.o

.debug_abbrev   0x00000000     0x303b
 .debug_abbrev  0x00000000       0xf2 atmel_start.o
 .debug_abbrev  0x000000f2      0x153 Device_Startup/startup_samv71q21b.o
 .debug_abbrev  0x00000245      0x2bb driver_init.o
 .debug_abbrev  0x00000500      0x155 hal/src/hal_atomic.o
 .debug_abbrev  0x00000655       0xf9 hal/src/hal_delay.o
 .debug_abbrev  0x0000074e      0x12d hal/src/hal_io.o
 .debug_abbrev  0x0000087b      0x190 hal/src/hal_rand_sync.o
 .debug_abbrev  0x00000a0b      0x22f hal/src/hal_usart_sync.o
 .debug_abbrev  0x00000c3a       0x9e hal/utils/src/utils_assert.o
 .debug_abbrev  0x00000cd8      0x269 hal/utils/src/utils_syscalls.o
 .debug_abbrev  0x00000f41      0x1e7 hpl/core/hpl_init.o
 .debug_abbrev  0x00001128      0x1b7 hpl/pmc/hpl_pmc.o
 .debug_abbrev  0x000012df      0x174 hpl/systick/hpl_systick_ARMv7_base.o
 .debug_abbrev  0x00001453      0x1bc hpl/trng/hpl_trng.o
 .debug_abbrev  0x0000160f      0x433 hpl/uart/hpl_uart.o
 .debug_abbrev  0x00001a42      0x1b1 hpl/wdt/hpl_wdt.o
 .debug_abbrev  0x00001bf3      0x260 main.o
 .debug_abbrev  0x00001e53      0x221 thirdparty/RTOS/freertos/FreeRTOSV10.0.0/Source/list.o
 .debug_abbrev  0x00002074      0x249 thirdparty/RTOS/freertos/FreeRTOSV10.0.0/Source/portable/GCC/ARM_CM7/port.o
 .debug_abbrev  0x000022bd      0x27d thirdparty/RTOS/freertos/FreeRTOSV10.0.0/Source/portable/MemMang/heap_1.o
 .debug_abbrev  0x0000253a      0x385 thirdparty/RTOS/freertos/FreeRTOSV10.0.0/Source/queue.o
 .debug_abbrev  0x000028bf      0x425 thirdparty/RTOS/freertos/FreeRTOSV10.0.0/Source/tasks.o
 .debug_abbrev  0x00002ce4      0x357 thirdparty/RTOS/freertos/FreeRTOSV10.0.0/Source/timers.o

.debug_loc      0x00000000     0x86fd
 .debug_loc     0x00000000       0x20 atmel_start.o
 .debug_loc     0x00000020       0x78 Device_Startup/startup_samv71q21b.o
 .debug_loc     0x00000098      0x1ae driver_init.o
 .debug_loc     0x00000246       0x13 hal/src/hal_atomic.o
 .debug_loc     0x00000259       0xc3 hal/src/hal_delay.o
 .debug_loc     0x0000031c      0x132 hal/src/hal_io.o
 .debug_loc     0x0000044e      0x561 hal/src/hal_rand_sync.o
 .debug_loc     0x000009af      0x8b2 hal/src/hal_usart_sync.o
 .debug_loc     0x00001261      0x13b hal/utils/src/utils_syscalls.o
 .debug_loc     0x0000139c       0x77 hpl/core/hpl_init.o
 .debug_loc     0x00001413      0x204 hpl/pmc/hpl_pmc.o
 .debug_loc     0x00001617      0x127 hpl/systick/hpl_systick_ARMv7_base.o
 .debug_loc     0x0000173e      0x239 hpl/trng/hpl_trng.o
 .debug_loc     0x00001977     0x1b33 hpl/uart/hpl_uart.o
 .debug_loc     0x000034aa      0x443 hpl/wdt/hpl_wdt.o
 .debug_loc     0x000038ed      0x1cf main.o
 .debug_loc     0x00003abc       0x9c thirdparty/RTOS/freertos/FreeRTOSV10.0.0/Source/list.o
 .debug_loc     0x00003b58      0x160 thirdparty/RTOS/freertos/FreeRTOSV10.0.0/Source/portable/GCC/ARM_CM7/port.o
 .debug_loc     0x00003cb8       0x74 thirdparty/RTOS/freertos/FreeRTOSV10.0.0/Source/portable/MemMang/heap_1.o
 .debug_loc     0x00003d2c     0x1acd thirdparty/RTOS/freertos/FreeRTOSV10.0.0/Source/queue.o
 .debug_loc     0x000057f9     0x2045 thirdparty/RTOS/freertos/FreeRTOSV10.0.0/Source/tasks.o
 .debug_loc     0x0000783e      0xebf thirdparty/RTOS/freertos/FreeRTOSV10.0.0/Source/timers.o

.debug_aranges  0x00000000      0xae0
 .debug_aranges
                0x00000000       0x20 atmel_start.o
 .debug_aranges
                0x00000020       0x28 Device_Startup/startup_samv71q21b.o
 .debug_aranges
                0x00000048       0x58 driver_init.o
 .debug_aranges
                0x000000a0       0x30 hal/src/hal_atomic.o
 .debug_aranges
                0x000000d0       0x38 hal/src/hal_delay.o
 .debug_aranges
                0x00000108       0x30 hal/src/hal_io.o
 .debug_aranges
                0x00000138       0x70 hal/src/hal_rand_sync.o
 .debug_aranges
                0x000001a8       0xa8 hal/src/hal_usart_sync.o
 .debug_aranges
                0x00000250       0x20 hal/utils/src/utils_assert.o
 .debug_aranges
                0x00000270       0x60 hal/utils/src/utils_syscalls.o
 .debug_aranges
                0x000002d0       0x20 hpl/core/hpl_init.o
 .debug_aranges
                0x000002f0       0x30 hpl/pmc/hpl_pmc.o
 .debug_aranges
                0x00000320       0x48 hpl/systick/hpl_systick_ARMv7_base.o
 .debug_aranges
                0x00000368       0x48 hpl/trng/hpl_trng.o
 .debug_aranges
                0x000003b0      0x1c8 hpl/uart/hpl_uart.o
 .debug_aranges
                0x00000578       0x50 hpl/wdt/hpl_wdt.o
 .debug_aranges
                0x000005c8       0x50 main.o
 .debug_aranges
                0x00000618       0x40 thirdparty/RTOS/freertos/FreeRTOSV10.0.0/Source/list.o
 .debug_aranges
                0x00000658       0x80 thirdparty/RTOS/freertos/FreeRTOSV10.0.0/Source/portable/GCC/ARM_CM7/port.o
 .debug_aranges
                0x000006d8       0x38 thirdparty/RTOS/freertos/FreeRTOSV10.0.0/Source/portable/MemMang/heap_1.o
 .debug_aranges
                0x00000710      0x148 thirdparty/RTOS/freertos/FreeRTOSV10.0.0/Source/queue.o
 .debug_aranges
                0x00000858      0x1c0 thirdparty/RTOS/freertos/FreeRTOSV10.0.0/Source/tasks.o
 .debug_aranges
                0x00000a18       0xc8 thirdparty/RTOS/freertos/FreeRTOSV10.0.0/Source/timers.o

.debug_ranges   0x00000000      0xb48
 .debug_ranges  0x00000000       0x10 atmel_start.o
 .debug_ranges  0x00000010       0x18 Device_Startup/startup_samv71q21b.o
 .debug_ranges  0x00000028       0x48 driver_init.o
 .debug_ranges  0x00000070       0x20 hal/src/hal_atomic.o
 .debug_ranges  0x00000090       0x28 hal/src/hal_delay.o
 .debug_ranges  0x000000b8       0x20 hal/src/hal_io.o
 .debug_ranges  0x000000d8       0x60 hal/src/hal_rand_sync.o
 .debug_ranges  0x00000138       0x98 hal/src/hal_usart_sync.o
 .debug_ranges  0x000001d0       0x10 hal/utils/src/utils_assert.o
 .debug_ranges  0x000001e0       0x50 hal/utils/src/utils_syscalls.o
 .debug_ranges  0x00000230       0x10 hpl/core/hpl_init.o
 .debug_ranges  0x00000240       0x20 hpl/pmc/hpl_pmc.o
 .debug_ranges  0x00000260       0x38 hpl/systick/hpl_systick_ARMv7_base.o
 .debug_ranges  0x00000298       0x38 hpl/trng/hpl_trng.o
 .debug_ranges  0x000002d0      0x1b8 hpl/uart/hpl_uart.o
 .debug_ranges  0x00000488       0x40 hpl/wdt/hpl_wdt.o
 .debug_ranges  0x000004c8       0x40 main.o
 .debug_ranges  0x00000508       0x30 thirdparty/RTOS/freertos/FreeRTOSV10.0.0/Source/list.o
 .debug_ranges  0x00000538       0x70 thirdparty/RTOS/freertos/FreeRTOSV10.0.0/Source/portable/GCC/ARM_CM7/port.o
 .debug_ranges  0x000005a8       0x28 thirdparty/RTOS/freertos/FreeRTOSV10.0.0/Source/portable/MemMang/heap_1.o
 .debug_ranges  0x000005d0      0x240 thirdparty/RTOS/freertos/FreeRTOSV10.0.0/Source/queue.o
 .debug_ranges  0x00000810      0x280 thirdparty/RTOS/freertos/FreeRTOSV10.0.0/Source/tasks.o
 .debug_ranges  0x00000a90       0xb8 thirdparty/RTOS/freertos/FreeRTOSV10.0.0/Source/timers.o

.debug_macro    0x00000000    0x3e60c
 .debug_macro   0x00000000      0x863 atmel_start.o
 .debug_macro   0x00000863      0x8b0 atmel_start.o
 .debug_macro   0x00001113      0x16d atmel_start.o
 .debug_macro   0x00001280       0x22 atmel_start.o
 .debug_macro   0x000012a2       0x87 atmel_start.o
 .debug_macro   0x00001329       0x51 atmel_start.o
 .debug_macro   0x0000137a       0xef atmel_start.o
 .debug_macro   0x00001469       0x6a atmel_start.o
 .debug_macro   0x000014d3      0x1df atmel_start.o
 .debug_macro   0x000016b2       0x22 atmel_start.o
 .debug_macro   0x000016d4       0xd7 atmel_start.o
 .debug_macro   0x000017ab       0x1c atmel_start.o
 .debug_macro   0x000017c7       0x22 atmel_start.o
 .debug_macro   0x000017e9       0xdf atmel_start.o
 .debug_macro   0x000018c8     0x12cd atmel_start.o
 .debug_macro   0x00002b95      0x11f atmel_start.o
 .debug_macro   0x00002cb4       0x19 atmel_start.o
 .debug_macro   0x00002ccd      0x3e2 atmel_start.o
 .debug_macro   0x000030af      0x5a9 atmel_start.o
 .debug_macro   0x00003658     0x1797 atmel_start.o
 .debug_macro   0x00004def      0x3bb atmel_start.o
 .debug_macro   0x000051aa      0x830 atmel_start.o
 .debug_macro   0x000059da      0x316 atmel_start.o
 .debug_macro   0x00005cf0     0x269d atmel_start.o
 .debug_macro   0x0000838d       0x40 atmel_start.o
 .debug_macro   0x000083cd     0x105e atmel_start.o
 .debug_macro   0x0000942b      0x60b atmel_start.o
 .debug_macro   0x00009a36      0x555 atmel_start.o
 .debug_macro   0x00009f8b      0xb8f atmel_start.o
 .debug_macro   0x0000ab1a      0x62e atmel_start.o
 .debug_macro   0x0000b148     0x3ac9 atmel_start.o
 .debug_macro   0x0000ec11      0x6bf atmel_start.o
 .debug_macro   0x0000f2d0     0x83ff atmel_start.o
 .debug_macro   0x000176cf     0x326e atmel_start.o
 .debug_macro   0x0001a93d     0x24d0 atmel_start.o
 .debug_macro   0x0001ce0d      0x87f atmel_start.o
 .debug_macro   0x0001d68c      0x17d atmel_start.o
 .debug_macro   0x0001d809      0x118 atmel_start.o
 .debug_macro   0x0001d921      0x909 atmel_start.o
 .debug_macro   0x0001e22a      0x125 atmel_start.o
 .debug_macro   0x0001e34f      0x503 atmel_start.o
 .debug_macro   0x0001e852      0x3e0 atmel_start.o
 .debug_macro   0x0001ec32      0x709 atmel_start.o
 .debug_macro   0x0001f33b      0xb64 atmel_start.o
 .debug_macro   0x0001fe9f      0xf03 atmel_start.o
 .debug_macro   0x00020da2      0xff2 atmel_start.o
 .debug_macro   0x00021d94      0x1a8 atmel_start.o
 .debug_macro   0x00021f3c      0x124 atmel_start.o
 .debug_macro   0x00022060      0xbc2 atmel_start.o
 .debug_macro   0x00022c22      0x5c5 atmel_start.o
 .debug_macro   0x000231e7     0x1afb atmel_start.o
 .debug_macro   0x00024ce2      0x664 atmel_start.o
 .debug_macro   0x00025346     0x41a7 atmel_start.o
 .debug_macro   0x000294ed      0x64f atmel_start.o
 .debug_macro   0x00029b3c       0xc4 atmel_start.o
 .debug_macro   0x00029c00      0x12d atmel_start.o
 .debug_macro   0x00029d2d     0x2a5f atmel_start.o
 .debug_macro   0x0002c78c       0x7c atmel_start.o
 .debug_macro   0x0002c808      0x14e atmel_start.o
 .debug_macro   0x0002c956       0xf4 atmel_start.o
 .debug_macro   0x0002ca4a       0xf4 atmel_start.o
 .debug_macro   0x0002cb3e       0x16 atmel_start.o
 .debug_macro   0x0002cb54       0x7c atmel_start.o
 .debug_macro   0x0002cbd0       0x40 atmel_start.o
 .debug_macro   0x0002cc10      0x623 atmel_start.o
 .debug_macro   0x0002d233       0x40 atmel_start.o
 .debug_macro   0x0002d273      0x7ce atmel_start.o
 .debug_macro   0x0002da41       0x6a atmel_start.o
 .debug_macro   0x0002daab       0x6a atmel_start.o
 .debug_macro   0x0002db15       0x88 atmel_start.o
 .debug_macro   0x0002db9d       0xac atmel_start.o
 .debug_macro   0x0002dc49      0x142 atmel_start.o
 .debug_macro   0x0002dd8b      0x138 atmel_start.o
 .debug_macro   0x0002dec3      0x138 atmel_start.o
 .debug_macro   0x0002dffb       0xee atmel_start.o
 .debug_macro   0x0002e0e9      0x187 atmel_start.o
 .debug_macro   0x0002e270      0x180 atmel_start.o
 .debug_macro   0x0002e3f0      0x180 atmel_start.o
 .debug_macro   0x0002e570      0x180 atmel_start.o
 .debug_macro   0x0002e6f0      0x180 atmel_start.o
 .debug_macro   0x0002e870      0x121 atmel_start.o
 .debug_macro   0x0002e991      0x352 atmel_start.o
 .debug_macro   0x0002ece3      0x352 atmel_start.o
 .debug_macro   0x0002f035       0x82 atmel_start.o
 .debug_macro   0x0002f0b7       0x22 atmel_start.o
 .debug_macro   0x0002f0d9       0x22 atmel_start.o
 .debug_macro   0x0002f0fb       0x58 atmel_start.o
 .debug_macro   0x0002f153       0x28 atmel_start.o
 .debug_macro   0x0002f17b       0x64 atmel_start.o
 .debug_macro   0x0002f1df       0x94 atmel_start.o
 .debug_macro   0x0002f273       0x7c atmel_start.o
 .debug_macro   0x0002f2ef       0x7c atmel_start.o
 .debug_macro   0x0002f36b       0x8e atmel_start.o
 .debug_macro   0x0002f3f9       0x34 atmel_start.o
 .debug_macro   0x0002f42d      0x1a8 atmel_start.o
 .debug_macro   0x0002f5d5      0x1a8 atmel_start.o
 .debug_macro   0x0002f77d      0x1a8 atmel_start.o
 .debug_macro   0x0002f925      0x1a8 atmel_start.o
 .debug_macro   0x0002facd       0x3a atmel_start.o
 .debug_macro   0x0002fb07       0x82 atmel_start.o
 .debug_macro   0x0002fb89       0x82 atmel_start.o
 .debug_macro   0x0002fc0b       0x82 atmel_start.o
 .debug_macro   0x0002fc8d       0x70 atmel_start.o
 .debug_macro   0x0002fcfd       0x70 atmel_start.o
 .debug_macro   0x0002fd6d       0x70 atmel_start.o
 .debug_macro   0x0002fddd       0x70 atmel_start.o
 .debug_macro   0x0002fe4d       0x70 atmel_start.o
 .debug_macro   0x0002febd       0xf4 atmel_start.o
 .debug_macro   0x0002ffb1       0xf4 atmel_start.o
 .debug_macro   0x000300a5       0xf4 atmel_start.o
 .debug_macro   0x00030199      0x71f atmel_start.o
 .debug_macro   0x000308b8       0x16 atmel_start.o
 .debug_macro   0x000308ce       0x22 atmel_start.o
 .debug_macro   0x000308f0      0x9bf atmel_start.o
 .debug_macro   0x000312af      0x59f atmel_start.o
 .debug_macro   0x0003184e     0x2879 atmel_start.o
 .debug_macro   0x000340c7      0x169 atmel_start.o
 .debug_macro   0x00034230       0x10 atmel_start.o
 .debug_macro   0x00034240       0x10 atmel_start.o
 .debug_macro   0x00034250       0x16 atmel_start.o
 .debug_macro   0x00034266       0x16 atmel_start.o
 .debug_macro   0x0003427c       0x16 atmel_start.o
 .debug_macro   0x00034292       0x16 atmel_start.o
 .debug_macro   0x000342a8       0x16 atmel_start.o
 .debug_macro   0x000342be       0x16 atmel_start.o
 .debug_macro   0x000342d4       0x16 atmel_start.o
 .debug_macro   0x000342ea       0x16 atmel_start.o
 .debug_macro   0x00034300       0x16 atmel_start.o
 .debug_macro   0x00034316       0x16 atmel_start.o
 .debug_macro   0x0003432c       0x16 atmel_start.o
 .debug_macro   0x00034342       0x16 atmel_start.o
 .debug_macro   0x00034358       0x16 atmel_start.o
 .debug_macro   0x0003436e       0x16 atmel_start.o
 .debug_macro   0x00034384       0x16 atmel_start.o
 .debug_macro   0x0003439a       0x16 atmel_start.o
 .debug_macro   0x000343b0       0x16 atmel_start.o
 .debug_macro   0x000343c6       0x16 atmel_start.o
 .debug_macro   0x000343dc       0x16 atmel_start.o
 .debug_macro   0x000343f2       0x16 atmel_start.o
 .debug_macro   0x00034408       0x16 atmel_start.o
 .debug_macro   0x0003441e       0x16 atmel_start.o
 .debug_macro   0x00034434       0x16 atmel_start.o
 .debug_macro   0x0003444a       0x16 atmel_start.o
 .debug_macro   0x00034460       0x16 atmel_start.o
 .debug_macro   0x00034476       0x16 atmel_start.o
 .debug_macro   0x0003448c       0x16 atmel_start.o
 .debug_macro   0x000344a2      0x27e atmel_start.o
 .debug_macro   0x00034720       0x16 atmel_start.o
 .debug_macro   0x00034736       0x16 atmel_start.o
 .debug_macro   0x0003474c       0x16 atmel_start.o
 .debug_macro   0x00034762      0x373 atmel_start.o
 .debug_macro   0x00034ad5       0xa9 atmel_start.o
 .debug_macro   0x00034b7e       0x16 atmel_start.o
 .debug_macro   0x00034b94       0x16 atmel_start.o
 .debug_macro   0x00034baa       0x16 atmel_start.o
 .debug_macro   0x00034bc0       0xca atmel_start.o
 .debug_macro   0x00034c8a       0x1c atmel_start.o
 .debug_macro   0x00034ca6       0x16 atmel_start.o
 .debug_macro   0x00034cbc       0x1c atmel_start.o
 .debug_macro   0x00034cd8       0x3a atmel_start.o
 .debug_macro   0x00034d12      0x183 atmel_start.o
 .debug_macro   0x00034e95      0x15a atmel_start.o
 .debug_macro   0x00034fef       0xc2 atmel_start.o
 .debug_macro   0x000350b1       0x10 atmel_start.o
 .debug_macro   0x000350c1       0x1f atmel_start.o
 .debug_macro   0x000350e0      0x45c atmel_start.o
 .debug_macro   0x0003553c       0xb5 atmel_start.o
 .debug_macro   0x000355f1       0x8c atmel_start.o
 .debug_macro   0x0003567d       0x86 atmel_start.o
 .debug_macro   0x00035703       0x7e atmel_start.o
 .debug_macro   0x00035781       0x22 atmel_start.o
 .debug_macro   0x000357a3      0x49c Device_Startup/startup_samv71q21b.o
 .debug_macro   0x00035c3f       0xd1 Device_Startup/startup_samv71q21b.o
 .debug_macro   0x00035d10      0x798 driver_init.o
 .debug_macro   0x000364a8       0x10 driver_init.o
 .debug_macro   0x000364b8       0xc9 driver_init.o
 .debug_macro   0x00036581      0x669 hal/src/hal_atomic.o
 .debug_macro   0x00036bea      0x6a0 hal/src/hal_delay.o
 .debug_macro   0x0003728a      0x67e hal/src/hal_io.o
 .debug_macro   0x00037908      0x693 hal/src/hal_rand_sync.o
 .debug_macro   0x00037f9b      0x6a9 hal/src/hal_usart_sync.o
 .debug_macro   0x00038644      0x673 hal/utils/src/utils_assert.o
 .debug_macro   0x00038cb7       0x10 hal/utils/src/utils_assert.o
 .debug_macro   0x00038cc7      0x1d6 hal/utils/src/utils_syscalls.o
 .debug_macro   0x00038e9d       0x52 hal/utils/src/utils_syscalls.o
 .debug_macro   0x00038eef       0x8d hal/utils/src/utils_syscalls.o
 .debug_macro   0x00038f7c       0x16 hal/utils/src/utils_syscalls.o
 .debug_macro   0x00038f92       0x57 hal/utils/src/utils_syscalls.o
 .debug_macro   0x00038fe9       0x97 hal/utils/src/utils_syscalls.o
 .debug_macro   0x00039080      0x353 hal/utils/src/utils_syscalls.o
 .debug_macro   0x000393d3       0xf6 hal/utils/src/utils_syscalls.o
 .debug_macro   0x000394c9       0x10 hal/utils/src/utils_syscalls.o
 .debug_macro   0x000394d9       0x10 hal/utils/src/utils_syscalls.o
 .debug_macro   0x000394e9       0x1c hal/utils/src/utils_syscalls.o
 .debug_macro   0x00039505       0x52 hal/utils/src/utils_syscalls.o
 .debug_macro   0x00039557       0x40 hal/utils/src/utils_syscalls.o
 .debug_macro   0x00039597       0x10 hal/utils/src/utils_syscalls.o
 .debug_macro   0x000395a7       0x40 hal/utils/src/utils_syscalls.o
 .debug_macro   0x000395e7       0xd7 hal/utils/src/utils_syscalls.o
 .debug_macro   0x000396be       0x16 hal/utils/src/utils_syscalls.o
 .debug_macro   0x000396d4      0x18b hal/utils/src/utils_syscalls.o
 .debug_macro   0x0003985f       0x4c hal/utils/src/utils_syscalls.o
 .debug_macro   0x000398ab       0x16 hal/utils/src/utils_syscalls.o
 .debug_macro   0x000398c1       0x10 hal/utils/src/utils_syscalls.o
 .debug_macro   0x000398d1       0x10 hal/utils/src/utils_syscalls.o
 .debug_macro   0x000398e1       0x35 hal/utils/src/utils_syscalls.o
 .debug_macro   0x00039916      0x122 hal/utils/src/utils_syscalls.o
 .debug_macro   0x00039a38      0x6e1 hpl/core/hpl_init.o
 .debug_macro   0x0003a119      0x324 hpl/core/hpl_init.o
 .debug_macro   0x0003a43d      0x9df hpl/core/hpl_init.o
 .debug_macro   0x0003ae1c      0x692 hpl/pmc/hpl_pmc.o
 .debug_macro   0x0003b4ae      0x678 hpl/systick/hpl_systick_ARMv7_base.o
 .debug_macro   0x0003bb26       0x10 hpl/systick/hpl_systick_ARMv7_base.o
 .debug_macro   0x0003bb36      0x67d hpl/trng/hpl_trng.o
 .debug_macro   0x0003c1b3      0x6e5 hpl/uart/hpl_uart.o
 .debug_macro   0x0003c898       0x34 hpl/uart/hpl_uart.o
 .debug_macro   0x0003c8cc      0x688 hpl/wdt/hpl_wdt.o
 .debug_macro   0x0003cf54       0x3a hpl/wdt/hpl_wdt.o
 .debug_macro   0x0003cf8e      0xa20 main.o
 .debug_macro   0x0003d9ae       0x16 main.o
 .debug_macro   0x0003d9c4       0x16 main.o
 .debug_macro   0x0003d9da       0x29 main.o
 .debug_macro   0x0003da03       0x16 main.o
 .debug_macro   0x0003da19      0x18a thirdparty/RTOS/freertos/FreeRTOSV10.0.0/Source/list.o
 .debug_macro   0x0003dba3      0x193 thirdparty/RTOS/freertos/FreeRTOSV10.0.0/Source/portable/GCC/ARM_CM7/port.o
 .debug_macro   0x0003dd36      0x1ab thirdparty/RTOS/freertos/FreeRTOSV10.0.0/Source/portable/MemMang/heap_1.o
 .debug_macro   0x0003dee1      0x206 thirdparty/RTOS/freertos/FreeRTOSV10.0.0/Source/queue.o
 .debug_macro   0x0003e0e7      0x32c thirdparty/RTOS/freertos/FreeRTOSV10.0.0/Source/tasks.o
 .debug_macro   0x0003e413       0x10 thirdparty/RTOS/freertos/FreeRTOSV10.0.0/Source/tasks.o
 .debug_macro   0x0003e423       0x1c thirdparty/RTOS/freertos/FreeRTOSV10.0.0/Source/tasks.o
 .debug_macro   0x0003e43f      0x1cd thirdparty/RTOS/freertos/FreeRTOSV10.0.0/Source/timers.o

.debug_line     0x00000000    0x10f42
 .debug_line    0x00000000      0xfbe atmel_start.o
 .debug_line    0x00000fbe      0x900 Device_Startup/startup_samv71q21b.o
 .debug_line    0x000018be      0xea5 driver_init.o
 .debug_line    0x00002763      0xc78 hal/src/hal_atomic.o
 .debug_line    0x000033db      0xcac hal/src/hal_delay.o
 .debug_line    0x00004087      0xc70 hal/src/hal_io.o
 .debug_line    0x00004cf7      0xd8d hal/src/hal_rand_sync.o
 .debug_line    0x00005a84      0xe19 hal/src/hal_usart_sync.o
 .debug_line    0x0000689d      0xc4d hal/utils/src/utils_assert.o
 .debug_line    0x000074ea      0x40a hal/utils/src/utils_syscalls.o
 .debug_line    0x000078f4      0xd33 hpl/core/hpl_init.o
 .debug_line    0x00008627      0xd3e hpl/pmc/hpl_pmc.o
 .debug_line    0x00009365      0xce7 hpl/systick/hpl_systick_ARMv7_base.o
 .debug_line    0x0000a04c      0xce3 hpl/trng/hpl_trng.o
 .debug_line    0x0000ad2f     0x1259 hpl/uart/hpl_uart.o
 .debug_line    0x0000bf88      0xda0 hpl/wdt/hpl_wdt.o
 .debug_line    0x0000cd28     0x11ae main.o
 .debug_line    0x0000ded6      0x49d thirdparty/RTOS/freertos/FreeRTOSV10.0.0/Source/list.o
 .debug_line    0x0000e373      0x4e5 thirdparty/RTOS/freertos/FreeRTOSV10.0.0/Source/portable/GCC/ARM_CM7/port.o
 .debug_line    0x0000e858      0x494 thirdparty/RTOS/freertos/FreeRTOSV10.0.0/Source/portable/MemMang/heap_1.o
 .debug_line    0x0000ecec      0xc20 thirdparty/RTOS/freertos/FreeRTOSV10.0.0/Source/queue.o
 .debug_line    0x0000f90c      0xf34 thirdparty/RTOS/freertos/FreeRTOSV10.0.0/Source/tasks.o
 .debug_line    0x00010840      0x702 thirdparty/RTOS/freertos/FreeRTOSV10.0.0/Source/timers.o

.debug_str      0x00000000   0x14bee1
 .debug_str     0x00000000   0x13e989 atmel_start.o
                             0x13f30c (size before relaxing)
 .debug_str     0x0013e989      0x78d Device_Startup/startup_samv71q21b.o
                             0x1353d1 (size before relaxing)
 .debug_str     0x0013f116      0x8e2 driver_init.o
                             0x13b548 (size before relaxing)
 .debug_str     0x0013f9f8       0xb7 hal/src/hal_atomic.o
                             0x13a789 (size before relaxing)
 .debug_str     0x0013faaf       0x9b hal/src/hal_delay.o
                             0x13a7f3 (size before relaxing)
 .debug_str     0x0013fb4a       0x44 hal/src/hal_io.o
                             0x13a824 (size before relaxing)
 .debug_str     0x0013fb8e      0x127 hal/src/hal_rand_sync.o
                             0x13adf3 (size before relaxing)
 .debug_str     0x0013fcb5      0x4aa hal/src/hal_usart_sync.o
                             0x13b2c4 (size before relaxing)
 .debug_str     0x0014015f       0x2a hal/utils/src/utils_assert.o
                             0x13a799 (size before relaxing)
 .debug_str     0x00140189     0x4501 hal/utils/src/utils_syscalls.o
                               0x73b8 (size before relaxing)
 .debug_str     0x0014468a     0x307f hpl/core/hpl_init.o
                             0x13db97 (size before relaxing)
 .debug_str     0x00147709      0x1d6 hpl/pmc/hpl_pmc.o
                             0x13b7c7 (size before relaxing)
 .debug_str     0x001478df       0xde hpl/systick/hpl_systick_ARMv7_base.o
                             0x13a7f2 (size before relaxing)
 .debug_str     0x001479bd       0x8d hpl/trng/hpl_trng.o
                             0x13a903 (size before relaxing)
 .debug_str     0x00147a4a      0xfcb hpl/uart/hpl_uart.o
                             0x13c283 (size before relaxing)
 .debug_str     0x00148a15      0x271 hpl/wdt/hpl_wdt.o
                             0x13aa34 (size before relaxing)
 .debug_str     0x00148c86      0x236 main.o
                             0x1433d6 (size before relaxing)
 .debug_str     0x00148ebc      0x150 thirdparty/RTOS/freertos/FreeRTOSV10.0.0/Source/list.o
                               0x9a54 (size before relaxing)
 .debug_str     0x0014900c      0x793 thirdparty/RTOS/freertos/FreeRTOSV10.0.0/Source/portable/GCC/ARM_CM7/port.o
                               0x78d8 (size before relaxing)
 .debug_str     0x0014979f      0x176 thirdparty/RTOS/freertos/FreeRTOSV10.0.0/Source/portable/MemMang/heap_1.o
                               0x9ff2 (size before relaxing)
 .debug_str     0x00149915      0x95a thirdparty/RTOS/freertos/FreeRTOSV10.0.0/Source/queue.o
                               0xb117 (size before relaxing)
 .debug_str     0x0014a26f     0x1805 thirdparty/RTOS/freertos/FreeRTOSV10.0.0/Source/tasks.o
                               0xcd9e (size before relaxing)
 .debug_str     0x0014ba74      0x46d thirdparty/RTOS/freertos/FreeRTOSV10.0.0/Source/timers.o
                               0xb3c9 (size before relaxing)

.debug_frame    0x00000000     0x2134
 .debug_frame   0x00000000       0x28 atmel_start.o
 .debug_frame   0x00000028       0x38 Device_Startup/startup_samv71q21b.o
 .debug_frame   0x00000060       0xb8 driver_init.o
 .debug_frame   0x00000118       0x40 hal/src/hal_atomic.o
 .debug_frame   0x00000158       0x68 hal/src/hal_delay.o
 .debug_frame   0x000001c0       0x58 hal/src/hal_io.o
 .debug_frame   0x00000218      0x130 hal/src/hal_rand_sync.o
 .debug_frame   0x00000348      0x1f0 hal/src/hal_usart_sync.o
 .debug_frame   0x00000538       0x20 hal/utils/src/utils_assert.o
 .debug_frame   0x00000558       0xa8 hal/utils/src/utils_syscalls.o
 .debug_frame   0x00000600       0x2c hpl/core/hpl_init.o
 .debug_frame   0x0000062c       0x48 hpl/pmc/hpl_pmc.o
 .debug_frame   0x00000674       0x78 hpl/systick/hpl_systick_ARMv7_base.o
 .debug_frame   0x000006ec       0xa8 hpl/trng/hpl_trng.o
 .debug_frame   0x00000794      0x584 hpl/uart/hpl_uart.o
 .debug_frame   0x00000d18       0xbc hpl/wdt/hpl_wdt.o
 .debug_frame   0x00000dd4       0xd0 main.o
 .debug_frame   0x00000ea4       0x6c thirdparty/RTOS/freertos/FreeRTOSV10.0.0/Source/list.o
 .debug_frame   0x00000f10      0x100 thirdparty/RTOS/freertos/FreeRTOSV10.0.0/Source/portable/GCC/ARM_CM7/port.o
 .debug_frame   0x00001010       0x5c thirdparty/RTOS/freertos/FreeRTOSV10.0.0/Source/portable/MemMang/heap_1.o
 .debug_frame   0x0000106c      0x43c thirdparty/RTOS/freertos/FreeRTOSV10.0.0/Source/queue.o
 .debug_frame   0x000014a8      0x594 thirdparty/RTOS/freertos/FreeRTOSV10.0.0/Source/tasks.o
 .debug_frame   0x00001a3c      0x268 thirdparty/RTOS/freertos/FreeRTOSV10.0.0/Source/timers.o
 .debug_frame   0x00001ca4       0x2c c:/program files (x86)/atmel/studio/7.0/toolchain/arm/arm-gnu-toolchain/bin/../lib/gcc/arm-none-eabi/6.3.1/../../../../arm-none-eabi/lib/thumb/v7e-m\libc_nano.a(lib_a-init.o)
 .debug_frame   0x00001cd0       0x28 c:/program files (x86)/atmel/studio/7.0/toolchain/arm/arm-gnu-toolchain/bin/../lib/gcc/arm-none-eabi/6.3.1/../../../../arm-none-eabi/lib/thumb/v7e-m\libc_nano.a(lib_a-memcpy-stub.o)
 .debug_frame   0x00001cf8       0x20 c:/program files (x86)/atmel/studio/7.0/toolchain/arm/arm-gnu-toolchain/bin/../lib/gcc/arm-none-eabi/6.3.1/../../../../arm-none-eabi/lib/thumb/v7e-m\libc_nano.a(lib_a-memset.o)
 .debug_frame   0x00001d18       0x70 c:/program files (x86)/atmel/studio/7.0/toolchain/arm/arm-gnu-toolchain/bin/../lib/gcc/arm-none-eabi/6.3.1/../../../../arm-none-eabi/lib/thumb/v7e-m\libc_nano.a(lib_a-sprintf.o)
 .debug_frame   0x00001d88      0x11c c:/program files (x86)/atmel/studio/7.0/toolchain/arm/arm-gnu-toolchain/bin/../lib/gcc/arm-none-eabi/6.3.1/../../../../arm-none-eabi/lib/thumb/v7e-m\libc_nano.a(lib_a-findfp.o)
 .debug_frame   0x00001ea4       0x2c c:/program files (x86)/atmel/studio/7.0/toolchain/arm/arm-gnu-toolchain/bin/../lib/gcc/arm-none-eabi/6.3.1/../../../../arm-none-eabi/lib/thumb/v7e-m\libc_nano.a(lib_a-nano-mallocr.o)
 .debug_frame   0x00001ed0       0x90 c:/program files (x86)/atmel/studio/7.0/toolchain/arm/arm-gnu-toolchain/bin/../lib/gcc/arm-none-eabi/6.3.1/../../../../arm-none-eabi/lib/thumb/v7e-m\libc_nano.a(lib_a-nano-svfprintf.o)
 .debug_frame   0x00001f60       0x60 c:/program files (x86)/atmel/studio/7.0/toolchain/arm/arm-gnu-toolchain/bin/../lib/gcc/arm-none-eabi/6.3.1/../../../../arm-none-eabi/lib/thumb/v7e-m\libc_nano.a(lib_a-nano-vfprintf_i.o)
 .debug_frame   0x00001fc0       0x2c c:/program files (x86)/atmel/studio/7.0/toolchain/arm/arm-gnu-toolchain/bin/../lib/gcc/arm-none-eabi/6.3.1/../../../../arm-none-eabi/lib/thumb/v7e-m\libc_nano.a(lib_a-sbrkr.o)
 .debug_frame   0x00001fec       0x28 c:/program files (x86)/atmel/studio/7.0/toolchain/arm/arm-gnu-toolchain/bin/../lib/gcc/arm-none-eabi/6.3.1/../../../../arm-none-eabi/lib/thumb/v7e-m\libc_nano.a(lib_a-memmove.o)
 .debug_frame   0x00002014       0x30 c:/program files (x86)/atmel/studio/7.0/toolchain/arm/arm-gnu-toolchain/bin/../lib/gcc/arm-none-eabi/6.3.1/../../../../arm-none-eabi/lib/thumb/v7e-m\libc_nano.a(lib_a-mlock.o)
 .debug_frame   0x00002044       0x38 c:/program files (x86)/atmel/studio/7.0/toolchain/arm/arm-gnu-toolchain/bin/../lib/gcc/arm-none-eabi/6.3.1/../../../../arm-none-eabi/lib/thumb/v7e-m\libc_nano.a(lib_a-nano-freer.o)
 .debug_frame   0x0000207c       0x3c c:/program files (x86)/atmel/studio/7.0/toolchain/arm/arm-gnu-toolchain/bin/../lib/gcc/arm-none-eabi/6.3.1/../../../../arm-none-eabi/lib/thumb/v7e-m\libc_nano.a(lib_a-nano-reallocr.o)
 .debug_frame   0x000020b8       0x5c c:/program files (x86)/atmel/studio/7.0/toolchain/arm/arm-gnu-toolchain/bin/../lib/gcc/arm-none-eabi/6.3.1/../../../../arm-none-eabi/lib/thumb/v7e-m\libc_nano.a(lib_a-reent.o)
 .debug_frame   0x00002114       0x20 c:/program files (x86)/atmel/studio/7.0/toolchain/arm/arm-gnu-toolchain/bin/../lib/gcc/arm-none-eabi/6.3.1/../../../../arm-none-eabi/lib/thumb/v7e-m\libc_nano.a(lib_a-nano-msizer.o)
