Archive member included to satisfy reference by file (symbol)

c:/program files (x86)/atmel/studio/7.0/toolchain/arm/arm-gnu-toolchain/bin/../lib/gcc/arm-none-eabi/6.3.1/../../../../arm-none-eabi/lib/thumb/v7e-m\libc_nano.a(lib_a-exit.o)
                              c:/program files (x86)/atmel/studio/7.0/toolchain/arm/arm-gnu-toolchain/bin/../lib/gcc/arm-none-eabi/6.3.1/../../../../arm-none-eabi/lib/thumb/v7e-m/crt0.o (exit)
c:/program files (x86)/atmel/studio/7.0/toolchain/arm/arm-gnu-toolchain/bin/../lib/gcc/arm-none-eabi/6.3.1/../../../../arm-none-eabi/lib/thumb/v7e-m\libc_nano.a(lib_a-impure.o)
                              c:/program files (x86)/atmel/studio/7.0/toolchain/arm/arm-gnu-toolchain/bin/../lib/gcc/arm-none-eabi/6.3.1/../../../../arm-none-eabi/lib/thumb/v7e-m\libc_nano.a(lib_a-exit.o) (_global_impure_ptr)
c:/program files (x86)/atmel/studio/7.0/toolchain/arm/arm-gnu-toolchain/bin/../lib/gcc/arm-none-eabi/6.3.1/../../../../arm-none-eabi/lib/thumb/v7e-m\libc_nano.a(lib_a-init.o)
                              c:/program files (x86)/atmel/studio/7.0/toolchain/arm/arm-gnu-toolchain/bin/../lib/gcc/arm-none-eabi/6.3.1/../../../../arm-none-eabi/lib/thumb/v7e-m/crt0.o (__libc_init_array)
c:/program files (x86)/atmel/studio/7.0/toolchain/arm/arm-gnu-toolchain/bin/../lib/gcc/arm-none-eabi/6.3.1/../../../../arm-none-eabi/lib/thumb/v7e-m\libc_nano.a(lib_a-memcpy-stub.o)
                              thirdparty/RTOS/freertos/FreeRTOSV10.0.0/Source/queue.o (memcpy)
c:/program files (x86)/atmel/studio/7.0/toolchain/arm/arm-gnu-toolchain/bin/../lib/gcc/arm-none-eabi/6.3.1/../../../../arm-none-eabi/lib/thumb/v7e-m\libc_nano.a(lib_a-memset.o)
                              c:/program files (x86)/atmel/studio/7.0/toolchain/arm/arm-gnu-toolchain/bin/../lib/gcc/arm-none-eabi/6.3.1/../../../../arm-none-eabi/lib/thumb/v7e-m/crt0.o (memset)
c:/program files (x86)/atmel/studio/7.0/toolchain/arm/arm-gnu-toolchain/bin/../lib/gcc/arm-none-eabi/6.3.1/../../../../arm-none-eabi/lib/thumb/v7e-m\libc_nano.a(lib_a-printf.o)
                              hal/utils/src/utils_syscalls.o (printf)
c:/program files (x86)/atmel/studio/7.0/toolchain/arm/arm-gnu-toolchain/bin/../lib/gcc/arm-none-eabi/6.3.1/../../../../arm-none-eabi/lib/thumb/v7e-m\libc_nano.a(lib_a-sprintf.o)
                              thirdparty/RTOS/freertos/FreeRTOSV10.0.0/Source/tasks.o (sprintf)
c:/program files (x86)/atmel/studio/7.0/toolchain/arm/arm-gnu-toolchain/bin/../lib/gcc/arm-none-eabi/6.3.1/../../../../arm-none-eabi/lib/thumb/v7e-m\libc_nano.a(lib_a-strcpy.o)
                              thirdparty/RTOS/freertos/FreeRTOSV10.0.0/Source/tasks.o (strcpy)
c:/program files (x86)/atmel/studio/7.0/toolchain/arm/arm-gnu-toolchain/bin/../lib/gcc/arm-none-eabi/6.3.1/../../../../arm-none-eabi/lib/thumb/v7e-m\libc_nano.a(lib_a-strlen.o)
                              thirdparty/RTOS/freertos/FreeRTOSV10.0.0/Source/tasks.o (strlen)
c:/program files (x86)/atmel/studio/7.0/toolchain/arm/arm-gnu-toolchain/bin/../lib/gcc/arm-none-eabi/6.3.1/../../../../arm-none-eabi/lib/thumb/v7e-m\libc_nano.a(lib_a-findfp.o)
                              c:/program files (x86)/atmel/studio/7.0/toolchain/arm/arm-gnu-toolchain/bin/../lib/gcc/arm-none-eabi/6.3.1/../../../../arm-none-eabi/lib/thumb/v7e-m\libc_nano.a(lib_a-printf.o) (__sinit)
c:/program files (x86)/atmel/studio/7.0/toolchain/arm/arm-gnu-toolchain/bin/../lib/gcc/arm-none-eabi/6.3.1/../../../../arm-none-eabi/lib/thumb/v7e-m\libc_nano.a(lib_a-fwalk.o)
                              c:/program files (x86)/atmel/studio/7.0/toolchain/arm/arm-gnu-toolchain/bin/../lib/gcc/arm-none-eabi/6.3.1/../../../../arm-none-eabi/lib/thumb/v7e-m\libc_nano.a(lib_a-findfp.o) (_fwalk)
c:/program files (x86)/atmel/studio/7.0/toolchain/arm/arm-gnu-toolchain/bin/../lib/gcc/arm-none-eabi/6.3.1/../../../../arm-none-eabi/lib/thumb/v7e-m\libc_nano.a(lib_a-nano-mallocr.o)
                              c:/program files (x86)/atmel/studio/7.0/toolchain/arm/arm-gnu-toolchain/bin/../lib/gcc/arm-none-eabi/6.3.1/../../../../arm-none-eabi/lib/thumb/v7e-m\libc_nano.a(lib_a-findfp.o) (_malloc_r)
c:/program files (x86)/atmel/studio/7.0/toolchain/arm/arm-gnu-toolchain/bin/../lib/gcc/arm-none-eabi/6.3.1/../../../../arm-none-eabi/lib/thumb/v7e-m\libc_nano.a(lib_a-nano-svfprintf.o)
                              c:/program files (x86)/atmel/studio/7.0/toolchain/arm/arm-gnu-toolchain/bin/../lib/gcc/arm-none-eabi/6.3.1/../../../../arm-none-eabi/lib/thumb/v7e-m\libc_nano.a(lib_a-sprintf.o) (_svfprintf_r)
c:/program files (x86)/atmel/studio/7.0/toolchain/arm/arm-gnu-toolchain/bin/../lib/gcc/arm-none-eabi/6.3.1/../../../../arm-none-eabi/lib/thumb/v7e-m\libc_nano.a(lib_a-nano-vfprintf.o)
                              c:/program files (x86)/atmel/studio/7.0/toolchain/arm/arm-gnu-toolchain/bin/../lib/gcc/arm-none-eabi/6.3.1/../../../../arm-none-eabi/lib/thumb/v7e-m\libc_nano.a(lib_a-printf.o) (_vfprintf_r)
[...]
Memory Configuration

Name             Origin             Length             Attributes
rom              0x00400000         0x00200000         xr
ram              0x20400000         0x00060000         xrw
*default*        0x00000000         0xffffffff

Linker script and memory map

LOAD c:/program files (x86)/atmel/studio/7.0/toolchain/arm/arm-gnu-toolchain/bin/../lib/gcc/arm-none-eabi/6.3.1/thumb/v7e-m/crti.o
LOAD c:/program files (x86)/atmel/studio/7.0/toolchain/arm/arm-gnu-toolchain/bin/../lib/gcc/arm-none-eabi/6.3.1/thumb/v7e-m/crtbegin.o
LOAD c:/program files (x86)/atmel/studio/7.0/toolchain/arm/arm-gnu-toolchain/bin/../lib/gcc/arm-none-eabi/6.3.1/../../../../arm-none-eabi/lib/thumb/v7e-m/crt0.o
LOAD atmel_start.o
LOAD Device_Startup/startup_samv71q21b.o
LOAD Device_Startup/system_samv71q21b.o
LOAD driver_init.o
LOAD examples/driver_examples.o
LOAD hal/src/hal_atomic.o
LOAD hal/src/hal_delay.o
LOAD hal/src/hal_gpio.o
LOAD hal/src/hal_init.o
LOAD hal/src/hal_io.o
LOAD hal/src/hal_sleep.o
LOAD hal/src/hal_usart_sync.o
LOAD hal/utils/src/utils_assert.o
LOAD hal/utils/src/utils_event.o
LOAD hal/utils/src/utils_list.o
LOAD hal/utils/src/utils_ringbuffer.o
LOAD hal/utils/src/utils_syscalls.o
LOAD hpl/core/hpl_core_m7_base.o
LOAD hpl/core/hpl_init.o
LOAD hpl/pmc/hpl_pmc.o
LOAD hpl/pmc/hpl_sleep.o
LOAD hpl/uart/hpl_uart.o
LOAD hpl/xdmac/hpl_xdmac.o
LOAD main.o
LOAD rtos_start.o
LOAD thirdparty/RTOS/freertos/FreeRTOSV10.0.0/rtos_port.o
LOAD thirdparty/RTOS/freertos/FreeRTOSV10.0.0/Source/croutine.o
LOAD thirdparty/RTOS/freertos/FreeRTOSV10.0.0/Source/event_groups.o
LOAD thirdparty/RTOS/freertos/FreeRTOSV10.0.0/Source/list.o
LOAD thirdparty/RTOS/freertos/FreeRTOSV10.0.0/Source/portable/GCC/ARM_CM7/port.o
LOAD thirdparty/RTOS/freertos/FreeRTOSV10.0.0/Source/portable/MemMang/heap_1.o
LOAD thirdparty/RTOS/freertos/FreeRTOSV10.0.0/Source/queue.o
LOAD thirdparty/RTOS/freertos/FreeRTOSV10.0.0/Source/stream_buffer.o
LOAD thirdparty/RTOS/freertos/FreeRTOSV10.0.0/Source/tasks.o
LOAD thirdparty/RTOS/freertos/FreeRTOSV10.0.0/Source/timers.o
START GROUP
LOAD c:/program files (x86)/atmel/studio/7.0/toolchain/arm/arm-gnu-toolchain/bin/../lib/gcc/arm-none-eabi/6.3.1/../../../../arm-none-eabi/lib/thumb/v7e-m\libm.a
END GROUP
START GROUP
LOAD c:/program files (x86)/atmel/studio/7.0/toolchain/arm/arm-gnu-toolchain/bin/../lib/gcc/arm-none-eabi/6.3.1/thumb/v7e-m\libgcc.a
LOAD c:/program files (x86)/atmel/studio/7.0/toolchain/arm/arm-gnu-toolchain/bin/../lib/gcc/arm-none-eabi/6.3.1/../../../../arm-none-eabi/lib/thumb/v7e-m\libc_nano.a
END GROUP
START GROUP
LOAD c:/program files (x86)/atmel/studio/7.0/toolchain/arm/arm-gnu-toolchain/bin/../lib/gcc/arm-none-eabi/6.3.1/thumb/v7e-m\libgcc.a
LOAD c:/program files (x86)/atmel/studio/7.0/toolchain/arm/arm-gnu-toolchain/bin/../lib/gcc/arm-none-eabi/6.3.1/../../../../arm-none-eabi/lib/thumb/v7e-m\libc_nano.a
END GROUP
LOAD c:/program files (x86)/atmel/studio/7.0/toolchain/arm/arm-gnu-toolchain/bin/../lib/gcc/arm-none-eabi/6.3.1/thumb/v7e-m/crtend.o
LOAD c:/program files (x86)/atmel/studio/7.0/toolchain/arm/arm-gnu-toolchain/bin/../lib/gcc/arm-none-eabi/6.3.1/thumb/v7e-m/crtn.o
                0x00000400                STACK_SIZE = DEFINED (STACK_SIZE)?STACK_SIZE:DEFINED (__stack_size__)?__stack_size__:0x400
                0x00000200                HEAP_SIZE = DEFINED (HEAP_SIZE)?HEAP_SIZE:DEFINED (__heap_size__)?__heap_size__:0x200

.text           0x00400000     0x2ac8
                0x00400000                . = ALIGN (0x4)
                0x00400000                _sfixed = .
 *(.vectors .vectors.*)
 .vectors       0x00400000      0x168 Device_Startup/startup_samv71q21b.o
                0x00400000                exception_table
 *(.text .text.* .gnu.linkonce.t.*)
 .text          0x00400168       0x6c c:/program files (x86)/atmel/studio/7.0/toolchain/arm/arm-gnu-toolchain/bin/../lib/gcc/arm-none-eabi/6.3.1/thumb/v7e-m/crtbegin.o
 .text.atmel_start_init
                0x004001d4        0xc atmel_start.o
                0x004001d4                atmel_start_init
 .text.Dummy_Handler
                0x004001e0        0x2 Device_Startup/startup_samv71q21b.o
                0x004001e0                DACC_Handler
                0x004001e0                UART3_Handler
                0x004001e0                UART2_Handler
                0x004001e0                TRNG_Handler
                0x004001e0                HardFault_Handler
                0x004001e0                TC2_Handler
                0x004001e0                AFEC1_Handler
                0x004001e0                TC7_Handler
                0x004001e0                QSPI_Handler
                0x004001e0                NonMaskableInt_Handler
                0x004001e0                ISI_Handler
                0x004001e0                MCAN0_INT0_Handler
                0x004001e0                TC9_Handler
                0x004001e0                RSWDT_Handler
                0x004001e0                USART0_Handler
                0x004001e0                RTT_Handler
                0x004001e0                USBHS_Handler
                0x004001e0                IXC_Handler
                0x004001e0                CCF_Handler
                0x004001e0                PIOB_Handler
                0x004001e0                RTC_Handler
                0x004001e0                UsageFault_Handler
                0x004001e0                TC6_Handler
                0x004001e0                WDT_Handler
                0x004001e0                MCAN1_INT1_Handler
                0x004001e0                TC4_Handler
                0x004001e0                TC1_Handler
                0x004001e0                HSMCI_Handler
                0x004001e0                UART1_Handler
                0x004001e0                TC3_Handler
                0x004001e0                Dummy_Handler
                0x004001e0                TWIHS1_Handler
                0x004001e0                XDMAC_Handler
                0x004001e0                UART4_Handler
                0x004001e0                PWM1_Handler
                0x004001e0                USART1_Handler
                0x004001e0                PWM0_Handler
                0x004001e0                PIOA_Handler
                0x004001e0                AFEC0_Handler
                0x004001e0                CCW_Handler
                0x004001e0                SSC_Handler
                0x004001e0                TC11_Handler
                0x004001e0                ACC_Handler
                0x004001e0                PMC_Handler
                0x004001e0                GMAC_Handler
                0x004001e0                MCAN0_INT1_Handler
                0x004001e0                GMAC_Q5_Handler
                0x004001e0                SUPC_Handler
                0x004001e0                TC8_Handler
                0x004001e0                MCAN1_INT0_Handler
                0x004001e0                EFC_Handler
                0x004001e0                GMAC_Q1_Handler
                0x004001e0                USART2_Handler
                0x004001e0                SDRAMC_Handler
                0x004001e0                GMAC_Q2_Handler
                0x004001e0                PIOE_Handler
                0x004001e0                SPI1_Handler
                0x004001e0                TC10_Handler
                0x004001e0                GMAC_Q3_Handler
                0x004001e0                PIOD_Handler
                0x004001e0                TWIHS2_Handler
                0x004001e0                MLB_Handler
                0x004001e0                I2SC0_Handler
                0x004001e0                UART0_Handler
                0x004001e0                I2SC1_Handler
                0x004001e0                PIOC_Handler
                0x004001e0                GMAC_Q4_Handler
                0x004001e0                FPU_Handler
                0x004001e0                BusFault_Handler
                0x004001e0                RSTC_Handler
                0x004001e0                TC0_Handler
                0x004001e0                MemoryManagement_Handler
                0x004001e0                DebugMonitor_Handler
                0x004001e0                TC5_Handler
                0x004001e0                ICM_Handler
                0x004001e0                AES_Handler
                0x004001e0                TWIHS0_Handler
                0x004001e0                SPI0_Handler
 *fill*         0x004001e2        0x2 
 .text.Reset_Handler
                0x004001e4       0x68 Device_Startup/startup_samv71q21b.o
                0x004001e4                Reset_Handler
 .text.USART_3_PORT_init
                0x0040024c       0x34 driver_init.o
                0x0040024c                USART_3_PORT_init
 .text.USART_3_CLOCK_init
                0x00400280       0x1c driver_init.o
                0x00400280                USART_3_CLOCK_init
 .text.USART_3_init
                0x0040029c       0x34 driver_init.o
                0x0040029c                USART_3_init
 .text.system_init
                0x004002d0       0x24 driver_init.o
                0x004002d0                system_init
 .text.atomic_enter_critical
                0x004002f4        0xe hal/src/hal_atomic.o
                0x004002f4                atomic_enter_critical
 .text.atomic_leave_critical
                0x00400302        0xc hal/src/hal_atomic.o
                0x00400302                atomic_leave_critical
 *fill*         0x0040030e        0x2 
 .text.io_write
                0x00400310       0x30 hal/src/hal_io.o
                0x00400310                io_write
 .text.usart_sync_write
                0x00400340       0x70 hal/src/hal_usart_sync.o
 .text.usart_sync_read
                0x004003b0       0x60 hal/src/hal_usart_sync.o
 .text.usart_sync_init
                0x00400410       0x48 hal/src/hal_usart_sync.o
                0x00400410                usart_sync_init
 .text.usart_sync_enable
                0x00400458       0x2c hal/src/hal_usart_sync.o
                0x00400458                usart_sync_enable
 .text.usart_sync_get_io_descriptor
                0x00400484       0x28 hal/src/hal_usart_sync.o
                0x00400484                usart_sync_get_io_descriptor
 .text.assert   0x004004ac        0x6 hal/utils/src/utils_assert.o
                0x004004ac                assert
 *fill*         0x004004b2        0x2 
 .text._init_chip
                0x004004b4       0x54 hpl/core/hpl_init.o
                0x004004b4                _init_chip
 .text._pmc_init_sources
                0x00400508       0x50 hpl/pmc/hpl_pmc.o
 .text._pmc_init_master_clock
                0x00400558       0x4c hpl/pmc/hpl_pmc.o
 .text._pmc_init
                0x004005a4       0x14 hpl/pmc/hpl_pmc.o
                0x004005a4                _pmc_init
 .text._uart_get_hardware_index
                0x004005b8       0x60 hpl/uart/hpl_uart.o
 .text._get_uart_index
                0x00400618       0x54 hpl/uart/hpl_uart.o
 .text._uart_init
                0x0040066c       0x58 hpl/uart/hpl_uart.o
 .text._usart_sync_init
                0x004006c4       0x38 hpl/uart/hpl_uart.o
                0x004006c4                _usart_sync_init
 .text._usart_sync_enable
                0x004006fc       0x34 hpl/uart/hpl_uart.o
                0x004006fc                _usart_sync_enable
 .text._usart_sync_write_byte
                0x00400730       0x24 hpl/uart/hpl_uart.o
                0x00400730                _usart_sync_write_byte
 .text._usart_sync_read_byte
                0x00400754       0x24 hpl/uart/hpl_uart.o
                0x00400754                _usart_sync_read_byte
 .text._usart_sync_is_ready_to_send
                0x00400778       0x28 hpl/uart/hpl_uart.o
                0x00400778                _usart_sync_is_ready_to_send
 .text._usart_sync_is_transmit_done
                0x004007a0       0x28 hpl/uart/hpl_uart.o
                0x004007a0                _usart_sync_is_transmit_done
 .text._usart_sync_is_byte_received
                0x004007c8       0x28 hpl/uart/hpl_uart.o
                0x004007c8                _usart_sync_is_byte_received
 .text._uart_get_usart_sync
                0x004007f0        0x4 hpl/uart/hpl_uart.o
                0x004007f0                _uart_get_usart_sync
 .text.sendMessage
                0x004007f4       0x18 main.o
 .text.computationTask1
                0x0040080c       0x60 main.o
                0x0040080c                computationTask1
 .text.computationTask2
                0x0040086c       0x84 main.o
                0x0040086c                computationTask2
 .text.computationTask3
                0x004008f0       0x60 main.o
                0x004008f0                computationTask3
 .text.initializeParts
                0x00400950       0x38 main.o
                0x00400950                initializeParts
 .text.controlTask
                0x00400988       0x90 main.o
                0x00400988                controlTask
 .text.main     0x00400a18       0x20 main.o
                0x00400a18                main
 .text.vListInitialise
                0x00400a38       0x16 thirdparty/RTOS/freertos/FreeRTOSV10.0.0/Source/list.o
                0x00400a38                vListInitialise
 .text.vListInitialiseItem
                0x00400a4e        0x6 thirdparty/RTOS/freertos/FreeRTOSV10.0.0/Source/list.o
                0x00400a4e                vListInitialiseItem
 .text.vListInsertEnd
                0x00400a54       0x18 thirdparty/RTOS/freertos/FreeRTOSV10.0.0/Source/list.o
                0x00400a54                vListInsertEnd
 .text.vListInsert
                0x00400a6c       0x34 thirdparty/RTOS/freertos/FreeRTOSV10.0.0/Source/list.o
                0x00400a6c                vListInsert
 .text.uxListRemove
                0x00400aa0       0x28 thirdparty/RTOS/freertos/FreeRTOSV10.0.0/Source/list.o
                0x00400aa0                uxListRemove
 .text.prvTaskExitError
                0x00400ac8       0x48 thirdparty/RTOS/freertos/FreeRTOSV10.0.0/Source/portable/GCC/ARM_CM7/port.o
 .text.prvPortStartFirstTask
                0x00400b10       0x28 thirdparty/RTOS/freertos/FreeRTOSV10.0.0/Source/portable/GCC/ARM_CM7/port.o
 .text.vPortEnableVFP
                0x00400b38       0x14 thirdparty/RTOS/freertos/FreeRTOSV10.0.0/Source/portable/GCC/ARM_CM7/port.o
 .text.pxPortInitialiseStack
                0x00400b4c       0x2c thirdparty/RTOS/freertos/FreeRTOSV10.0.0/Source/portable/GCC/ARM_CM7/port.o
                0x00400b4c                pxPortInitialiseStack
 *fill*         0x00400b78        0x8 
 .text.SVCall_Handler
                0x00400b80       0x24 thirdparty/RTOS/freertos/FreeRTOSV10.0.0/Source/portable/GCC/ARM_CM7/port.o
                0x00400b80                SVCall_Handler
 .text.vPortEnterCritical
                0x00400ba4       0x4c thirdparty/RTOS/freertos/FreeRTOSV10.0.0/Source/portable/GCC/ARM_CM7/port.o
                0x00400ba4                vPortEnterCritical
 .text.vPortExitCritical
                0x00400bf0       0x30 thirdparty/RTOS/freertos/FreeRTOSV10.0.0/Source/portable/GCC/ARM_CM7/port.o
                0x00400bf0                vPortExitCritical
 .text.PendSV_Handler
                0x00400c20       0x64 thirdparty/RTOS/freertos/FreeRTOSV10.0.0/Source/portable/GCC/ARM_CM7/port.o
                0x00400c20                PendSV_Handler
 .text.SysTick_Handler
                0x00400c84       0x34 thirdparty/RTOS/freertos/FreeRTOSV10.0.0/Source/portable/GCC/ARM_CM7/port.o
                0x00400c84                SysTick_Handler
 .text.vPortSetupTimerInterrupt
                0x00400cb8       0x28 thirdparty/RTOS/freertos/FreeRTOSV10.0.0/Source/portable/GCC/ARM_CM7/port.o
                0x00400cb8                vPortSetupTimerInterrupt
 .text.xPortStartScheduler
                0x00400ce0       0xdc thirdparty/RTOS/freertos/FreeRTOSV10.0.0/Source/portable/GCC/ARM_CM7/port.o
                0x00400ce0                xPortStartScheduler
 .text.vPortValidateInterruptPriority
                0x00400dbc       0x60 thirdparty/RTOS/freertos/FreeRTOSV10.0.0/Source/portable/GCC/ARM_CM7/port.o
                0x00400dbc                vPortValidateInterruptPriority
 .text.pvPortMalloc
                0x00400e1c       0x64 thirdparty/RTOS/freertos/FreeRTOSV10.0.0/Source/portable/MemMang/heap_1.o
                0x00400e1c                pvPortMalloc
 .text.vPortFree
                0x00400e80       0x1a thirdparty/RTOS/freertos/FreeRTOSV10.0.0/Source/portable/MemMang/heap_1.o
                0x00400e80                vPortFree
 .text.prvGetDisinheritPriorityAfterTimeout
                0x00400e9a       0x12 thirdparty/RTOS/freertos/FreeRTOSV10.0.0/Source/queue.o
 .text.prvIsQueueFull
                0x00400eac       0x28 thirdparty/RTOS/freertos/FreeRTOSV10.0.0/Source/queue.o
 .text.prvIsQueueEmpty
                0x00400ed4       0x24 thirdparty/RTOS/freertos/FreeRTOSV10.0.0/Source/queue.o
 .text.prvCopyDataToQueue
                0x00400ef8       0x80 thirdparty/RTOS/freertos/FreeRTOSV10.0.0/Source/queue.o
 .text.prvNotifyQueueSetContainer
                0x00400f78       0x8c thirdparty/RTOS/freertos/FreeRTOSV10.0.0/Source/queue.o
 .text.prvCopyDataFromQueue
                0x00401004       0x28 thirdparty/RTOS/freertos/FreeRTOSV10.0.0/Source/queue.o
 .text.prvUnlockQueue
                0x0040102c       0x98 thirdparty/RTOS/freertos/FreeRTOSV10.0.0/Source/queue.o
 .text.xQueueGenericReset
                0x004010c4       0x94 thirdparty/RTOS/freertos/FreeRTOSV10.0.0/Source/queue.o
                0x004010c4                xQueueGenericReset
 .text.prvInitialiseNewQueue
                0x00401158       0x2c thirdparty/RTOS/freertos/FreeRTOSV10.0.0/Source/queue.o
 .text.xQueueGenericCreate
                0x00401184       0x54 thirdparty/RTOS/freertos/FreeRTOSV10.0.0/Source/queue.o
                0x00401184                xQueueGenericCreate
 .text.xQueueGenericSend
                0x004011d8      0x1f0 thirdparty/RTOS/freertos/FreeRTOSV10.0.0/Source/queue.o
                0x004011d8                xQueueGenericSend
 .text.prvInitialiseMutex
                0x004013c8       0x1c thirdparty/RTOS/freertos/FreeRTOSV10.0.0/Source/queue.o
 .text.xQueueCreateMutex
                0x004013e4       0x20 thirdparty/RTOS/freertos/FreeRTOSV10.0.0/Source/queue.o
                0x004013e4                xQueueCreateMutex
 .text.xQueueGenericSendFromISR
                0x00401404      0x124 thirdparty/RTOS/freertos/FreeRTOSV10.0.0/Source/queue.o
                0x00401404                xQueueGenericSendFromISR
 .text.xQueueReceive
                0x00401528      0x198 thirdparty/RTOS/freertos/FreeRTOSV10.0.0/Source/queue.o
                0x00401528                xQueueReceive
 .text.xQueueSemaphoreTake
                0x004016c0      0x1f0 thirdparty/RTOS/freertos/FreeRTOSV10.0.0/Source/queue.o
                0x004016c0                xQueueSemaphoreTake
 .text.vQueueWaitForMessageRestricted
                0x004018b0       0x64 thirdparty/RTOS/freertos/FreeRTOSV10.0.0/Source/queue.o
                0x004018b0                vQueueWaitForMessageRestricted
 .text.prvIdleTask
                0x00401914       0x24 thirdparty/RTOS/freertos/FreeRTOSV10.0.0/Source/tasks.o
 .text.prvResetNextTaskUnblockTime
                0x00401938       0x34 thirdparty/RTOS/freertos/FreeRTOSV10.0.0/Source/tasks.o
 .text.prvInitialiseNewTask
                0x0040196c       0x9c thirdparty/RTOS/freertos/FreeRTOSV10.0.0/Source/tasks.o
 .text.prvInitialiseTaskLists
                0x00401a08       0x50 thirdparty/RTOS/freertos/FreeRTOSV10.0.0/Source/tasks.o
 .text.prvAddNewTaskToReadyList
                0x00401a58       0xc0 thirdparty/RTOS/freertos/FreeRTOSV10.0.0/Source/tasks.o
 .text.prvAddCurrentTaskToDelayedList
                0x00401b18       0x84 thirdparty/RTOS/freertos/FreeRTOSV10.0.0/Source/tasks.o
 .text.xTaskCreate
                0x00401b9c       0x74 thirdparty/RTOS/freertos/FreeRTOSV10.0.0/Source/tasks.o
                0x00401b9c                xTaskCreate
 .text.vTaskStartScheduler
                0x00401c10       0x90 thirdparty/RTOS/freertos/FreeRTOSV10.0.0/Source/tasks.o
                0x00401c10                vTaskStartScheduler
 .text.vTaskSuspendAll
                0x00401ca0       0x14 thirdparty/RTOS/freertos/FreeRTOSV10.0.0/Source/tasks.o
                0x00401ca0                vTaskSuspendAll
 .text.xTaskGetTickCount
                0x00401cb4        0xc thirdparty/RTOS/freertos/FreeRTOSV10.0.0/Source/tasks.o
                0x00401cb4                xTaskGetTickCount
 .text.xTaskIncrementTick
                0x00401cc0      0x138 thirdparty/RTOS/freertos/FreeRTOSV10.0.0/Source/tasks.o
                0x00401cc0                xTaskIncrementTick
 .text.xTaskResumeAll
                0x00401df8      0x110 thirdparty/RTOS/freertos/FreeRTOSV10.0.0/Source/tasks.o
                0x00401df8                xTaskResumeAll
 .text.vTaskDelay
                0x00401f08       0x60 thirdparty/RTOS/freertos/FreeRTOSV10.0.0/Source/tasks.o
                0x00401f08                vTaskDelay
 .text.vTaskSwitchContext
                0x00401f68       0x94 thirdparty/RTOS/freertos/FreeRTOSV10.0.0/Source/tasks.o
                0x00401f68                vTaskSwitchContext
 .text.vTaskPlaceOnEventList
                0x00401ffc       0x40 thirdparty/RTOS/freertos/FreeRTOSV10.0.0/Source/tasks.o
                0x00401ffc                vTaskPlaceOnEventList
 .text.vTaskPlaceOnEventListRestricted
                0x0040203c       0x48 thirdparty/RTOS/freertos/FreeRTOSV10.0.0/Source/tasks.o
                0x0040203c                vTaskPlaceOnEventListRestricted
 .text.xTaskRemoveFromEventList
                0x00402084       0x94 thirdparty/RTOS/freertos/FreeRTOSV10.0.0/Source/tasks.o
                0x00402084                xTaskRemoveFromEventList
 .text.vTaskInternalSetTimeOutState
                0x00402118       0x14 thirdparty/RTOS/freertos/FreeRTOSV10.0.0/Source/tasks.o
                0x00402118                vTaskInternalSetTimeOutState
 .text.xTaskCheckForTimeOut
                0x0040212c       0x94 thirdparty/RTOS/freertos/FreeRTOSV10.0.0/Source/tasks.o
                0x0040212c                xTaskCheckForTimeOut
 .text.vTaskMissedYield
                0x004021c0       0x10 thirdparty/RTOS/freertos/FreeRTOSV10.0.0/Source/tasks.o
                0x004021c0                vTaskMissedYield
 .text.xTaskGetSchedulerState
                0x004021d0       0x20 thirdparty/RTOS/freertos/FreeRTOSV10.0.0/Source/tasks.o
                0x004021d0                xTaskGetSchedulerState
 .text.xTaskPriorityInherit
                0x004021f0       0xb0 thirdparty/RTOS/freertos/FreeRTOSV10.0.0/Source/tasks.o
                0x004021f0                xTaskPriorityInherit
 .text.xTaskPriorityDisinherit
                0x004022a0       0xa4 thirdparty/RTOS/freertos/FreeRTOSV10.0.0/Source/tasks.o
                0x004022a0                xTaskPriorityDisinherit
 .text.vTaskPriorityDisinheritAfterTimeout
                0x00402344       0xbc thirdparty/RTOS/freertos/FreeRTOSV10.0.0/Source/tasks.o
                0x00402344                vTaskPriorityDisinheritAfterTimeout
 .text.pvTaskIncrementMutexHeldCount
                0x00402400       0x20 thirdparty/RTOS/freertos/FreeRTOSV10.0.0/Source/tasks.o
                0x00402400                pvTaskIncrementMutexHeldCount
 .text.prvGetNextExpireTime
                0x00402420       0x20 thirdparty/RTOS/freertos/FreeRTOSV10.0.0/Source/timers.o
 .text.prvInsertTimerInActiveList
                0x00402440       0x50 thirdparty/RTOS/freertos/FreeRTOSV10.0.0/Source/timers.o
 .text.prvCheckForValidListAndQueue
                0x00402490       0x4c thirdparty/RTOS/freertos/FreeRTOSV10.0.0/Source/timers.o
 .text.xTimerCreateTimerTask
                0x004024dc       0x5c thirdparty/RTOS/freertos/FreeRTOSV10.0.0/Source/timers.o
                0x004024dc                xTimerCreateTimerTask
 .text.xTimerGenericCommand
                0x00402538       0x7c thirdparty/RTOS/freertos/FreeRTOSV10.0.0/Source/timers.o
                0x00402538                xTimerGenericCommand
 .text.prvSwitchTimerLists
                0x004025b4       0x98 thirdparty/RTOS/freertos/FreeRTOSV10.0.0/Source/timers.o
 .text.prvSampleTimeNow
                0x0040264c       0x34 thirdparty/RTOS/freertos/FreeRTOSV10.0.0/Source/timers.o
 .text.prvProcessExpiredTimer
                0x00402680       0x70 thirdparty/RTOS/freertos/FreeRTOSV10.0.0/Source/timers.o
 .text.prvProcessTimerOrBlockTask
                0x004026f0       0x84 thirdparty/RTOS/freertos/FreeRTOSV10.0.0/Source/timers.o
 .text.prvProcessReceivedCommands
                0x00402774      0x100 thirdparty/RTOS/freertos/FreeRTOSV10.0.0/Source/timers.o
 .text.prvTimerTask
                0x00402874       0x24 thirdparty/RTOS/freertos/FreeRTOSV10.0.0/Source/timers.o
 .text.__libc_init_array
                0x00402898       0x48 c:/program files (x86)/atmel/studio/7.0/toolchain/arm/arm-gnu-toolchain/bin/../lib/gcc/arm-none-eabi/6.3.1/../../../../arm-none-eabi/lib/thumb/v7e-m\libc_nano.a(lib_a-init.o)
                0x00402898                __libc_init_array
 .text.memcpy   0x004028e0       0x16 c:/program files (x86)/atmel/studio/7.0/toolchain/arm/arm-gnu-toolchain/bin/../lib/gcc/arm-none-eabi/6.3.1/../../../../arm-none-eabi/lib/thumb/v7e-m\libc_nano.a(lib_a-memcpy-stub.o)
                0x004028e0                memcpy
 .text.memset   0x004028f6       0x10 c:/program files (x86)/atmel/studio/7.0/toolchain/arm/arm-gnu-toolchain/bin/../lib/gcc/arm-none-eabi/6.3.1/../../../../arm-none-eabi/lib/thumb/v7e-m\libc_nano.a(lib_a-memset.o)
                0x004028f6                memset
 *(.glue_7t)
 .glue_7t       0x00402906        0x0 linker stubs
 *(.glue_7)
 .glue_7        0x00402906        0x0 linker stubs
 *(.rodata .rodata* .gnu.linkonce.r.*)
 *fill*         0x00402906        0x2 
 .rodata.str1.4
                0x00402908       0x14 hal/src/hal_io.o
 .rodata.str1.4
                0x0040291c       0x1c hal/src/hal_usart_sync.o
 .rodata        0x00402938        0xc hpl/uart/hpl_uart.o
 .rodata.str1.4
                0x00402944       0x17 hpl/uart/hpl_uart.o
 *fill*         0x0040295b        0x1 
 .rodata.str1.4
                0x0040295c      0x12c main.o
 .rodata.str1.4
                0x00402a88       0x17 thirdparty/RTOS/freertos/FreeRTOSV10.0.0/Source/tasks.o
 *fill*         0x00402a9f        0x1 
 .rodata.str1.4
                0x00402aa0        0x8 thirdparty/RTOS/freertos/FreeRTOSV10.0.0/Source/timers.o
 *(.ARM.extab* .gnu.linkonce.armextab.*)
                0x00402aa8                . = ALIGN (0x4)
 *(.init)
 .init          0x00402aa8        0x4 c:/program files (x86)/atmel/studio/7.0/toolchain/arm/arm-gnu-toolchain/bin/../lib/gcc/arm-none-eabi/6.3.1/thumb/v7e-m/crti.o
                0x00402aa8                _init
 .init          0x00402aac        0x8 c:/program files (x86)/atmel/studio/7.0/toolchain/arm/arm-gnu-toolchain/bin/../lib/gcc/arm-none-eabi/6.3.1/thumb/v7e-m/crtn.o
                0x00402ab4                . = ALIGN (0x4)
                0x00402ab4                __preinit_array_start = .
 *(.preinit_array)
                0x00402ab4                __preinit_array_end = .
                0x00402ab4                . = ALIGN (0x4)
                0x00402ab4                __init_array_start = .
 *(SORT(.init_array.*))
 *(.init_array)
 .init_array    0x00402ab4        0x4 c:/program files (x86)/atmel/studio/7.0/toolchain/arm/arm-gnu-toolchain/bin/../lib/gcc/arm-none-eabi/6.3.1/thumb/v7e-m/crtbegin.o
                0x00402ab8                __init_array_end = .
                0x00402ab8                . = ALIGN (0x4)
 *crtbegin.o(.ctors)
 *(EXCLUDE_FILE(*crtend.o) .ctors)
 *(SORT(.ctors.*))
 *crtend.o(.ctors)
                0x00402ab8                . = ALIGN (0x4)
 *(.fini)
 .fini          0x00402ab8        0x4 c:/program files (x86)/atmel/studio/7.0/toolchain/arm/arm-gnu-toolchain/bin/../lib/gcc/arm-none-eabi/6.3.1/thumb/v7e-m/crti.o
                0x00402ab8                _fini
 .fini          0x00402abc        0x8 c:/program files (x86)/atmel/studio/7.0/toolchain/arm/arm-gnu-toolchain/bin/../lib/gcc/arm-none-eabi/6.3.1/thumb/v7e-m/crtn.o
                0x00402ac4                . = ALIGN (0x4)
                0x00402ac4                __fini_array_start = .
 *(.fini_array)
 .fini_array    0x00402ac4        0x4 c:/program files (x86)/atmel/studio/7.0/toolchain/arm/arm-gnu-toolchain/bin/../lib/gcc/arm-none-eabi/6.3.1/thumb/v7e-m/crtbegin.o
 *(SORT(.fini_array.*))
                0x00402ac8                __fini_array_end = .
 *crtbegin.o(.dtors)
 *(EXCLUDE_FILE(*crtend.o) .dtors)
 *(SORT(.dtors.*))
 *crtend.o(.dtors)
                0x00402ac8                . = ALIGN (0x4)
                0x00402ac8                _efixed = .
                [!provide]                PROVIDE (__exidx_start, .)

.vfp11_veneer   0x00402ac8        0x0
 .vfp11_veneer  0x00402ac8        0x0 linker stubs

.v4_bx          0x00402ac8        0x0
 .v4_bx         0x00402ac8        0x0 linker stubs

.iplt           0x00402ac8        0x0
 .iplt          0x00402ac8        0x0 c:/program files (x86)/atmel/studio/7.0/toolchain/arm/arm-gnu-toolchain/bin/../lib/gcc/arm-none-eabi/6.3.1/thumb/v7e-m/crtbegin.o

.eh_frame       0x00402ac8        0x0
 .eh_frame      0x00402ac8        0x0 c:/program files (x86)/atmel/studio/7.0/toolchain/arm/arm-gnu-toolchain/bin/../lib/gcc/arm-none-eabi/6.3.1/thumb/v7e-m/crtbegin.o

.rel.dyn        0x00402ac8        0x0
 .rel.iplt      0x00402ac8        0x0 c:/program files (x86)/atmel/studio/7.0/toolchain/arm/arm-gnu-toolchain/bin/../lib/gcc/arm-none-eabi/6.3.1/thumb/v7e-m/crtbegin.o

.jcr            0x00402ac8        0x0
 .jcr           0x00402ac8        0x0 c:/program files (x86)/atmel/studio/7.0/toolchain/arm/arm-gnu-toolchain/bin/../lib/gcc/arm-none-eabi/6.3.1/thumb/v7e-m/crtbegin.o

.igot.plt       0x00402ac8        0x0
 .igot.plt      0x00402ac8        0x0 c:/program files (x86)/atmel/studio/7.0/toolchain/arm/arm-gnu-toolchain/bin/../lib/gcc/arm-none-eabi/6.3.1/thumb/v7e-m/crtbegin.o

.ARM.exidx
 *(.ARM.exidx* .gnu.linkonce.armexidx.*)
                [!provide]                PROVIDE (__exidx_end, .)
                0x00402ac8                . = ALIGN (0x4)
                0x00402ac8                _etext = .

.relocate       0x20400000        0x4 load address 0x00402ac8
                0x20400000                . = ALIGN (0x4)
                0x20400000                _srelocate = .
 *(.ramfunc .ramfunc.*)
 *(.data .data.*)
 .data          0x20400000        0x4 thirdparty/RTOS/freertos/FreeRTOSV10.0.0/Source/portable/GCC/ARM_CM7/port.o
                0x20400004                . = ALIGN (0x4)
                0x20400004                _erelocate = .

.bss            0x20400004      0xb54 load address 0x00402acc
                0x20400004                . = ALIGN (0x4)
                0x20400004                _sbss = .
                0x20400004                _szero = .
 *(.bss .bss.*)
 .bss           0x20400004       0x1c c:/program files (x86)/atmel/studio/7.0/toolchain/arm/arm-gnu-toolchain/bin/../lib/gcc/arm-none-eabi/6.3.1/thumb/v7e-m/crtbegin.o
 .bss           0x20400020        0x8 thirdparty/RTOS/freertos/FreeRTOSV10.0.0/Source/portable/GCC/ARM_CM7/port.o
 .bss           0x20400028      0x968 thirdparty/RTOS/freertos/FreeRTOSV10.0.0/Source/portable/MemMang/heap_1.o
 .bss           0x20400990       0xec thirdparty/RTOS/freertos/FreeRTOSV10.0.0/Source/tasks.o
                0x20400a54                pxCurrentTCB
 .bss           0x20400a7c       0x3c thirdparty/RTOS/freertos/FreeRTOSV10.0.0/Source/timers.o
 *(COMMON)
 COMMON         0x20400ab8        0xc driver_init.o
                0x20400ab8                USART_3
 COMMON         0x20400ac4       0x94 main.o
                0x20400ac4                computation_tasks3_id
                0x20400ac8                message
                0x20400b48                io
                0x20400b4c                mutex
                0x20400b50                computation_tasks2_id
                0x20400b54                computation_tasks1_id
                0x20400b58                . = ALIGN (0x4)
                0x20400b58                _ebss = .
                0x20400b58                _ezero = .

.heap           0x20400b58      0x200 load address 0x00403620
                0x20400b58                . = ALIGN (0x8)
                0x20400b58                _sheap = .
                0x20400d58                . = (. + HEAP_SIZE)
 *fill*         0x20400b58      0x200 
                0x20400d58                . = ALIGN (0x8)
                0x20400d58                _eheap = .

.stack          0x20400d58      0x400 load address 0x00403820
                0x20400d58                . = ALIGN (0x8)
                0x20400d58                _sstack = .
                0x20401158                . = (. + STACK_SIZE)
 *fill*         0x20400d58      0x400 
                0x20401158                . = ALIGN (0x8)
                0x20401158                _estack = .
                0x20401158                . = ALIGN (0x4)
                0x20401158                _end = .
                0x2045ffff                _ram_end_ = ((ORIGIN (ram) + LENGTH (ram)) - 0x1)
OUTPUT(RTOS_Runtime_Task(2).elf elf32-littlearm)

.ARM.attributes
                0x00000000       0x2e
 .ARM.attributes
                0x00000000       0x1e c:/program files (x86)/atmel/studio/7.0/toolchain/arm/arm-gnu-toolchain/bin/../lib/gcc/arm-none-eabi/6.3.1/thumb/v7e-m/crti.o
 .ARM.attributes
                0x0000001e       0x2e c:/program files (x86)/atmel/studio/7.0/toolchain/arm/arm-gnu-toolchain/bin/../lib/gcc/arm-none-eabi/6.3.1/thumb/v7e-m/crtbegin.o
 .ARM.attributes
                0x0000004c       0x37 atmel_start.o
 .ARM.attributes
                0x00000083       0x37 Device_Startup/startup_samv71q21b.o
 .ARM.attributes
                0x000000ba       0x37 driver_init.o
 .ARM.attributes
                0x000000f1       0x37 hal/src/hal_atomic.o
 .ARM.attributes
                0x00000128       0x37 hal/src/hal_io.o
 .ARM.attributes
                0x0000015f       0x37 hal/src/hal_usart_sync.o
 .ARM.attributes
                0x00000196       0x37 hal/utils/src/utils_assert.o
 .ARM.attributes
                0x000001cd       0x37 hpl/core/hpl_init.o
 .ARM.attributes
                0x00000204       0x37 hpl/pmc/hpl_pmc.o
 .ARM.attributes
                0x0000023b       0x37 hpl/uart/hpl_uart.o
 .ARM.attributes
                0x00000272       0x37 main.o
 .ARM.attributes
                0x000002a9       0x37 thirdparty/RTOS/freertos/FreeRTOSV10.0.0/Source/list.o
 .ARM.attributes
                0x000002e0       0x37 thirdparty/RTOS/freertos/FreeRTOSV10.0.0/Source/portable/GCC/ARM_CM7/port.o
 .ARM.attributes
                0x00000317       0x37 thirdparty/RTOS/freertos/FreeRTOSV10.0.0/Source/portable/MemMang/heap_1.o
 .ARM.attributes
                0x0000034e       0x37 thirdparty/RTOS/freertos/FreeRTOSV10.0.0/Source/queue.o
 .ARM.attributes
                0x00000385       0x37 thirdparty/RTOS/freertos/FreeRTOSV10.0.0/Source/tasks.o
 .ARM.attributes
                0x000003bc       0x37 thirdparty/RTOS/freertos/FreeRTOSV10.0.0/Source/timers.o
 .ARM.attributes
                0x000003f3       0x2e c:/program files (x86)/atmel/studio/7.0/toolchain/arm/arm-gnu-toolchain/bin/../lib/gcc/arm-none-eabi/6.3.1/../../../../arm-none-eabi/lib/thumb/v7e-m\libc_nano.a(lib_a-init.o)
 .ARM.attributes
                0x00000421       0x2e c:/program files (x86)/atmel/studio/7.0/toolchain/arm/arm-gnu-toolchain/bin/../lib/gcc/arm-none-eabi/6.3.1/../../../../arm-none-eabi/lib/thumb/v7e-m\libc_nano.a(lib_a-memcpy-stub.o)
 .ARM.attributes
                0x0000044f       0x2e c:/program files (x86)/atmel/studio/7.0/toolchain/arm/arm-gnu-toolchain/bin/../lib/gcc/arm-none-eabi/6.3.1/../../../../arm-none-eabi/lib/thumb/v7e-m\libc_nano.a(lib_a-memset.o)
 .ARM.attributes
                0x0000047d       0x1e c:/program files (x86)/atmel/studio/7.0/toolchain/arm/arm-gnu-toolchain/bin/../lib/gcc/arm-none-eabi/6.3.1/thumb/v7e-m/crtn.o

.comment        0x00000000       0x59
 .comment       0x00000000       0x59 atmel_start.o
                                 0x5a (size before relaxing)
 .comment       0x00000059       0x5a Device_Startup/startup_samv71q21b.o
 .comment       0x00000059       0x5a driver_init.o
 .comment       0x00000059       0x5a hal/src/hal_atomic.o
 .comment       0x00000059       0x5a hal/src/hal_io.o
 .comment       0x00000059       0x5a hal/src/hal_usart_sync.o
 .comment       0x00000059       0x5a hal/utils/src/utils_assert.o
 .comment       0x00000059       0x5a hpl/core/hpl_init.o
 .comment       0x00000059       0x5a hpl/pmc/hpl_pmc.o
 .comment       0x00000059       0x5a hpl/uart/hpl_uart.o
 .comment       0x00000059       0x5a main.o
 .comment       0x00000059       0x5a thirdparty/RTOS/freertos/FreeRTOSV10.0.0/Source/list.o
 .comment       0x00000059       0x5a thirdparty/RTOS/freertos/FreeRTOSV10.0.0/Source/portable/GCC/ARM_CM7/port.o
 .comment       0x00000059       0x5a thirdparty/RTOS/freertos/FreeRTOSV10.0.0/Source/portable/MemMang/heap_1.o
 .comment       0x00000059       0x5a thirdparty/RTOS/freertos/FreeRTOSV10.0.0/Source/queue.o
 .comment       0x00000059       0x5a thirdparty/RTOS/freertos/FreeRTOSV10.0.0/Source/tasks.o
 .comment       0x00000059       0x5a thirdparty/RTOS/freertos/FreeRTOSV10.0.0/Source/timers.o

.debug_info     0x00000000    0x1140e
 .debug_info    0x00000000      0x226 atmel_start.o
 .debug_info    0x00000226      0xb34 Device_Startup/startup_samv71q21b.o
 .debug_info    0x00000d5a     0x1379 driver_init.o
 .debug_info    0x000020d3      0x1fa hal/src/hal_atomic.o
 .debug_info    0x000022cd      0x311 hal/src/hal_io.o
 .debug_info    0x000025de      0xd3b hal/src/hal_usart_sync.o
 .debug_info    0x00003319      0x130 hal/utils/src/utils_assert.o
 .debug_info    0x00003449      0x6be hpl/core/hpl_init.o
 .debug_info    0x00003b07      0x894 hpl/pmc/hpl_pmc.o
 .debug_info    0x0000439b     0x2d3a hpl/uart/hpl_uart.o
 .debug_info    0x000070d5     0x1179 main.o
 .debug_info    0x0000824e      0xbd8 thirdparty/RTOS/freertos/FreeRTOSV10.0.0/Source/list.o
 .debug_info    0x00008e26      0x55b thirdparty/RTOS/freertos/FreeRTOSV10.0.0/Source/portable/GCC/ARM_CM7/port.o
 .debug_info    0x00009381      0xb02 thirdparty/RTOS/freertos/FreeRTOSV10.0.0/Source/portable/MemMang/heap_1.o
 .debug_info    0x00009e83     0x2ba1 thirdparty/RTOS/freertos/FreeRTOSV10.0.0/Source/queue.o
 .debug_info    0x0000ca24     0x2fb1 thirdparty/RTOS/freertos/FreeRTOSV10.0.0/Source/tasks.o
 .debug_info    0x0000f9d5     0x1a39 thirdparty/RTOS/freertos/FreeRTOSV10.0.0/Source/timers.o

.debug_abbrev   0x00000000     0x26b7
 .debug_abbrev  0x00000000       0xf2 atmel_start.o
 .debug_abbrev  0x000000f2      0x153 Device_Startup/startup_samv71q21b.o
 .debug_abbrev  0x00000245      0x2cb driver_init.o
 .debug_abbrev  0x00000510      0x155 hal/src/hal_atomic.o
 .debug_abbrev  0x00000665      0x12d hal/src/hal_io.o
 .debug_abbrev  0x00000792      0x22f hal/src/hal_usart_sync.o
 .debug_abbrev  0x000009c1       0x9e hal/utils/src/utils_assert.o
 .debug_abbrev  0x00000a5f      0x1e7 hpl/core/hpl_init.o
 .debug_abbrev  0x00000c46      0x1b7 hpl/pmc/hpl_pmc.o
 .debug_abbrev  0x00000dfd      0x433 hpl/uart/hpl_uart.o
 .debug_abbrev  0x00001230      0x29f main.o
 .debug_abbrev  0x000014cf      0x221 thirdparty/RTOS/freertos/FreeRTOSV10.0.0/Source/list.o
 .debug_abbrev  0x000016f0      0x249 thirdparty/RTOS/freertos/FreeRTOSV10.0.0/Source/portable/GCC/ARM_CM7/port.o
 .debug_abbrev  0x00001939      0x27d thirdparty/RTOS/freertos/FreeRTOSV10.0.0/Source/portable/MemMang/heap_1.o
 .debug_abbrev  0x00001bb6      0x385 thirdparty/RTOS/freertos/FreeRTOSV10.0.0/Source/queue.o
 .debug_abbrev  0x00001f3b      0x425 thirdparty/RTOS/freertos/FreeRTOSV10.0.0/Source/tasks.o
 .debug_abbrev  0x00002360      0x357 thirdparty/RTOS/freertos/FreeRTOSV10.0.0/Source/timers.o

.debug_loc      0x00000000     0x78ed
 .debug_loc     0x00000000       0x20 atmel_start.o
 .debug_loc     0x00000020       0x78 Device_Startup/startup_samv71q21b.o
 .debug_loc     0x00000098      0x16a driver_init.o
 .debug_loc     0x00000202       0x13 hal/src/hal_atomic.o
 .debug_loc     0x00000215      0x132 hal/src/hal_io.o
 .debug_loc     0x00000347      0x8b2 hal/src/hal_usart_sync.o
 .debug_loc     0x00000bf9       0x77 hpl/core/hpl_init.o
 .debug_loc     0x00000c70      0x204 hpl/pmc/hpl_pmc.o
 .debug_loc     0x00000e74     0x1b38 hpl/uart/hpl_uart.o
 .debug_loc     0x000029ac      0x300 main.o
 .debug_loc     0x00002cac       0x9c thirdparty/RTOS/freertos/FreeRTOSV10.0.0/Source/list.o
 .debug_loc     0x00002d48      0x160 thirdparty/RTOS/freertos/FreeRTOSV10.0.0/Source/portable/GCC/ARM_CM7/port.o
 .debug_loc     0x00002ea8       0x74 thirdparty/RTOS/freertos/FreeRTOSV10.0.0/Source/portable/MemMang/heap_1.o
 .debug_loc     0x00002f1c     0x1acd thirdparty/RTOS/freertos/FreeRTOSV10.0.0/Source/queue.o
 .debug_loc     0x000049e9     0x2045 thirdparty/RTOS/freertos/FreeRTOSV10.0.0/Source/tasks.o
 .debug_loc     0x00006a2e      0xebf thirdparty/RTOS/freertos/FreeRTOSV10.0.0/Source/timers.o

.debug_aranges  0x00000000      0x8d8
 .debug_aranges
                0x00000000       0x20 atmel_start.o
 .debug_aranges
                0x00000020       0x28 Device_Startup/startup_samv71q21b.o
 .debug_aranges
                0x00000048       0x38 driver_init.o
 .debug_aranges
                0x00000080       0x30 hal/src/hal_atomic.o
 .debug_aranges
                0x000000b0       0x30 hal/src/hal_io.o
 .debug_aranges
                0x000000e0       0xa8 hal/src/hal_usart_sync.o
 .debug_aranges
                0x00000188       0x20 hal/utils/src/utils_assert.o
 .debug_aranges
                0x000001a8       0x20 hpl/core/hpl_init.o
 .debug_aranges
                0x000001c8       0x30 hpl/pmc/hpl_pmc.o
 .debug_aranges
                0x000001f8      0x1c8 hpl/uart/hpl_uart.o
 .debug_aranges
                0x000003c0       0x50 main.o
 .debug_aranges
                0x00000410       0x40 thirdparty/RTOS/freertos/FreeRTOSV10.0.0/Source/list.o
 .debug_aranges
                0x00000450       0x80 thirdparty/RTOS/freertos/FreeRTOSV10.0.0/Source/portable/GCC/ARM_CM7/port.o
 .debug_aranges
                0x000004d0       0x38 thirdparty/RTOS/freertos/FreeRTOSV10.0.0/Source/portable/MemMang/heap_1.o
 .debug_aranges
                0x00000508      0x148 thirdparty/RTOS/freertos/FreeRTOSV10.0.0/Source/queue.o
 .debug_aranges
                0x00000650      0x1c0 thirdparty/RTOS/freertos/FreeRTOSV10.0.0/Source/tasks.o
 .debug_aranges
                0x00000810       0xc8 thirdparty/RTOS/freertos/FreeRTOSV10.0.0/Source/timers.o

.debug_ranges   0x00000000      0x9a0
 .debug_ranges  0x00000000       0x10 atmel_start.o
 .debug_ranges  0x00000010       0x18 Device_Startup/startup_samv71q21b.o
 .debug_ranges  0x00000028       0x28 driver_init.o
 .debug_ranges  0x00000050       0x20 hal/src/hal_atomic.o
 .debug_ranges  0x00000070       0x20 hal/src/hal_io.o
 .debug_ranges  0x00000090       0x98 hal/src/hal_usart_sync.o
 .debug_ranges  0x00000128       0x10 hal/utils/src/utils_assert.o
 .debug_ranges  0x00000138       0x10 hpl/core/hpl_init.o
 .debug_ranges  0x00000148       0x20 hpl/pmc/hpl_pmc.o
 .debug_ranges  0x00000168      0x1b8 hpl/uart/hpl_uart.o
 .debug_ranges  0x00000320       0x40 main.o
 .debug_ranges  0x00000360       0x30 thirdparty/RTOS/freertos/FreeRTOSV10.0.0/Source/list.o
 .debug_ranges  0x00000390       0x70 thirdparty/RTOS/freertos/FreeRTOSV10.0.0/Source/portable/GCC/ARM_CM7/port.o
 .debug_ranges  0x00000400       0x28 thirdparty/RTOS/freertos/FreeRTOSV10.0.0/Source/portable/MemMang/heap_1.o
 .debug_ranges  0x00000428      0x240 thirdparty/RTOS/freertos/FreeRTOSV10.0.0/Source/queue.o
 .debug_ranges  0x00000668      0x280 thirdparty/RTOS/freertos/FreeRTOSV10.0.0/Source/tasks.o
 .debug_ranges  0x000008e8       0xb8 thirdparty/RTOS/freertos/FreeRTOSV10.0.0/Source/timers.o

.debug_macro    0x00000000    0x3b514
 .debug_macro   0x00000000      0x832 atmel_start.o
 .debug_macro   0x00000832      0x8b0 atmel_start.o
 .debug_macro   0x000010e2      0x16d atmel_start.o
 .debug_macro   0x0000124f       0x22 atmel_start.o
 .debug_macro   0x00001271       0x87 atmel_start.o
 .debug_macro   0x000012f8       0x51 atmel_start.o
 .debug_macro   0x00001349       0xef atmel_start.o
 .debug_macro   0x00001438       0x6a atmel_start.o
 .debug_macro   0x000014a2      0x1df atmel_start.o
 .debug_macro   0x00001681       0x22 atmel_start.o
 .debug_macro   0x000016a3       0xd7 atmel_start.o
 .debug_macro   0x0000177a       0x1c atmel_start.o
 .debug_macro   0x00001796       0x22 atmel_start.o
 .debug_macro   0x000017b8       0xdf atmel_start.o
 .debug_macro   0x00001897     0x12cd atmel_start.o
 .debug_macro   0x00002b64      0x11f atmel_start.o
 .debug_macro   0x00002c83       0x19 atmel_start.o
 .debug_macro   0x00002c9c      0x3e2 atmel_start.o
 .debug_macro   0x0000307e      0x5a9 atmel_start.o
 .debug_macro   0x00003627     0x1797 atmel_start.o
 .debug_macro   0x00004dbe      0x3bb atmel_start.o
 .debug_macro   0x00005179      0x830 atmel_start.o
 .debug_macro   0x000059a9      0x316 atmel_start.o
 .debug_macro   0x00005cbf     0x269d atmel_start.o
 .debug_macro   0x0000835c       0x40 atmel_start.o
 .debug_macro   0x0000839c     0x105e atmel_start.o
 .debug_macro   0x000093fa      0x60b atmel_start.o
 .debug_macro   0x00009a05      0x555 atmel_start.o
 .debug_macro   0x00009f5a      0xb8f atmel_start.o
 .debug_macro   0x0000aae9      0x62e atmel_start.o
 .debug_macro   0x0000b117     0x3ac9 atmel_start.o
 .debug_macro   0x0000ebe0      0x6bf atmel_start.o
 .debug_macro   0x0000f29f     0x83ff atmel_start.o
 .debug_macro   0x0001769e     0x326e atmel_start.o
 .debug_macro   0x0001a90c     0x24d0 atmel_start.o
 .debug_macro   0x0001cddc      0x87f atmel_start.o
 .debug_macro   0x0001d65b      0x17d atmel_start.o
 .debug_macro   0x0001d7d8      0x118 atmel_start.o
 .debug_macro   0x0001d8f0      0x909 atmel_start.o
 .debug_macro   0x0001e1f9      0x125 atmel_start.o
 .debug_macro   0x0001e31e      0x503 atmel_start.o
 .debug_macro   0x0001e821      0x3e0 atmel_start.o
 .debug_macro   0x0001ec01      0x709 atmel_start.o
 .debug_macro   0x0001f30a      0xb64 atmel_start.o
 .debug_macro   0x0001fe6e      0xf03 atmel_start.o
 .debug_macro   0x00020d71      0xff2 atmel_start.o
 .debug_macro   0x00021d63      0x1a8 atmel_start.o
 .debug_macro   0x00021f0b      0x124 atmel_start.o
 .debug_macro   0x0002202f      0xbc2 atmel_start.o
 .debug_macro   0x00022bf1      0x5c5 atmel_start.o
 .debug_macro   0x000231b6     0x1afb atmel_start.o
 .debug_macro   0x00024cb1      0x664 atmel_start.o
 .debug_macro   0x00025315     0x41a7 atmel_start.o
 .debug_macro   0x000294bc      0x64f atmel_start.o
 .debug_macro   0x00029b0b       0xc4 atmel_start.o
 .debug_macro   0x00029bcf      0x12d atmel_start.o
 .debug_macro   0x00029cfc     0x2a5f atmel_start.o
 .debug_macro   0x0002c75b       0x7c atmel_start.o
 .debug_macro   0x0002c7d7      0x14e atmel_start.o
 .debug_macro   0x0002c925       0xf4 atmel_start.o
 .debug_macro   0x0002ca19       0xf4 atmel_start.o
 .debug_macro   0x0002cb0d       0x16 atmel_start.o
 .debug_macro   0x0002cb23       0x7c atmel_start.o
 .debug_macro   0x0002cb9f       0x40 atmel_start.o
 .debug_macro   0x0002cbdf      0x623 atmel_start.o
 .debug_macro   0x0002d202       0x40 atmel_start.o
 .debug_macro   0x0002d242      0x7ce atmel_start.o
 .debug_macro   0x0002da10       0x6a atmel_start.o
 .debug_macro   0x0002da7a       0x6a atmel_start.o
 .debug_macro   0x0002dae4       0x88 atmel_start.o
 .debug_macro   0x0002db6c       0xac atmel_start.o
 .debug_macro   0x0002dc18      0x142 atmel_start.o
 .debug_macro   0x0002dd5a      0x138 atmel_start.o
 .debug_macro   0x0002de92      0x138 atmel_start.o
 .debug_macro   0x0002dfca       0xee atmel_start.o
 .debug_macro   0x0002e0b8      0x187 atmel_start.o
 .debug_macro   0x0002e23f      0x180 atmel_start.o
 .debug_macro   0x0002e3bf      0x180 atmel_start.o
 .debug_macro   0x0002e53f      0x180 atmel_start.o
 .debug_macro   0x0002e6bf      0x180 atmel_start.o
 .debug_macro   0x0002e83f      0x121 atmel_start.o
 .debug_macro   0x0002e960      0x352 atmel_start.o
 .debug_macro   0x0002ecb2      0x352 atmel_start.o
 .debug_macro   0x0002f004       0x82 atmel_start.o
 .debug_macro   0x0002f086       0x22 atmel_start.o
 .debug_macro   0x0002f0a8       0x22 atmel_start.o
 .debug_macro   0x0002f0ca       0x58 atmel_start.o
 .debug_macro   0x0002f122       0x28 atmel_start.o
 .debug_macro   0x0002f14a       0x64 atmel_start.o
 .debug_macro   0x0002f1ae       0x94 atmel_start.o
 .debug_macro   0x0002f242       0x7c atmel_start.o
 .debug_macro   0x0002f2be       0x7c atmel_start.o
 .debug_macro   0x0002f33a       0x8e atmel_start.o
 .debug_macro   0x0002f3c8       0x34 atmel_start.o
 .debug_macro   0x0002f3fc      0x1a8 atmel_start.o
 .debug_macro   0x0002f5a4      0x1a8 atmel_start.o
 .debug_macro   0x0002f74c      0x1a8 atmel_start.o
 .debug_macro   0x0002f8f4      0x1a8 atmel_start.o
 .debug_macro   0x0002fa9c       0x3a atmel_start.o
 .debug_macro   0x0002fad6       0x82 atmel_start.o
 .debug_macro   0x0002fb58       0x82 atmel_start.o
 .debug_macro   0x0002fbda       0x82 atmel_start.o
 .debug_macro   0x0002fc5c       0x70 atmel_start.o
 .debug_macro   0x0002fccc       0x70 atmel_start.o
 .debug_macro   0x0002fd3c       0x70 atmel_start.o
 .debug_macro   0x0002fdac       0x70 atmel_start.o
 .debug_macro   0x0002fe1c       0x70 atmel_start.o
 .debug_macro   0x0002fe8c       0xf4 atmel_start.o
 .debug_macro   0x0002ff80       0xf4 atmel_start.o
 .debug_macro   0x00030074       0xf4 atmel_start.o
 .debug_macro   0x00030168      0x71f atmel_start.o
 .debug_macro   0x00030887       0x16 atmel_start.o
 .debug_macro   0x0003089d       0x22 atmel_start.o
 .debug_macro   0x000308bf      0x9bf atmel_start.o
 .debug_macro   0x0003127e      0x59f atmel_start.o
 .debug_macro   0x0003181d     0x2879 atmel_start.o
 .debug_macro   0x00034096      0x169 atmel_start.o
 .debug_macro   0x000341ff       0x10 atmel_start.o
 .debug_macro   0x0003420f       0x10 atmel_start.o
 .debug_macro   0x0003421f       0x16 atmel_start.o
 .debug_macro   0x00034235       0x16 atmel_start.o
 .debug_macro   0x0003424b       0x16 atmel_start.o
 .debug_macro   0x00034261       0x16 atmel_start.o
 .debug_macro   0x00034277       0x16 atmel_start.o
 .debug_macro   0x0003428d       0x16 atmel_start.o
 .debug_macro   0x000342a3       0x16 atmel_start.o
 .debug_macro   0x000342b9       0x16 atmel_start.o
 .debug_macro   0x000342cf       0x16 atmel_start.o
 .debug_macro   0x000342e5       0x16 atmel_start.o
 .debug_macro   0x000342fb       0x16 atmel_start.o
 .debug_macro   0x00034311       0x16 atmel_start.o
 .debug_macro   0x00034327       0x16 atmel_start.o
 .debug_macro   0x0003433d       0x16 atmel_start.o
 .debug_macro   0x00034353       0x16 atmel_start.o
 .debug_macro   0x00034369       0x16 atmel_start.o
 .debug_macro   0x0003437f       0x16 atmel_start.o
 .debug_macro   0x00034395       0x16 atmel_start.o
 .debug_macro   0x000343ab       0x16 atmel_start.o
 .debug_macro   0x000343c1       0x16 atmel_start.o
 .debug_macro   0x000343d7       0x16 atmel_start.o
 .debug_macro   0x000343ed       0x16 atmel_start.o
 .debug_macro   0x00034403       0x16 atmel_start.o
 .debug_macro   0x00034419       0x16 atmel_start.o
 .debug_macro   0x0003442f       0x16 atmel_start.o
 .debug_macro   0x00034445       0x16 atmel_start.o
 .debug_macro   0x0003445b       0x16 atmel_start.o
 .debug_macro   0x00034471      0x27e atmel_start.o
 .debug_macro   0x000346ef       0x16 atmel_start.o
 .debug_macro   0x00034705       0x16 atmel_start.o
 .debug_macro   0x0003471b       0x16 atmel_start.o
 .debug_macro   0x00034731      0x373 atmel_start.o
 .debug_macro   0x00034aa4       0xa9 atmel_start.o
 .debug_macro   0x00034b4d       0x16 atmel_start.o
 .debug_macro   0x00034b63       0x16 atmel_start.o
 .debug_macro   0x00034b79       0x16 atmel_start.o
 .debug_macro   0x00034b8f       0xca atmel_start.o
 .debug_macro   0x00034c59       0x1c atmel_start.o
 .debug_macro   0x00034c75       0x16 atmel_start.o
 .debug_macro   0x00034c8b       0x28 atmel_start.o
 .debug_macro   0x00034cb3       0x3a atmel_start.o
 .debug_macro   0x00034ced      0x183 atmel_start.o
 .debug_macro   0x00034e70      0x15a atmel_start.o
 .debug_macro   0x00034fca       0xc2 atmel_start.o
 .debug_macro   0x0003508c       0x10 atmel_start.o
 .debug_macro   0x0003509c       0x1f atmel_start.o
 .debug_macro   0x000350bb      0x45c atmel_start.o
 .debug_macro   0x00035517       0xb5 atmel_start.o
 .debug_macro   0x000355cc       0x8c atmel_start.o
 .debug_macro   0x00035658       0x86 atmel_start.o
 .debug_macro   0x000356de       0x7e atmel_start.o
 .debug_macro   0x0003575c       0x22 atmel_start.o
 .debug_macro   0x0003577e      0x49c Device_Startup/startup_samv71q21b.o
 .debug_macro   0x00035c1a       0xd1 Device_Startup/startup_samv71q21b.o
 .debug_macro   0x00035ceb      0x768 driver_init.o
 .debug_macro   0x00036453       0x10 driver_init.o
 .debug_macro   0x00036463       0xc9 driver_init.o
 .debug_macro   0x0003652c      0x669 hal/src/hal_atomic.o
 .debug_macro   0x00036b95      0x67e hal/src/hal_io.o
 .debug_macro   0x00037213      0x6a9 hal/src/hal_usart_sync.o
 .debug_macro   0x000378bc      0x673 hal/utils/src/utils_assert.o
 .debug_macro   0x00037f2f       0x10 hal/utils/src/utils_assert.o
 .debug_macro   0x00037f3f      0x6e1 hpl/core/hpl_init.o
 .debug_macro   0x00038620      0x324 hpl/core/hpl_init.o
 .debug_macro   0x00038944      0x9df hpl/core/hpl_init.o
 .debug_macro   0x00039323      0x692 hpl/pmc/hpl_pmc.o
 .debug_macro   0x000399b5      0x6e5 hpl/uart/hpl_uart.o
 .debug_macro   0x0003a09a       0x34 hpl/uart/hpl_uart.o
 .debug_macro   0x0003a0ce      0x83d main.o
 .debug_macro   0x0003a90b      0x18a thirdparty/RTOS/freertos/FreeRTOSV10.0.0/Source/list.o
 .debug_macro   0x0003aa95      0x193 thirdparty/RTOS/freertos/FreeRTOSV10.0.0/Source/portable/GCC/ARM_CM7/port.o
 .debug_macro   0x0003ac28      0x1ab thirdparty/RTOS/freertos/FreeRTOSV10.0.0/Source/portable/MemMang/heap_1.o
 .debug_macro   0x0003add3      0x206 thirdparty/RTOS/freertos/FreeRTOSV10.0.0/Source/queue.o
 .debug_macro   0x0003afd9       0x16 thirdparty/RTOS/freertos/FreeRTOSV10.0.0/Source/queue.o
 .debug_macro   0x0003afef      0x32c thirdparty/RTOS/freertos/FreeRTOSV10.0.0/Source/tasks.o
 .debug_macro   0x0003b31b       0x10 thirdparty/RTOS/freertos/FreeRTOSV10.0.0/Source/tasks.o
 .debug_macro   0x0003b32b       0x1c thirdparty/RTOS/freertos/FreeRTOSV10.0.0/Source/tasks.o
 .debug_macro   0x0003b347      0x1cd thirdparty/RTOS/freertos/FreeRTOSV10.0.0/Source/timers.o

.debug_line     0x00000000     0xc74e
 .debug_line    0x00000000      0xf7e atmel_start.o
 .debug_line    0x00000f7e      0x900 Device_Startup/startup_samv71q21b.o
 .debug_line    0x0000187e      0xe2c driver_init.o
 .debug_line    0x000026aa      0xc78 hal/src/hal_atomic.o
 .debug_line    0x00003322      0xc70 hal/src/hal_io.o
 .debug_line    0x00003f92      0xe19 hal/src/hal_usart_sync.o
 .debug_line    0x00004dab      0xc4d hal/utils/src/utils_assert.o
 .debug_line    0x000059f8      0xd33 hpl/core/hpl_init.o
 .debug_line    0x0000672b      0xd3e hpl/pmc/hpl_pmc.o
 .debug_line    0x00007469     0x1258 hpl/uart/hpl_uart.o
 .debug_line    0x000086c1     0x1021 main.o
 .debug_line    0x000096e2      0x49d thirdparty/RTOS/freertos/FreeRTOSV10.0.0/Source/list.o
 .debug_line    0x00009b7f      0x4e5 thirdparty/RTOS/freertos/FreeRTOSV10.0.0/Source/portable/GCC/ARM_CM7/port.o
 .debug_line    0x0000a064      0x494 thirdparty/RTOS/freertos/FreeRTOSV10.0.0/Source/portable/MemMang/heap_1.o
 .debug_line    0x0000a4f8      0xc20 thirdparty/RTOS/freertos/FreeRTOSV10.0.0/Source/queue.o
 .debug_line    0x0000b118      0xf34 thirdparty/RTOS/freertos/FreeRTOSV10.0.0/Source/tasks.o
 .debug_line    0x0000c04c      0x702 thirdparty/RTOS/freertos/FreeRTOSV10.0.0/Source/timers.o

.debug_str      0x00000000   0x14b71d
 .debug_str     0x00000000   0x13e917 atmel_start.o
                             0x13f29a (size before relaxing)
 .debug_str     0x0013e917      0x78d Device_Startup/startup_samv71q21b.o
                             0x1353d9 (size before relaxing)
 .debug_str     0x0013f0a4      0xc51 driver_init.o
                             0x13b856 (size before relaxing)
 .debug_str     0x0013fcf5       0xb7 hal/src/hal_atomic.o
                             0x13a791 (size before relaxing)
 .debug_str     0x0013fdac       0x4b hal/src/hal_io.o
                             0x13a82c (size before relaxing)
 .debug_str     0x0013fdf7      0x4aa hal/src/hal_usart_sync.o
                             0x13b2cc (size before relaxing)
 .debug_str     0x001402a1       0x2a hal/utils/src/utils_assert.o
                             0x13a7a1 (size before relaxing)
 .debug_str     0x001402cb     0x307f hpl/core/hpl_init.o
                             0x13db9f (size before relaxing)
 .debug_str     0x0014334a      0x1d6 hpl/pmc/hpl_pmc.o
                             0x13b7cf (size before relaxing)
 .debug_str     0x00143520      0xfca hpl/uart/hpl_uart.o
                             0x13c28a (size before relaxing)
 .debug_str     0x001444ea      0x323 main.o
                             0x13f937 (size before relaxing)
 .debug_str     0x0014480d     0x2e77 thirdparty/RTOS/freertos/FreeRTOSV10.0.0/Source/list.o
                               0x9a5c (size before relaxing)
 .debug_str     0x00147684      0x793 thirdparty/RTOS/freertos/FreeRTOSV10.0.0/Source/portable/GCC/ARM_CM7/port.o
                               0x78e0 (size before relaxing)
 .debug_str     0x00147e17      0x176 thirdparty/RTOS/freertos/FreeRTOSV10.0.0/Source/portable/MemMang/heap_1.o
                               0x9ffa (size before relaxing)
 .debug_str     0x00147f8d      0x972 thirdparty/RTOS/freertos/FreeRTOSV10.0.0/Source/queue.o
                               0xb11f (size before relaxing)
 .debug_str     0x001488ff     0x29b1 thirdparty/RTOS/freertos/FreeRTOSV10.0.0/Source/tasks.o
                               0xcda6 (size before relaxing)
 .debug_str     0x0014b2b0      0x46d thirdparty/RTOS/freertos/FreeRTOSV10.0.0/Source/timers.o
                               0xb3d1 (size before relaxing)

.debug_frame    0x00000000     0x1894
 .debug_frame   0x00000000       0x28 atmel_start.o
 .debug_frame   0x00000028       0x38 Device_Startup/startup_samv71q21b.o
 .debug_frame   0x00000060       0x60 driver_init.o
 .debug_frame   0x000000c0       0x40 hal/src/hal_atomic.o
 .debug_frame   0x00000100       0x58 hal/src/hal_io.o
 .debug_frame   0x00000158      0x1f0 hal/src/hal_usart_sync.o
 .debug_frame   0x00000348       0x20 hal/utils/src/utils_assert.o
 .debug_frame   0x00000368       0x2c hpl/core/hpl_init.o
 .debug_frame   0x00000394       0x48 hpl/pmc/hpl_pmc.o
 .debug_frame   0x000003dc      0x584 hpl/uart/hpl_uart.o
 .debug_frame   0x00000960       0xc0 main.o
 .debug_frame   0x00000a20       0x6c thirdparty/RTOS/freertos/FreeRTOSV10.0.0/Source/list.o
 .debug_frame   0x00000a8c      0x100 thirdparty/RTOS/freertos/FreeRTOSV10.0.0/Source/portable/GCC/ARM_CM7/port.o
 .debug_frame   0x00000b8c       0x5c thirdparty/RTOS/freertos/FreeRTOSV10.0.0/Source/portable/MemMang/heap_1.o
 .debug_frame   0x00000be8      0x43c thirdparty/RTOS/freertos/FreeRTOSV10.0.0/Source/queue.o
 .debug_frame   0x00001024      0x594 thirdparty/RTOS/freertos/FreeRTOSV10.0.0/Source/tasks.o
 .debug_frame   0x000015b8      0x268 thirdparty/RTOS/freertos/FreeRTOSV10.0.0/Source/timers.o
 .debug_frame   0x00001820       0x2c c:/program files (x86)/atmel/studio/7.0/toolchain/arm/arm-gnu-toolchain/bin/../lib/gcc/arm-none-eabi/6.3.1/../../../../arm-none-eabi/lib/thumb/v7e-m\libc_nano.a(lib_a-init.o)
 .debug_frame   0x0000184c       0x28 c:/program files (x86)/atmel/studio/7.0/toolchain/arm/arm-gnu-toolchain/bin/../lib/gcc/arm-none-eabi/6.3.1/../../../../arm-none-eabi/lib/thumb/v7e-m\libc_nano.a(lib_a-memcpy-stub.o)
 .debug_frame   0x00001874       0x20 c:/program files (x86)/atmel/studio/7.0/toolchain/arm/arm-gnu-toolchain/bin/../lib/gcc/arm-none-eabi/6.3.1/../../../../arm-none-eabi/lib/thumb/v7e-m\libc_nano.a(lib_a-memset.o)
