Archive member included to satisfy reference by file (symbol)

c:/program files (x86)/atmel/studio/7.0/toolchain/arm/arm-gnu-toolchain/bin/../lib/gcc/arm-none-eabi/6.3.1/../../../../arm-none-eabi/lib/thumb/v7e-m\libc_nano.a(lib_a-exit.o)
                              c:/program files (x86)/atmel/studio/7.0/toolchain/arm/arm-gnu-toolchain/bin/../lib/gcc/arm-none-eabi/6.3.1/../../../../arm-none-eabi/lib/thumb/v7e-m/crt0.o (exit)
c:/program files (x86)/atmel/studio/7.0/toolchain/arm/arm-gnu-toolchain/bin/../lib/gcc/arm-none-eabi/6.3.1/../../../../arm-none-eabi/lib/thumb/v7e-m\libc_nano.a(lib_a-impure.o)
                              c:/program files (x86)/atmel/studio/7.0/toolchain/arm/arm-gnu-toolchain/bin/../lib/gcc/arm-none-eabi/6.3.1/../../../../arm-none-eabi/lib/thumb/v7e-m\libc_nano.a(lib_a-exit.o) (_global_impure_ptr)
c:/program files (x86)/atmel/studio/7.0/toolchain/arm/arm-gnu-toolchain/bin/../lib/gcc/arm-none-eabi/6.3.1/../../../../arm-none-eabi/lib/thumb/v7e-m\libc_nano.a(lib_a-init.o)
                              c:/program files (x86)/atmel/studio/7.0/toolchain/arm/arm-gnu-toolchain/bin/../lib/gcc/arm-none-eabi/6.3.1/../../../../arm-none-eabi/lib/thumb/v7e-m/crt0.o (__libc_init_array)
c:/program files (x86)/atmel/studio/7.0/toolchain/arm/arm-gnu-toolchain/bin/../lib/gcc/arm-none-eabi/6.3.1/../../../../arm-none-eabi/lib/thumb/v7e-m\libc_nano.a(lib_a-memcpy-stub.o)
                              thirdparty/RTOS/freertos/FreeRTOSV10.0.0/Source/queue.o (memcpy)
c:/program files (x86)/atmel/studio/7.0/toolchain/arm/arm-gnu-toolchain/bin/../lib/gcc/arm-none-eabi/6.3.1/../../../../arm-none-eabi/lib/thumb/v7e-m\libc_nano.a(lib_a-memset.o)
                              c:/program files (x86)/atmel/studio/7.0/toolchain/arm/arm-gnu-toolchain/bin/../lib/gcc/arm-none-eabi/6.3.1/../../../../arm-none-eabi/lib/thumb/v7e-m/crt0.o (memset)
c:/program files (x86)/atmel/studio/7.0/toolchain/arm/arm-gnu-toolchain/bin/../lib/gcc/arm-none-eabi/6.3.1/../../../../arm-none-eabi/lib/thumb/v7e-m\libc_nano.a(lib_a-printf.o)
                              hal/utils/src/utils_syscalls.o (printf)
c:/program files (x86)/atmel/studio/7.0/toolchain/arm/arm-gnu-toolchain/bin/../lib/gcc/arm-none-eabi/6.3.1/../../../../arm-none-eabi/lib/thumb/v7e-m\libc_nano.a(lib_a-sprintf.o)
                              thirdparty/RTOS/freertos/FreeRTOSV10.0.0/Source/tasks.o (sprintf)
c:/program files (x86)/atmel/studio/7.0/toolchain/arm/arm-gnu-toolchain/bin/../lib/gcc/arm-none-eabi/6.3.1/../../../../arm-none-eabi/lib/thumb/v7e-m\libc_nano.a(lib_a-strcpy.o)
                              thirdparty/RTOS/freertos/FreeRTOSV10.0.0/Source/tasks.o (strcpy)
c:/program files (x86)/atmel/studio/7.0/toolchain/arm/arm-gnu-toolchain/bin/../lib/gcc/arm-none-eabi/6.3.1/../../../../arm-none-eabi/lib/thumb/v7e-m\libc_nano.a(lib_a-strlen.o)
                              thirdparty/RTOS/freertos/FreeRTOSV10.0.0/Source/tasks.o (strlen)
c:/program files (x86)/atmel/studio/7.0/toolchain/arm/arm-gnu-toolchain/bin/../lib/gcc/arm-none-eabi/6.3.1/../../../../arm-none-eabi/lib/thumb/v7e-m\libc_nano.a(lib_a-findfp.o)
                              c:/program files (x86)/atmel/studio/7.0/toolchain/arm/arm-gnu-toolchain/bin/../lib/gcc/arm-none-eabi/6.3.1/../../../../arm-none-eabi/lib/thumb/v7e-m\libc_nano.a(lib_a-printf.o) (__sinit)
c:/program files (x86)/atmel/studio/7.0/toolchain/arm/arm-gnu-toolchain/bin/../lib/gcc/arm-none-eabi/6.3.1/../../../../arm-none-eabi/lib/thumb/v7e-m\libc_nano.a(lib_a-fwalk.o)
                              c:/program files (x86)/atmel/studio/7.0/toolchain/arm/arm-gnu-toolchain/bin/../lib/gcc/arm-none-eabi/6.3.1/../../../../arm-none-eabi/lib/thumb/v7e-m\libc_nano.a(lib_a-findfp.o) (_fwalk)
c:/program files (x86)/atmel/studio/7.0/toolchain/arm/arm-gnu-toolchain/bin/../lib/gcc/arm-none-eabi/6.3.1/../../../../arm-none-eabi/lib/thumb/v7e-m\libc_nano.a(lib_a-nano-mallocr.o)
                              c:/program files (x86)/atmel/studio/7.0/toolchain/arm/arm-gnu-toolchain/bin/../lib/gcc/arm-none-eabi/6.3.1/../../../../arm-none-eabi/lib/thumb/v7e-m\libc_nano.a(lib_a-findfp.o) (_malloc_r)
c:/program files (x86)/atmel/studio/7.0/toolchain/arm/arm-gnu-toolchain/bin/../lib/gcc/arm-none-eabi/6.3.1/../../../../arm-none-eabi/lib/thumb/v7e-m\libc_nano.a(lib_a-nano-svfprintf.o)
                              c:/program files (x86)/atmel/studio/7.0/toolchain/arm/arm-gnu-toolchain/bin/../lib/gcc/arm-none-eabi/6.3.1/../../../../arm-none-eabi/lib/thumb/v7e-m\libc_nano.a(lib_a-sprintf.o) (_svfprintf_r)
c:/program files (x86)/atmel/studio/7.0/toolchain/arm/arm-gnu-toolchain/bin/../lib/gcc/arm-none-eabi/6.3.1/../../../../arm-none-eabi/lib/thumb/v7e-m\libc_nano.a(lib_a-nano-vfprintf.o)
                              c:/program files (x86)/atmel/studio/7.0/toolchain/arm/arm-gnu-toolchain/bin/../lib/gcc/arm-none-eabi/6.3.1/../../../../arm-none-eabi/lib/thumb/v7e-m\libc_nano.a(lib_a-printf.o) (_vfprintf_r)
[...]
Memory Configuration

Name             Origin             Length             Attributes
rom              0x00400000         0x00200000         xr
ram              0x20400000         0x00060000         xrw
*default*        0x00000000         0xffffffff

Linker script and memory map

LOAD c:/program files (x86)/atmel/studio/7.0/toolchain/arm/arm-gnu-toolchain/bin/../lib/gcc/arm-none-eabi/6.3.1/thumb/v7e-m/crti.o
LOAD c:/program files (x86)/atmel/studio/7.0/toolchain/arm/arm-gnu-toolchain/bin/../lib/gcc/arm-none-eabi/6.3.1/thumb/v7e-m/crtbegin.o
LOAD c:/program files (x86)/atmel/studio/7.0/toolchain/arm/arm-gnu-toolchain/bin/../lib/gcc/arm-none-eabi/6.3.1/../../../../arm-none-eabi/lib/thumb/v7e-m/crt0.o
LOAD atmel_start.o
LOAD Device_Startup/startup_samv71q21b.o
LOAD Device_Startup/system_samv71q21b.o
LOAD driver_init.o
LOAD examples/driver_examples.o
LOAD hal/src/hal_atomic.o
LOAD hal/src/hal_delay.o
LOAD hal/src/hal_gpio.o
LOAD hal/src/hal_init.o
LOAD hal/src/hal_io.o
LOAD hal/src/hal_sleep.o
LOAD hal/src/hal_usart_sync.o
LOAD hal/utils/src/utils_assert.o
LOAD hal/utils/src/utils_event.o
LOAD hal/utils/src/utils_list.o
LOAD hal/utils/src/utils_ringbuffer.o
LOAD hal/utils/src/utils_syscalls.o
LOAD hpl/core/hpl_core_m7_base.o
LOAD hpl/core/hpl_init.o
LOAD hpl/pmc/hpl_pmc.o
LOAD hpl/pmc/hpl_sleep.o
LOAD hpl/uart/hpl_uart.o
LOAD hpl/xdmac/hpl_xdmac.o
LOAD main.o
LOAD rtos_start.o
LOAD thirdparty/RTOS/freertos/FreeRTOSV10.0.0/rtos_port.o
LOAD thirdparty/RTOS/freertos/FreeRTOSV10.0.0/Source/croutine.o
LOAD thirdparty/RTOS/freertos/FreeRTOSV10.0.0/Source/event_groups.o
LOAD thirdparty/RTOS/freertos/FreeRTOSV10.0.0/Source/list.o
LOAD thirdparty/RTOS/freertos/FreeRTOSV10.0.0/Source/portable/GCC/ARM_CM7/port.o
LOAD thirdparty/RTOS/freertos/FreeRTOSV10.0.0/Source/portable/MemMang/heap_1.o
LOAD thirdparty/RTOS/freertos/FreeRTOSV10.0.0/Source/queue.o
LOAD thirdparty/RTOS/freertos/FreeRTOSV10.0.0/Source/stream_buffer.o
LOAD thirdparty/RTOS/freertos/FreeRTOSV10.0.0/Source/tasks.o
LOAD thirdparty/RTOS/freertos/FreeRTOSV10.0.0/Source/timers.o
START GROUP
LOAD c:/program files (x86)/atmel/studio/7.0/toolchain/arm/arm-gnu-toolchain/bin/../lib/gcc/arm-none-eabi/6.3.1/../../../../arm-none-eabi/lib/thumb/v7e-m\libm.a
END GROUP
START GROUP
LOAD c:/program files (x86)/atmel/studio/7.0/toolchain/arm/arm-gnu-toolchain/bin/../lib/gcc/arm-none-eabi/6.3.1/thumb/v7e-m\libgcc.a
LOAD c:/program files (x86)/atmel/studio/7.0/toolchain/arm/arm-gnu-toolchain/bin/../lib/gcc/arm-none-eabi/6.3.1/../../../../arm-none-eabi/lib/thumb/v7e-m\libc_nano.a
END GROUP
START GROUP
LOAD c:/program files (x86)/atmel/studio/7.0/toolchain/arm/arm-gnu-toolchain/bin/../lib/gcc/arm-none-eabi/6.3.1/thumb/v7e-m\libgcc.a
LOAD c:/program files (x86)/atmel/studio/7.0/toolchain/arm/arm-gnu-toolchain/bin/../lib/gcc/arm-none-eabi/6.3.1/../../../../arm-none-eabi/lib/thumb/v7e-m\libc_nano.a
END GROUP
LOAD c:/program files (x86)/atmel/studio/7.0/toolchain/arm/arm-gnu-toolchain/bin/../lib/gcc/arm-none-eabi/6.3.1/thumb/v7e-m/crtend.o
LOAD c:/program files (x86)/atmel/studio/7.0/toolchain/arm/arm-gnu-toolchain/bin/../lib/gcc/arm-none-eabi/6.3.1/thumb/v7e-m/crtn.o
                0x00000400                STACK_SIZE = DEFINED (STACK_SIZE)?STACK_SIZE:DEFINED (__stack_size__)?__stack_size__:0x400
                0x00000200                HEAP_SIZE = DEFINED (HEAP_SIZE)?HEAP_SIZE:DEFINED (__heap_size__)?__heap_size__:0x200

.text           0x00400000     0x236c
                0x00400000                . = ALIGN (0x4)
                0x00400000                _sfixed = .
 *(.vectors .vectors.*)
 .vectors       0x00400000      0x168 Device_Startup/startup_samv71q21b.o
                0x00400000                exception_table
 *(.text .text.* .gnu.linkonce.t.*)
 .text          0x00400168       0x6c c:/program files (x86)/atmel/studio/7.0/toolchain/arm/arm-gnu-toolchain/bin/../lib/gcc/arm-none-eabi/6.3.1/thumb/v7e-m/crtbegin.o
 .text.atmel_start_init
                0x004001d4        0x8 atmel_start.o
                0x004001d4                atmel_start_init
 .text.Dummy_Handler
                0x004001dc        0x2 Device_Startup/startup_samv71q21b.o
                0x004001dc                DACC_Handler
                0x004001dc                UART3_Handler
                0x004001dc                UART2_Handler
                0x004001dc                TRNG_Handler
                0x004001dc                HardFault_Handler
                0x004001dc                TC2_Handler
                0x004001dc                AFEC1_Handler
                0x004001dc                TC7_Handler
                0x004001dc                QSPI_Handler
                0x004001dc                NonMaskableInt_Handler
                0x004001dc                ISI_Handler
                0x004001dc                MCAN0_INT0_Handler
                0x004001dc                TC9_Handler
                0x004001dc                RSWDT_Handler
                0x004001dc                USART0_Handler
                0x004001dc                RTT_Handler
                0x004001dc                USBHS_Handler
                0x004001dc                IXC_Handler
                0x004001dc                CCF_Handler
                0x004001dc                PIOB_Handler
                0x004001dc                RTC_Handler
                0x004001dc                UsageFault_Handler
                0x004001dc                TC6_Handler
                0x004001dc                WDT_Handler
                0x004001dc                MCAN1_INT1_Handler
                0x004001dc                TC4_Handler
                0x004001dc                TC1_Handler
                0x004001dc                HSMCI_Handler
                0x004001dc                UART1_Handler
                0x004001dc                TC3_Handler
                0x004001dc                Dummy_Handler
                0x004001dc                TWIHS1_Handler
                0x004001dc                XDMAC_Handler
                0x004001dc                UART4_Handler
                0x004001dc                PWM1_Handler
                0x004001dc                USART1_Handler
                0x004001dc                PWM0_Handler
                0x004001dc                PIOA_Handler
                0x004001dc                AFEC0_Handler
                0x004001dc                CCW_Handler
                0x004001dc                SSC_Handler
                0x004001dc                TC11_Handler
                0x004001dc                ACC_Handler
                0x004001dc                PMC_Handler
                0x004001dc                GMAC_Handler
                0x004001dc                MCAN0_INT1_Handler
                0x004001dc                GMAC_Q5_Handler
                0x004001dc                SUPC_Handler
                0x004001dc                TC8_Handler
                0x004001dc                MCAN1_INT0_Handler
                0x004001dc                EFC_Handler
                0x004001dc                GMAC_Q1_Handler
                0x004001dc                USART2_Handler
                0x004001dc                SDRAMC_Handler
                0x004001dc                GMAC_Q2_Handler
                0x004001dc                PIOE_Handler
                0x004001dc                SPI1_Handler
                0x004001dc                TC10_Handler
                0x004001dc                GMAC_Q3_Handler
                0x004001dc                PIOD_Handler
                0x004001dc                TWIHS2_Handler
                0x004001dc                MLB_Handler
                0x004001dc                I2SC0_Handler
                0x004001dc                UART0_Handler
                0x004001dc                I2SC1_Handler
                0x004001dc                PIOC_Handler
                0x004001dc                GMAC_Q4_Handler
                0x004001dc                FPU_Handler
                0x004001dc                BusFault_Handler
                0x004001dc                RSTC_Handler
                0x004001dc                TC0_Handler
                0x004001dc                MemoryManagement_Handler
                0x004001dc                DebugMonitor_Handler
                0x004001dc                TC5_Handler
                0x004001dc                ICM_Handler
                0x004001dc                AES_Handler
                0x004001dc                TWIHS0_Handler
                0x004001dc                SPI0_Handler
 *fill*         0x004001de        0x2 
 .text.Reset_Handler
                0x004001e0       0x64 Device_Startup/startup_samv71q21b.o
                0x004001e0                Reset_Handler
 .text.USART_3_PORT_init
                0x00400244       0x34 driver_init.o
                0x00400244                USART_3_PORT_init
 .text.USART_3_CLOCK_init
                0x00400278       0x18 driver_init.o
                0x00400278                USART_3_CLOCK_init
 .text.USART_3_init
                0x00400290       0x34 driver_init.o
                0x00400290                USART_3_init
 .text.system_init
                0x004002c4       0x24 driver_init.o
                0x004002c4                system_init
 .text.atomic_enter_critical
                0x004002e8        0xe hal/src/hal_atomic.o
                0x004002e8                atomic_enter_critical
 .text.atomic_leave_critical
                0x004002f6        0xc hal/src/hal_atomic.o
                0x004002f6                atomic_leave_critical
 .text.io_write
                0x00400302        0x4 hal/src/hal_io.o
                0x00400302                io_write
 *fill*         0x00400306        0x2 
 .text.usart_sync_write
                0x00400308       0x50 hal/src/hal_usart_sync.o
 .text.usart_sync_read
                0x00400358       0x38 hal/src/hal_usart_sync.o
 .text.usart_sync_init
                0x00400390       0x24 hal/src/hal_usart_sync.o
                0x00400390                usart_sync_init
 .text.usart_sync_enable
                0x004003b4       0x10 hal/src/hal_usart_sync.o
                0x004003b4                usart_sync_enable
 .text.usart_sync_get_io_descriptor
                0x004003c4        0x6 hal/src/hal_usart_sync.o
                0x004003c4                usart_sync_get_io_descriptor
 *fill*         0x004003ca        0x2 
 .text._init_chip
                0x004003cc       0x50 hpl/core/hpl_init.o
                0x004003cc                _init_chip
 .text._pmc_init
                0x0040041c       0x78 hpl/pmc/hpl_pmc.o
                0x0040041c                _pmc_init
 .text._get_uart_index
                0x00400494        0x4 hpl/uart/hpl_uart.o
 .text._usart_sync_init
                0x00400498       0x3c hpl/uart/hpl_uart.o
                0x00400498                _usart_sync_init
 .text._usart_sync_enable
                0x004004d4        0x8 hpl/uart/hpl_uart.o
                0x004004d4                _usart_sync_enable
 .text._usart_sync_write_byte
                0x004004dc        0x6 hpl/uart/hpl_uart.o
                0x004004dc                _usart_sync_write_byte
 .text._usart_sync_read_byte
                0x004004e2        0x8 hpl/uart/hpl_uart.o
                0x004004e2                _usart_sync_read_byte
 .text._usart_sync_is_ready_to_send
                0x004004ea        0xa hpl/uart/hpl_uart.o
                0x004004ea                _usart_sync_is_ready_to_send
 .text._usart_sync_is_transmit_done
                0x004004f4        0xa hpl/uart/hpl_uart.o
                0x004004f4                _usart_sync_is_transmit_done
 .text._usart_sync_is_byte_received
                0x004004fe        0xa hpl/uart/hpl_uart.o
                0x004004fe                _usart_sync_is_byte_received
 .text._uart_get_usart_sync
                0x00400508        0x4 hpl/uart/hpl_uart.o
                0x00400508                _uart_get_usart_sync
 .text.sendMessage
                0x0040050c       0x14 main.o
 .text.computationTask2
                0x00400520       0x7c main.o
                0x00400520                computationTask2
 .text.computationTask1
                0x0040059c       0x5c main.o
                0x0040059c                computationTask1
 .text.computationTask3
                0x004005f8       0x5c main.o
                0x004005f8                computationTask3
 .text.initializeParts
                0x00400654       0x38 main.o
                0x00400654                initializeParts
 .text.controlTask
                0x0040068c       0x90 main.o
                0x0040068c                controlTask
 .text.startup.main
                0x0040071c       0x20 main.o
                0x0040071c                main
 .text.vListInitialise
                0x0040073c       0x16 thirdparty/RTOS/freertos/FreeRTOSV10.0.0/Source/list.o
                0x0040073c                vListInitialise
 .text.vListInitialiseItem
                0x00400752        0x6 thirdparty/RTOS/freertos/FreeRTOSV10.0.0/Source/list.o
                0x00400752                vListInitialiseItem
 .text.vListInsertEnd
                0x00400758       0x18 thirdparty/RTOS/freertos/FreeRTOSV10.0.0/Source/list.o
                0x00400758                vListInsertEnd
 .text.vListInsert
                0x00400770       0x2e thirdparty/RTOS/freertos/FreeRTOSV10.0.0/Source/list.o
                0x00400770                vListInsert
 .text.uxListRemove
                0x0040079e       0x22 thirdparty/RTOS/freertos/FreeRTOSV10.0.0/Source/list.o
                0x0040079e                uxListRemove
 .text.prvTaskExitError
                0x004007c0       0x48 thirdparty/RTOS/freertos/FreeRTOSV10.0.0/Source/portable/GCC/ARM_CM7/port.o
 .text.unlikely.prvPortStartFirstTask
                0x00400808       0x28 thirdparty/RTOS/freertos/FreeRTOSV10.0.0/Source/portable/GCC/ARM_CM7/port.o
 .text.unlikely.vPortEnableVFP
                0x00400830       0x14 thirdparty/RTOS/freertos/FreeRTOSV10.0.0/Source/portable/GCC/ARM_CM7/port.o
 .text.pxPortInitialiseStack
                0x00400844       0x24 thirdparty/RTOS/freertos/FreeRTOSV10.0.0/Source/portable/GCC/ARM_CM7/port.o
                0x00400844                pxPortInitialiseStack
 *fill*         0x00400868        0x8 
 .text.SVCall_Handler
                0x00400870       0x24 thirdparty/RTOS/freertos/FreeRTOSV10.0.0/Source/portable/GCC/ARM_CM7/port.o
                0x00400870                SVCall_Handler
 .text.vPortEnterCritical
                0x00400894       0x4c thirdparty/RTOS/freertos/FreeRTOSV10.0.0/Source/portable/GCC/ARM_CM7/port.o
                0x00400894                vPortEnterCritical
 .text.vPortExitCritical
                0x004008e0       0x2c thirdparty/RTOS/freertos/FreeRTOSV10.0.0/Source/portable/GCC/ARM_CM7/port.o
                0x004008e0                vPortExitCritical
 *fill*         0x0040090c        0x4 
 .text.PendSV_Handler
                0x00400910       0x64 thirdparty/RTOS/freertos/FreeRTOSV10.0.0/Source/portable/GCC/ARM_CM7/port.o
                0x00400910                PendSV_Handler
 .text.SysTick_Handler
                0x00400974       0x34 thirdparty/RTOS/freertos/FreeRTOSV10.0.0/Source/portable/GCC/ARM_CM7/port.o
                0x00400974                SysTick_Handler
 .text.vPortSetupTimerInterrupt
                0x004009a8       0x28 thirdparty/RTOS/freertos/FreeRTOSV10.0.0/Source/portable/GCC/ARM_CM7/port.o
                0x004009a8                vPortSetupTimerInterrupt
 .text.xPortStartScheduler
                0x004009d0       0xd8 thirdparty/RTOS/freertos/FreeRTOSV10.0.0/Source/portable/GCC/ARM_CM7/port.o
                0x004009d0                xPortStartScheduler
 .text.vPortValidateInterruptPriority
                0x00400aa8       0x5c thirdparty/RTOS/freertos/FreeRTOSV10.0.0/Source/portable/GCC/ARM_CM7/port.o
                0x00400aa8                vPortValidateInterruptPriority
 .text.pvPortMalloc
                0x00400b04       0x54 thirdparty/RTOS/freertos/FreeRTOSV10.0.0/Source/portable/MemMang/heap_1.o
                0x00400b04                pvPortMalloc
 .text.vPortFree
                0x00400b58       0x1a thirdparty/RTOS/freertos/FreeRTOSV10.0.0/Source/portable/MemMang/heap_1.o
                0x00400b58                vPortFree
 *fill*         0x00400b72        0x2 
 .text.prvIsQueueEmpty
                0x00400b74       0x20 thirdparty/RTOS/freertos/FreeRTOSV10.0.0/Source/queue.o
 .text.unlikely.prvCopyDataToQueue
                0x00400b94       0x6c thirdparty/RTOS/freertos/FreeRTOSV10.0.0/Source/queue.o
 .text.unlikely.prvCopyDataFromQueue
                0x00400c00       0x30 thirdparty/RTOS/freertos/FreeRTOSV10.0.0/Source/queue.o
 .text.xQueueGenericReset.part.1
                0x00400c30       0x16 thirdparty/RTOS/freertos/FreeRTOSV10.0.0/Source/queue.o
 *fill*         0x00400c46        0x2 
 .text.prvNotifyQueueSetContainer
                0x00400c48       0x78 thirdparty/RTOS/freertos/FreeRTOSV10.0.0/Source/queue.o
 .text.prvUnlockQueue
                0x00400cc0       0x98 thirdparty/RTOS/freertos/FreeRTOSV10.0.0/Source/queue.o
 .text.xQueueGenericReset
                0x00400d58       0x84 thirdparty/RTOS/freertos/FreeRTOSV10.0.0/Source/queue.o
                0x00400d58                xQueueGenericReset
 .text.xQueueGenericCreate
                0x00400ddc       0x58 thirdparty/RTOS/freertos/FreeRTOSV10.0.0/Source/queue.o
                0x00400ddc                xQueueGenericCreate
 .text.xQueueGenericSend
                0x00400e34      0x1bc thirdparty/RTOS/freertos/FreeRTOSV10.0.0/Source/queue.o
                0x00400e34                xQueueGenericSend
 .text.xQueueCreateMutex
                0x00400ff0       0x2c thirdparty/RTOS/freertos/FreeRTOSV10.0.0/Source/queue.o
                0x00400ff0                xQueueCreateMutex
 .text.xQueueGenericSendFromISR
                0x0040101c       0xf4 thirdparty/RTOS/freertos/FreeRTOSV10.0.0/Source/queue.o
                0x0040101c                xQueueGenericSendFromISR
 .text.xQueueReceive
                0x00401110      0x178 thirdparty/RTOS/freertos/FreeRTOSV10.0.0/Source/queue.o
                0x00401110                xQueueReceive
 .text.xQueueSemaphoreTake
                0x00401288      0x1c4 thirdparty/RTOS/freertos/FreeRTOSV10.0.0/Source/queue.o
                0x00401288                xQueueSemaphoreTake
 .text.vQueueWaitForMessageRestricted
                0x0040144c       0x58 thirdparty/RTOS/freertos/FreeRTOSV10.0.0/Source/queue.o
                0x0040144c                vQueueWaitForMessageRestricted
 .text.prvIdleTask
                0x004014a4       0x24 thirdparty/RTOS/freertos/FreeRTOSV10.0.0/Source/tasks.o
 .text.prvResetNextTaskUnblockTime
                0x004014c8       0x20 thirdparty/RTOS/freertos/FreeRTOSV10.0.0/Source/tasks.o
 .text.prvAddCurrentTaskToDelayedList
                0x004014e8       0x6c thirdparty/RTOS/freertos/FreeRTOSV10.0.0/Source/tasks.o
 .text.xTaskCreate
                0x00401554      0x1a0 thirdparty/RTOS/freertos/FreeRTOSV10.0.0/Source/tasks.o
                0x00401554                xTaskCreate
 .text.vTaskStartScheduler
                0x004016f4       0x88 thirdparty/RTOS/freertos/FreeRTOSV10.0.0/Source/tasks.o
                0x004016f4                vTaskStartScheduler
 .text.vTaskSuspendAll
                0x0040177c       0x14 thirdparty/RTOS/freertos/FreeRTOSV10.0.0/Source/tasks.o
                0x0040177c                vTaskSuspendAll
 .text.xTaskGetTickCount
                0x00401790        0xc thirdparty/RTOS/freertos/FreeRTOSV10.0.0/Source/tasks.o
                0x00401790                xTaskGetTickCount
 .text.xTaskIncrementTick
                0x0040179c       0xf0 thirdparty/RTOS/freertos/FreeRTOSV10.0.0/Source/tasks.o
                0x0040179c                xTaskIncrementTick
 .text.xTaskResumeAll
                0x0040188c       0xf0 thirdparty/RTOS/freertos/FreeRTOSV10.0.0/Source/tasks.o
                0x0040188c                xTaskResumeAll
 .text.vTaskDelay
                0x0040197c       0x5c thirdparty/RTOS/freertos/FreeRTOSV10.0.0/Source/tasks.o
                0x0040197c                vTaskDelay
 .text.vTaskSwitchContext
                0x004019d8       0x6c thirdparty/RTOS/freertos/FreeRTOSV10.0.0/Source/tasks.o
                0x004019d8                vTaskSwitchContext
 .text.vTaskPlaceOnEventList
                0x00401a44       0x40 thirdparty/RTOS/freertos/FreeRTOSV10.0.0/Source/tasks.o
                0x00401a44                vTaskPlaceOnEventList
 .text.vTaskPlaceOnEventListRestricted
                0x00401a84       0x48 thirdparty/RTOS/freertos/FreeRTOSV10.0.0/Source/tasks.o
                0x00401a84                vTaskPlaceOnEventListRestricted
 .text.xTaskRemoveFromEventList
                0x00401acc       0x8c thirdparty/RTOS/freertos/FreeRTOSV10.0.0/Source/tasks.o
                0x00401acc                xTaskRemoveFromEventList
 .text.vTaskInternalSetTimeOutState
                0x00401b58       0x14 thirdparty/RTOS/freertos/FreeRTOSV10.0.0/Source/tasks.o
                0x00401b58                vTaskInternalSetTimeOutState
 .text.xTaskCheckForTimeOut
                0x00401b6c       0x88 thirdparty/RTOS/freertos/FreeRTOSV10.0.0/Source/tasks.o
                0x00401b6c                xTaskCheckForTimeOut
 .text.vTaskMissedYield
                0x00401bf4       0x10 thirdparty/RTOS/freertos/FreeRTOSV10.0.0/Source/tasks.o
                0x00401bf4                vTaskMissedYield
 .text.xTaskGetSchedulerState
                0x00401c04       0x20 thirdparty/RTOS/freertos/FreeRTOSV10.0.0/Source/tasks.o
                0x00401c04                xTaskGetSchedulerState
 .text.xTaskPriorityInherit
                0x00401c24       0x84 thirdparty/RTOS/freertos/FreeRTOSV10.0.0/Source/tasks.o
                0x00401c24                xTaskPriorityInherit
 .text.xTaskPriorityDisinherit
                0x00401ca8       0x8c thirdparty/RTOS/freertos/FreeRTOSV10.0.0/Source/tasks.o
                0x00401ca8                xTaskPriorityDisinherit
 .text.vTaskPriorityDisinheritAfterTimeout
                0x00401d34       0xa4 thirdparty/RTOS/freertos/FreeRTOSV10.0.0/Source/tasks.o
                0x00401d34                vTaskPriorityDisinheritAfterTimeout
 .text.pvTaskIncrementMutexHeldCount
                0x00401dd8       0x18 thirdparty/RTOS/freertos/FreeRTOSV10.0.0/Source/tasks.o
                0x00401dd8                pvTaskIncrementMutexHeldCount
 .text.prvCheckForValidListAndQueue
                0x00401df0       0x4c thirdparty/RTOS/freertos/FreeRTOSV10.0.0/Source/timers.o
 .text.prvInsertTimerInActiveList
                0x00401e3c       0x3c thirdparty/RTOS/freertos/FreeRTOSV10.0.0/Source/timers.o
 .text.xTimerCreateTimerTask
                0x00401e78       0x54 thirdparty/RTOS/freertos/FreeRTOSV10.0.0/Source/timers.o
                0x00401e78                xTimerCreateTimerTask
 .text.xTimerGenericCommand
                0x00401ecc       0x68 thirdparty/RTOS/freertos/FreeRTOSV10.0.0/Source/timers.o
                0x00401ecc                xTimerGenericCommand
 .text.prvSwitchTimerLists
                0x00401f34       0x84 thirdparty/RTOS/freertos/FreeRTOSV10.0.0/Source/timers.o
 .text.prvTimerTask
                0x00401fb8      0x1d4 thirdparty/RTOS/freertos/FreeRTOSV10.0.0/Source/timers.o
 .text.__libc_init_array
                0x0040218c       0x48 c:/program files (x86)/atmel/studio/7.0/toolchain/arm/arm-gnu-toolchain/bin/../lib/gcc/arm-none-eabi/6.3.1/../../../../arm-none-eabi/lib/thumb/v7e-m\libc_nano.a(lib_a-init.o)
                0x0040218c                __libc_init_array
 .text.memcpy   0x004021d4       0x16 c:/program files (x86)/atmel/studio/7.0/toolchain/arm/arm-gnu-toolchain/bin/../lib/gcc/arm-none-eabi/6.3.1/../../../../arm-none-eabi/lib/thumb/v7e-m\libc_nano.a(lib_a-memcpy-stub.o)
                0x004021d4                memcpy
 .text.memset   0x004021ea       0x10 c:/program files (x86)/atmel/studio/7.0/toolchain/arm/arm-gnu-toolchain/bin/../lib/gcc/arm-none-eabi/6.3.1/../../../../arm-none-eabi/lib/thumb/v7e-m\libc_nano.a(lib_a-memset.o)
                0x004021ea                memset
 *(.glue_7t)
 .glue_7t       0x004021fa        0x0 linker stubs
 *(.glue_7)
 .glue_7        0x004021fa        0x0 linker stubs
 *(.rodata .rodata* .gnu.linkonce.r.*)
 *fill*         0x004021fa        0x2 
 .rodata        0x004021fc       0x11 hpl/uart/hpl_uart.o
 .rodata.str1.1
                0x0040220d      0x123 main.o
 .rodata.str1.1
                0x00402330       0x14 thirdparty/RTOS/freertos/FreeRTOSV10.0.0/Source/tasks.o
 .rodata.str1.1
                0x00402344        0x8 thirdparty/RTOS/freertos/FreeRTOSV10.0.0/Source/timers.o
 *(.ARM.extab* .gnu.linkonce.armextab.*)
                0x0040234c                . = ALIGN (0x4)
 *(.init)
 .init          0x0040234c        0x4 c:/program files (x86)/atmel/studio/7.0/toolchain/arm/arm-gnu-toolchain/bin/../lib/gcc/arm-none-eabi/6.3.1/thumb/v7e-m/crti.o
                0x0040234c                _init
 .init          0x00402350        0x8 c:/program files (x86)/atmel/studio/7.0/toolchain/arm/arm-gnu-toolchain/bin/../lib/gcc/arm-none-eabi/6.3.1/thumb/v7e-m/crtn.o
                0x00402358                . = ALIGN (0x4)
                0x00402358                __preinit_array_start = .
 *(.preinit_array)
                0x00402358                __preinit_array_end = .
                0x00402358                . = ALIGN (0x4)
                0x00402358                __init_array_start = .
 *(SORT(.init_array.*))
 *(.init_array)
 .init_array    0x00402358        0x4 c:/program files (x86)/atmel/studio/7.0/toolchain/arm/arm-gnu-toolchain/bin/../lib/gcc/arm-none-eabi/6.3.1/thumb/v7e-m/crtbegin.o
                0x0040235c                __init_array_end = .
                0x0040235c                . = ALIGN (0x4)
 *crtbegin.o(.ctors)
 *(EXCLUDE_FILE(*crtend.o) .ctors)
 *(SORT(.ctors.*))
 *crtend.o(.ctors)
                0x0040235c                . = ALIGN (0x4)
 *(.fini)
 .fini          0x0040235c        0x4 c:/program files (x86)/atmel/studio/7.0/toolchain/arm/arm-gnu-toolchain/bin/../lib/gcc/arm-none-eabi/6.3.1/thumb/v7e-m/crti.o
                0x0040235c                _fini
 .fini          0x00402360        0x8 c:/program files (x86)/atmel/studio/7.0/toolchain/arm/arm-gnu-toolchain/bin/../lib/gcc/arm-none-eabi/6.3.1/thumb/v7e-m/crtn.o
                0x00402368                . = ALIGN (0x4)
                0x00402368                __fini_array_start = .
 *(.fini_array)
 .fini_array    0x00402368        0x4 c:/program files (x86)/atmel/studio/7.0/toolchain/arm/arm-gnu-toolchain/bin/../lib/gcc/arm-none-eabi/6.3.1/thumb/v7e-m/crtbegin.o
 *(SORT(.fini_array.*))
                0x0040236c                __fini_array_end = .
 *crtbegin.o(.dtors)
 *(EXCLUDE_FILE(*crtend.o) .dtors)
 *(SORT(.dtors.*))
 *crtend.o(.dtors)
                0x0040236c                . = ALIGN (0x4)
                0x0040236c                _efixed = .
                [!provide]                PROVIDE (__exidx_start, .)

.vfp11_veneer   0x0040236c        0x0
 .vfp11_veneer  0x0040236c        0x0 linker stubs

.v4_bx          0x0040236c        0x0
 .v4_bx         0x0040236c        0x0 linker stubs

.iplt           0x0040236c        0x0
 .iplt          0x0040236c        0x0 c:/program files (x86)/atmel/studio/7.0/toolchain/arm/arm-gnu-toolchain/bin/../lib/gcc/arm-none-eabi/6.3.1/thumb/v7e-m/crtbegin.o

.eh_frame       0x0040236c        0x0
 .eh_frame      0x0040236c        0x0 c:/program files (x86)/atmel/studio/7.0/toolchain/arm/arm-gnu-toolchain/bin/../lib/gcc/arm-none-eabi/6.3.1/thumb/v7e-m/crtbegin.o

.rel.dyn        0x0040236c        0x0
 .rel.iplt      0x0040236c        0x0 c:/program files (x86)/atmel/studio/7.0/toolchain/arm/arm-gnu-toolchain/bin/../lib/gcc/arm-none-eabi/6.3.1/thumb/v7e-m/crtbegin.o

.jcr            0x0040236c        0x0
 .jcr           0x0040236c        0x0 c:/program files (x86)/atmel/studio/7.0/toolchain/arm/arm-gnu-toolchain/bin/../lib/gcc/arm-none-eabi/6.3.1/thumb/v7e-m/crtbegin.o

.igot.plt       0x0040236c        0x0
 .igot.plt      0x0040236c        0x0 c:/program files (x86)/atmel/studio/7.0/toolchain/arm/arm-gnu-toolchain/bin/../lib/gcc/arm-none-eabi/6.3.1/thumb/v7e-m/crtbegin.o

.ARM.exidx
 *(.ARM.exidx* .gnu.linkonce.armexidx.*)
                [!provide]                PROVIDE (__exidx_end, .)
                0x0040236c                . = ALIGN (0x4)
                0x0040236c                _etext = .

.relocate       0x20400000        0x4 load address 0x0040236c
                0x20400000                . = ALIGN (0x4)
                0x20400000                _srelocate = .
 *(.ramfunc .ramfunc.*)
 *(.data .data.*)
 .data          0x20400000        0x4 thirdparty/RTOS/freertos/FreeRTOSV10.0.0/Source/portable/GCC/ARM_CM7/port.o
                0x20400004                . = ALIGN (0x4)
                0x20400004                _erelocate = .

.bss            0x20400004      0xb54 load address 0x00402370
                0x20400004                . = ALIGN (0x4)
                0x20400004                _sbss = .
                0x20400004                _szero = .
 *(.bss .bss.*)
 .bss           0x20400004       0x1c c:/program files (x86)/atmel/studio/7.0/toolchain/arm/arm-gnu-toolchain/bin/../lib/gcc/arm-none-eabi/6.3.1/thumb/v7e-m/crtbegin.o
 .bss           0x20400020        0x8 thirdparty/RTOS/freertos/FreeRTOSV10.0.0/Source/portable/GCC/ARM_CM7/port.o
 .bss           0x20400028      0x968 thirdparty/RTOS/freertos/FreeRTOSV10.0.0/Source/portable/MemMang/heap_1.o
 .bss           0x20400990       0xec thirdparty/RTOS/freertos/FreeRTOSV10.0.0/Source/tasks.o
                0x20400a00                pxCurrentTCB
 .bss           0x20400a7c       0x3c thirdparty/RTOS/freertos/FreeRTOSV10.0.0/Source/timers.o
 *(COMMON)
 COMMON         0x20400ab8        0xc driver_init.o
                0x20400ab8                USART_3
 COMMON         0x20400ac4       0x94 main.o
                0x20400ac4                computation_tasks3_id
                0x20400ac8                message
                0x20400b48                io
                0x20400b4c                mutex
                0x20400b50                computation_tasks2_id
                0x20400b54                computation_tasks1_id
                0x20400b58                . = ALIGN (0x4)
                0x20400b58                _ebss = .
                0x20400b58                _ezero = .

.heap           0x20400b58      0x200 load address 0x00402ec4
                0x20400b58                . = ALIGN (0x8)
                0x20400b58                _sheap = .
                0x20400d58                . = (. + HEAP_SIZE)
 *fill*         0x20400b58      0x200 
                0x20400d58                . = ALIGN (0x8)
                0x20400d58                _eheap = .

.stack          0x20400d58      0x400 load address 0x004030c4
                0x20400d58                . = ALIGN (0x8)
                0x20400d58                _sstack = .
                0x20401158                . = (. + STACK_SIZE)
 *fill*         0x20400d58      0x400 
                0x20401158                . = ALIGN (0x8)
                0x20401158                _estack = .
                0x20401158                . = ALIGN (0x4)
                0x20401158                _end = .
                0x2045ffff                _ram_end_ = ((ORIGIN (ram) + LENGTH (ram)) - 0x1)
OUTPUT(RTOS_Runtime_Task(2).elf elf32-littlearm)

.ARM.attributes
                0x00000000       0x2e
 .ARM.attributes
                0x00000000       0x1e c:/program files (x86)/atmel/studio/7.0/toolchain/arm/arm-gnu-toolchain/bin/../lib/gcc/arm-none-eabi/6.3.1/thumb/v7e-m/crti.o
 .ARM.attributes
                0x0000001e       0x2e c:/program files (x86)/atmel/studio/7.0/toolchain/arm/arm-gnu-toolchain/bin/../lib/gcc/arm-none-eabi/6.3.1/thumb/v7e-m/crtbegin.o
 .ARM.attributes
                0x0000004c       0x37 atmel_start.o
 .ARM.attributes
                0x00000083       0x37 Device_Startup/startup_samv71q21b.o
 .ARM.attributes
                0x000000ba       0x37 driver_init.o
 .ARM.attributes
                0x000000f1       0x37 hal/src/hal_atomic.o
 .ARM.attributes
                0x00000128       0x37 hal/src/hal_io.o
 .ARM.attributes
                0x0000015f       0x37 hal/src/hal_usart_sync.o
 .ARM.attributes
                0x00000196       0x37 hpl/core/hpl_init.o
 .ARM.attributes
                0x000001cd       0x37 hpl/pmc/hpl_pmc.o
 .ARM.attributes
                0x00000204       0x37 hpl/uart/hpl_uart.o
 .ARM.attributes
                0x0000023b       0x37 main.o
 .ARM.attributes
                0x00000272       0x37 thirdparty/RTOS/freertos/FreeRTOSV10.0.0/Source/list.o
 .ARM.attributes
                0x000002a9       0x37 thirdparty/RTOS/freertos/FreeRTOSV10.0.0/Source/portable/GCC/ARM_CM7/port.o
 .ARM.attributes
                0x000002e0       0x37 thirdparty/RTOS/freertos/FreeRTOSV10.0.0/Source/portable/MemMang/heap_1.o
 .ARM.attributes
                0x00000317       0x37 thirdparty/RTOS/freertos/FreeRTOSV10.0.0/Source/queue.o
 .ARM.attributes
                0x0000034e       0x37 thirdparty/RTOS/freertos/FreeRTOSV10.0.0/Source/tasks.o
 .ARM.attributes
                0x00000385       0x37 thirdparty/RTOS/freertos/FreeRTOSV10.0.0/Source/timers.o
 .ARM.attributes
                0x000003bc       0x2e c:/program files (x86)/atmel/studio/7.0/toolchain/arm/arm-gnu-toolchain/bin/../lib/gcc/arm-none-eabi/6.3.1/../../../../arm-none-eabi/lib/thumb/v7e-m\libc_nano.a(lib_a-init.o)
 .ARM.attributes
                0x000003ea       0x2e c:/program files (x86)/atmel/studio/7.0/toolchain/arm/arm-gnu-toolchain/bin/../lib/gcc/arm-none-eabi/6.3.1/../../../../arm-none-eabi/lib/thumb/v7e-m\libc_nano.a(lib_a-memcpy-stub.o)
 .ARM.attributes
                0x00000418       0x2e c:/program files (x86)/atmel/studio/7.0/toolchain/arm/arm-gnu-toolchain/bin/../lib/gcc/arm-none-eabi/6.3.1/../../../../arm-none-eabi/lib/thumb/v7e-m\libc_nano.a(lib_a-memset.o)
 .ARM.attributes
                0x00000446       0x1e c:/program files (x86)/atmel/studio/7.0/toolchain/arm/arm-gnu-toolchain/bin/../lib/gcc/arm-none-eabi/6.3.1/thumb/v7e-m/crtn.o

.comment        0x00000000       0x59
 .comment       0x00000000       0x59 atmel_start.o
                                 0x5a (size before relaxing)
 .comment       0x00000059       0x5a Device_Startup/startup_samv71q21b.o
 .comment       0x00000059       0x5a driver_init.o
 .comment       0x00000059       0x5a hal/src/hal_atomic.o
 .comment       0x00000059       0x5a hal/src/hal_io.o
 .comment       0x00000059       0x5a hal/src/hal_usart_sync.o
 .comment       0x00000059       0x5a hpl/core/hpl_init.o
 .comment       0x00000059       0x5a hpl/pmc/hpl_pmc.o
 .comment       0x00000059       0x5a hpl/uart/hpl_uart.o
 .comment       0x00000059       0x5a main.o
 .comment       0x00000059       0x5a thirdparty/RTOS/freertos/FreeRTOSV10.0.0/Source/list.o
 .comment       0x00000059       0x5a thirdparty/RTOS/freertos/FreeRTOSV10.0.0/Source/portable/GCC/ARM_CM7/port.o
 .comment       0x00000059       0x5a thirdparty/RTOS/freertos/FreeRTOSV10.0.0/Source/portable/MemMang/heap_1.o
 .comment       0x00000059       0x5a thirdparty/RTOS/freertos/FreeRTOSV10.0.0/Source/queue.o
 .comment       0x00000059       0x5a thirdparty/RTOS/freertos/FreeRTOSV10.0.0/Source/tasks.o
 .comment       0x00000059       0x5a thirdparty/RTOS/freertos/FreeRTOSV10.0.0/Source/timers.o

.debug_frame    0x00000000       0x74
 .debug_frame   0x00000000       0x2c c:/program files (x86)/atmel/studio/7.0/toolchain/arm/arm-gnu-toolchain/bin/../lib/gcc/arm-none-eabi/6.3.1/../../../../arm-none-eabi/lib/thumb/v7e-m\libc_nano.a(lib_a-init.o)
 .debug_frame   0x0000002c       0x28 c:/program files (x86)/atmel/studio/7.0/toolchain/arm/arm-gnu-toolchain/bin/../lib/gcc/arm-none-eabi/6.3.1/../../../../arm-none-eabi/lib/thumb/v7e-m\libc_nano.a(lib_a-memcpy-stub.o)
 .debug_frame   0x00000054       0x20 c:/program files (x86)/atmel/studio/7.0/toolchain/arm/arm-gnu-toolchain/bin/../lib/gcc/arm-none-eabi/6.3.1/../../../../arm-none-eabi/lib/thumb/v7e-m\libc_nano.a(lib_a-memset.o)
